Component: ARM Compiler 5.06 update 6 (build 750) Tool: armlink [4d35ed]

==============================================================================

Section Cross References

    startup_stm32f103xb.o(RESET) refers to startup_stm32f103xb.o(STACK) for __initial_sp
    startup_stm32f103xb.o(RESET) refers to startup_stm32f103xb.o(.text) for Reset_Handler
    startup_stm32f103xb.o(RESET) refers to stm32f1xx_it.o(i.NMI_Handler) for NMI_Handler
    startup_stm32f103xb.o(RESET) refers to stm32f1xx_it.o(i.HardFault_Handler) for HardFault_Handler
    startup_stm32f103xb.o(RESET) refers to stm32f1xx_it.o(i.MemManage_Handler) for MemManage_Handler
    startup_stm32f103xb.o(RESET) refers to stm32f1xx_it.o(i.BusFault_Handler) for BusFault_Handler
    startup_stm32f103xb.o(RESET) refers to stm32f1xx_it.o(i.UsageFault_Handler) for UsageFault_Handler
    startup_stm32f103xb.o(RESET) refers to port.o(.emb_text) for SVC_Handler
    startup_stm32f103xb.o(RESET) refers to stm32f1xx_it.o(i.DebugMon_Handler) for DebugMon_Handler
    startup_stm32f103xb.o(RESET) refers to stm32f1xx_it.o(i.SysTick_Handler) for SysTick_Handler
    startup_stm32f103xb.o(RESET) refers to stm32f1xx_it.o(i.USB_LP_CAN1_RX0_IRQHandler) for USB_LP_CAN1_RX0_IRQHandler
    startup_stm32f103xb.o(RESET) refers to stm32f1xx_it.o(i.TIM4_IRQHandler) for TIM4_IRQHandler
    startup_stm32f103xb.o(RESET) refers to stm32f1xx_it.o(i.EXTI15_10_IRQHandler) for EXTI15_10_IRQHandler
    startup_stm32f103xb.o(.text) refers to system_stm32f1xx.o(i.SystemInit) for SystemInit
    startup_stm32f103xb.o(.text) refers to entry.o(.ARM.Collect$$$$00000000) for __main
    ssd1306_iic.o(i.ssd1306_DrawPixel) refers to ssd1306_iic.o(.data) for .data
    ssd1306_iic.o(i.ssd1306_DrawPixel) refers to ssd1306_iic.o(.bss) for .bss
    ssd1306_iic.o(i.ssd1306_Fill) refers to ssd1306_iic.o(.bss) for .bss
    ssd1306_iic.o(i.ssd1306_Init) refers to stm32f1xx_hal.o(i.HAL_Delay) for HAL_Delay
    ssd1306_iic.o(i.ssd1306_Init) refers to ssd1306_iic.o(i.ssd1306_WriteCommand) for ssd1306_WriteCommand
    ssd1306_iic.o(i.ssd1306_Init) refers to ssd1306_iic.o(i.ssd1306_Fill) for ssd1306_Fill
    ssd1306_iic.o(i.ssd1306_Init) refers to ssd1306_iic.o(i.ssd1306_UpdateScreen) for ssd1306_UpdateScreen
    ssd1306_iic.o(i.ssd1306_Init) refers to ssd1306_iic.o(.data) for .data
    ssd1306_iic.o(i.ssd1306_SetCursor) refers to ssd1306_iic.o(.data) for .data
    ssd1306_iic.o(i.ssd1306_UpdateScreen) refers to ssd1306_iic.o(i.ssd1306_WriteCommand) for ssd1306_WriteCommand
    ssd1306_iic.o(i.ssd1306_UpdateScreen) refers to stm32f1xx_hal_i2c.o(i.HAL_I2C_Mem_Write) for HAL_I2C_Mem_Write
    ssd1306_iic.o(i.ssd1306_UpdateScreen) refers to ssd1306_iic.o(.bss) for .bss
    ssd1306_iic.o(i.ssd1306_UpdateScreen) refers to i2c.o(.bss) for hi2c1
    ssd1306_iic.o(i.ssd1306_WriteChar) refers to ssd1306_iic.o(i.ssd1306_DrawPixel) for ssd1306_DrawPixel
    ssd1306_iic.o(i.ssd1306_WriteChar) refers to ssd1306_iic.o(.data) for .data
    ssd1306_iic.o(i.ssd1306_WriteCommand) refers to stm32f1xx_hal_i2c.o(i.HAL_I2C_Mem_Write) for HAL_I2C_Mem_Write
    ssd1306_iic.o(i.ssd1306_WriteCommand) refers to i2c.o(.bss) for hi2c1
    ssd1306_iic.o(i.ssd1306_WriteDigits) refers to alg_utils.o(i._itoa) for _itoa
    ssd1306_iic.o(i.ssd1306_WriteDigits) refers to ssd1306_iic.o(i.ssd1306_WriteString) for ssd1306_WriteString
    ssd1306_iic.o(i.ssd1306_WriteFloat) refers to alg_utils.o(i._ftoa) for _ftoa
    ssd1306_iic.o(i.ssd1306_WriteFloat) refers to ssd1306_iic.o(i.ssd1306_WriteString) for ssd1306_WriteString
    ssd1306_iic.o(i.ssd1306_WriteString) refers to ssd1306_iic.o(i.ssd1306_WriteChar) for ssd1306_WriteChar
    alg_utils.o(i._ftoa) refers to ffixi.o(.text) for __aeabi_f2iz
    alg_utils.o(i._ftoa) refers to fflti.o(.text) for __aeabi_i2f
    alg_utils.o(i._ftoa) refers to fadd.o(.text) for __aeabi_fsub
    alg_utils.o(i._ftoa) refers to fmul.o(.text) for __aeabi_fmul
    main.o(i.HAL_GPIO_EXTI_Callback) refers to main.o(.data) for .data
    main.o(i.HAL_TIM_PeriodElapsedCallback) refers to stm32f1xx_hal.o(i.HAL_IncTick) for HAL_IncTick
    main.o(i.SystemClock_Config) refers to stm32f1xx_hal_rcc.o(i.HAL_RCC_OscConfig) for HAL_RCC_OscConfig
    main.o(i.SystemClock_Config) refers to stm32f1xx_hal_rcc.o(i.HAL_RCC_ClockConfig) for HAL_RCC_ClockConfig
    main.o(i.SystemClock_Config) refers to stm32f1xx_hal_rcc_ex.o(i.HAL_RCCEx_PeriphCLKConfig) for HAL_RCCEx_PeriphCLKConfig
    main.o(i.SystemClock_Config) refers to stm32f1xx_hal_rcc.o(i.HAL_RCC_GetHCLKFreq) for HAL_RCC_GetHCLKFreq
    main.o(i.SystemClock_Config) refers to stm32f1xx_hal_cortex.o(i.HAL_SYSTICK_Config) for HAL_SYSTICK_Config
    main.o(i.SystemClock_Config) refers to stm32f1xx_hal_cortex.o(i.HAL_SYSTICK_CLKSourceConfig) for HAL_SYSTICK_CLKSourceConfig
    main.o(i.SystemClock_Config) refers to stm32f1xx_hal_cortex.o(i.HAL_NVIC_SetPriority) for HAL_NVIC_SetPriority
    main.o(i.main) refers to stm32f1xx_hal.o(i.HAL_Init) for HAL_Init
[...]
    ../mathlib/cos.c                         0x00000000   Number         0  cos.o ABSOLUTE
    ../mathlib/cos_i.c                       0x00000000   Number         0  cos_i.o ABSOLUTE
    ../mathlib/dunder.c                      0x00000000   Number         0  dunder.o ABSOLUTE
    ../mathlib/fpclassify.c                  0x00000000   Number         0  fpclassify.o ABSOLUTE
    ../mathlib/poly.c                        0x00000000   Number         0  poly.o ABSOLUTE
    ../mathlib/rred.c                        0x00000000   Number         0  rred.o ABSOLUTE
    ../mathlib/sin.c                         0x00000000   Number         0  sin.o ABSOLUTE
    ../mathlib/sin.c                         0x00000000   Number         0  sin_x.o ABSOLUTE
    ../mathlib/sin_i.c                       0x00000000   Number         0  sin_i_x.o ABSOLUTE
    ../mathlib/sin_i.c                       0x00000000   Number         0  sin_i.o ABSOLUTE
    ..\Bsp\alg\alg_utils.c                   0x00000000   Number         0  alg_utils.o ABSOLUTE
    ..\Bsp\gfx\Adafruit_GFX.c                0x00000000   Number         0  adafruit_gfx.o ABSOLUTE
    ..\Bsp\oled\ssd1306_iic.c                0x00000000   Number         0  ssd1306_iic.o ABSOLUTE
    ..\Drivers\STM32F1xx_HAL_Driver\Src\stm32f1xx_hal.c 0x00000000   Number         0  stm32f1xx_hal.o ABSOLUTE
    ..\Drivers\STM32F1xx_HAL_Driver\Src\stm32f1xx_hal_cortex.c 0x00000000   Number         0  stm32f1xx_hal_cortex.o ABSOLUTE
    ..\Drivers\STM32F1xx_HAL_Driver\Src\stm32f1xx_hal_dma.c 0x00000000   Number         0  stm32f1xx_hal_dma.o ABSOLUTE
    ..\Drivers\STM32F1xx_HAL_Driver\Src\stm32f1xx_hal_flash.c 0x00000000   Number         0  stm32f1xx_hal_flash.o ABSOLUTE
    ..\Drivers\STM32F1xx_HAL_Driver\Src\stm32f1xx_hal_flash_ex.c 0x00000000   Number         0  stm32f1xx_hal_flash_ex.o ABSOLUTE
    ..\Drivers\STM32F1xx_HAL_Driver\Src\stm32f1xx_hal_gpio.c 0x00000000   Number         0  stm32f1xx_hal_gpio.o ABSOLUTE
    ..\Drivers\STM32F1xx_HAL_Driver\Src\stm32f1xx_hal_gpio_ex.c 0x00000000   Number         0  stm32f1xx_hal_gpio_ex.o ABSOLUTE
    ..\Drivers\STM32F1xx_HAL_Driver\Src\stm32f1xx_hal_i2c.c 0x00000000   Number         0  stm32f1xx_hal_i2c.o ABSOLUTE
    ..\Drivers\STM32F1xx_HAL_Driver\Src\stm32f1xx_hal_pcd.c 0x00000000   Number         0  stm32f1xx_hal_pcd.o ABSOLUTE
    ..\Drivers\STM32F1xx_HAL_Driver\Src\stm32f1xx_hal_pcd_ex.c 0x00000000   Number         0  stm32f1xx_hal_pcd_ex.o ABSOLUTE
    ..\Drivers\STM32F1xx_HAL_Driver\Src\stm32f1xx_hal_pwr.c 0x00000000   Number         0  stm32f1xx_hal_pwr.o ABSOLUTE
    ..\Drivers\STM32F1xx_HAL_Driver\Src\stm32f1xx_hal_rcc.c 0x00000000   Number         0  stm32f1xx_hal_rcc.o ABSOLUTE
    ..\Drivers\STM32F1xx_HAL_Driver\Src\stm32f1xx_hal_rcc_ex.c 0x00000000   Number         0  stm32f1xx_hal_rcc_ex.o ABSOLUTE
    ..\Drivers\STM32F1xx_HAL_Driver\Src\stm32f1xx_hal_spi.c 0x00000000   Number         0  stm32f1xx_hal_spi.o ABSOLUTE
    ..\Drivers\STM32F1xx_HAL_Driver\Src\stm32f1xx_hal_spi_ex.c 0x00000000   Number         0  stm32f1xx_hal_spi_ex.o ABSOLUTE
    ..\Drivers\STM32F1xx_HAL_Driver\Src\stm32f1xx_hal_tim.c 0x00000000   Number         0  stm32f1xx_hal_tim.o ABSOLUTE
    ..\Drivers\STM32F1xx_HAL_Driver\Src\stm32f1xx_hal_tim_ex.c 0x00000000   Number         0  stm32f1xx_hal_tim_ex.o ABSOLUTE
    ..\Drivers\STM32F1xx_HAL_Driver\Src\stm32f1xx_hal_uart.c 0x00000000   Number         0  stm32f1xx_hal_uart.o ABSOLUTE
    ..\Drivers\STM32F1xx_HAL_Driver\Src\stm32f1xx_ll_usb.c 0x00000000   Number         0  stm32f1xx_ll_usb.o ABSOLUTE
    ..\Middlewares\ST\STM32_USB_Device_Library\Class\HID\Src\usbd_hid.c 0x00000000   Number         0  usbd_hid.o ABSOLUTE
    ..\Middlewares\ST\STM32_USB_Device_Library\Core\Src\usbd_core.c 0x00000000   Number         0  usbd_core.o ABSOLUTE
    ..\Middlewares\ST\STM32_USB_Device_Library\Core\Src\usbd_ctlreq.c 0x00000000   Number         0  usbd_ctlreq.o ABSOLUTE
    ..\Middlewares\ST\STM32_USB_Device_Library\Core\Src\usbd_ioreq.c 0x00000000   Number         0  usbd_ioreq.o ABSOLUTE
    ..\Middlewares\Third_Party\FreeRTOS\Source\CMSIS_RTOS\cmsis_os.c 0x00000000   Number         0  cmsis_os.o ABSOLUTE
    ..\Middlewares\Third_Party\FreeRTOS\Source\portable\RVDS\ARM_CM3\port.c 0x00000000   Number         0  port.o ABSOLUTE
    ..\Src\freertos.c                        0x00000000   Number         0  freertos.o ABSOLUTE
    ..\Src\gpio.c                            0x00000000   Number         0  gpio.o ABSOLUTE
    ..\Src\i2c.c                             0x00000000   Number         0  i2c.o ABSOLUTE
    ..\Src\main.c                            0x00000000   Number         0  main.o ABSOLUTE
    ..\Src\spi.c                             0x00000000   Number         0  spi.o ABSOLUTE
    ..\Src\stm32f1xx_hal_msp.c               0x00000000   Number         0  stm32f1xx_hal_msp.o ABSOLUTE
    ..\Src\stm32f1xx_hal_timebase_TIM.c      0x00000000   Number         0  stm32f1xx_hal_timebase_tim.o ABSOLUTE
    ..\Src\stm32f1xx_it.c                    0x00000000   Number         0  stm32f1xx_it.o ABSOLUTE
    ..\Src\tim.c                             0x00000000   Number         0  tim.o ABSOLUTE
    ..\Src\usart.c                           0x00000000   Number         0  usart.o ABSOLUTE
    ..\Src\usb_device.c                      0x00000000   Number         0  usb_device.o ABSOLUTE
    ..\Src\usbd_conf.c                       0x00000000   Number         0  usbd_conf.o ABSOLUTE
    ..\Src\usbd_desc.c                       0x00000000   Number         0  usbd_desc.o ABSOLUTE
    ..\\Bsp\\gfx\\Adafruit_GFX.c             0x00000000   Number         0  adafruit_gfx.o ABSOLUTE
    ..\\Bsp\\oled\\ssd1306_iic.c             0x00000000   Number         0  ssd1306_iic.o ABSOLUTE
    ..\\Src\system_stm32f1xx.c               0x00000000   Number         0  system_stm32f1xx.o ABSOLUTE
    dc.s                                     0x00000000   Number         0  dc.o ABSOLUTE
    handlers.s                               0x00000000   Number         0  handlers.o ABSOLUTE
    init.s                                   0x00000000   Number         0  init.o ABSOLUTE
    startup_stm32f103xb.s                    0x00000000   Number         0  startup_stm32f103xb.o ABSOLUTE
    RESET                                    0x08000000   Section      236  startup_stm32f103xb.o(RESET)
    .ARM.Collect$$$$00000000                 0x080000ec   Section        0  entry.o(.ARM.Collect$$$$00000000)
    .ARM.Collect$$$$00000001                 0x080000ec   Section        4  entry2.o(.ARM.Collect$$$$00000001)
    .ARM.Collect$$$$00000004                 0x080000f0   Section        4  entry5.o(.ARM.Collect$$$$00000004)
    .ARM.Collect$$$$00000008                 0x080000f4   Section        0  entry7b.o(.ARM.Collect$$$$00000008)
    .ARM.Collect$$$$0000000A                 0x080000f4   Section        0  entry8b.o(.ARM.Collect$$$$0000000A)
    .ARM.Collect$$$$0000000B                 0x080000f4   Section        8  entry9a.o(.ARM.Collect$$$$0000000B)
    .ARM.Collect$$$$0000000D                 0x080000fc   Section        0  entry10a.o(.ARM.Collect$$$$0000000D)
    .ARM.Collect$$$$0000000F                 0x080000fc   Section        0  entry11a.o(.ARM.Collect$$$$0000000F)
    .ARM.Collect$$$$00002712                 0x080000fc   Section        4  entry2.o(.ARM.Collect$$$$00002712)
    __lit__00000000                          0x080000fc   Data           4  entry2.o(.ARM.Collect$$$$00002712)
    .emb_text                                0x08000100   Section      150  port.o(.emb_text)
    .text                                    0x08000198   Section       36  startup_stm32f103xb.o(.text)
    .text                                    0x080001bc   Section        0  llushr.o(.text)
    .text                                    0x080001dc   Section        0  fadd.o(.text)
    .text                                    0x0800028c   Section        0  fdiv.o(.text)
    .text                                    0x08000308   Section        0  dmul.o(.text)
    .text                                    0x080003ec   Section        0  fflti.o(.text)
    .text                                    0x080003fe   Section        0  ffltui.o(.text)
    .text                                    0x08000408   Section        0  dfixi.o(.text)
    .text                                    0x08000446   Section        0  f2d.o(.text)
    .text                                    0x0800046c   Section        0  fepilogue.o(.text)
    .text                                    0x0800046c   Section        0  iusefp.o(.text)
    .text                                    0x080004da   Section        0  depilogue.o(.text)
    .text                                    0x08000594   Section       36  init.o(.text)
    .text                                    0x080005b8   Section        0  llshl.o(.text)
    .text                                    0x080005d6   Section        0  dadd.o(.text)
    .text                                    0x08000724   Section        0  ddiv.o(.text)
    .text                                    0x08000802   Section        0  dscalb.o(.text)
    .text                                    0x08000830   Section        0  dflti.o(.text)
    .text                                    0x08000852   Section        0  dfltui.o(.text)
    .text                                    0x0800086c   Section        0  llsshr.o(.text)
    i.Adafruit_GFX                           0x08000890   Section        0  adafruit_gfx.o(i.Adafruit_GFX)
    i.Adafruit_GFX_drawFastHLine             0x080008ae   Section        0  adafruit_gfx.o(i.Adafruit_GFX_drawFastHLine)
    i.Adafruit_GFX_drawFastVLine             0x080008c0   Section        0  adafruit_gfx.o(i.Adafruit_GFX_drawFastVLine)
    i.Adafruit_GFX_drawLine                  0x080008d2   Section        0  adafruit_gfx.o(i.Adafruit_GFX_drawLine)
    i.Adafruit_GFX_fillTriangle              0x08000972   Section        0  adafruit_gfx.o(i.Adafruit_GFX_fillTriangle)
    i.Adafruit_GFX_setRotation               0x08000afc   Section        0  adafruit_gfx.o(i.Adafruit_GFX_setRotation)
    i.Adafruit_GFX_setTextColor              0x08000b2c   Section        0  adafruit_gfx.o(i.Adafruit_GFX_setTextColor)
    i.Adafruit_GFX_setTextSize               0x08000b38   Section        0  adafruit_gfx.o(i.Adafruit_GFX_setTextSize)
    i.BusFault_Handler                       0x08000b48   Section        0  stm32f1xx_it.o(i.BusFault_Handler)
    i.DebugMon_Handler                       0x08000b4a   Section        0  stm32f1xx_it.o(i.DebugMon_Handler)
    i.EXTI15_10_IRQHandler                   0x08000b4c   Section        0  stm32f1xx_it.o(i.EXTI15_10_IRQHandler)
    i.HAL_Delay                              0x08000b6c   Section        0  stm32f1xx_hal.o(i.HAL_Delay)
    i.HAL_GPIO_EXTI_Callback                 0x08000b90   Section        0  main.o(i.HAL_GPIO_EXTI_Callback)
    i.HAL_GPIO_EXTI_IRQHandler               0x08000bb8   Section        0  stm32f1xx_hal_gpio.o(i.HAL_GPIO_EXTI_IRQHandler)
    i.HAL_GPIO_Init                          0x08000bd0   Section        0  stm32f1xx_hal_gpio.o(i.HAL_GPIO_Init)
    i.HAL_GPIO_WritePin                      0x08000d8c   Section        0  stm32f1xx_hal_gpio.o(i.HAL_GPIO_WritePin)
    i.HAL_GetTick                            0x08000d98   Section        0  stm32f1xx_hal.o(i.HAL_GetTick)
    i.HAL_I2C_Init                           0x08000da4   Section        0  stm32f1xx_hal_i2c.o(i.HAL_I2C_Init)
    i.HAL_I2C_Mem_Write                      0x08000ee4   Section        0  stm32f1xx_hal_i2c.o(i.HAL_I2C_Mem_Write)
    i.HAL_I2C_MspInit                        0x08001020   Section        0  i2c.o(i.HAL_I2C_MspInit)
    i.HAL_IncTick                            0x08001064   Section        0  stm32f1xx_hal.o(i.HAL_IncTick)
    i.HAL_Init                               0x08001074   Section        0  stm32f1xx_hal.o(i.HAL_Init)
    i.HAL_InitTick                           0x08001098   Section        0  stm32f1xx_hal_timebase_tim.o(i.HAL_InitTick)
    i.HAL_MspInit                            0x0800110c   Section        0  stm32f1xx_hal_msp.o(i.HAL_MspInit)
    i.HAL_NVIC_EnableIRQ                     0x0800119c   Section        0  stm32f1xx_hal_cortex.o(i.HAL_NVIC_EnableIRQ)
    i.HAL_NVIC_SetPriority                   0x080011b4   Section        0  stm32f1xx_hal_cortex.o(i.HAL_NVIC_SetPriority)
    i.HAL_NVIC_SetPriorityGrouping           0x080011f4   Section        0  stm32f1xx_hal_cortex.o(i.HAL_NVIC_SetPriorityGrouping)
    i.HAL_PCD_DataInStageCallback            0x08001218   Section        0  usbd_conf.o(i.HAL_PCD_DataInStageCallback)
    i.HAL_PCD_DataOutStageCallback           0x08001226   Section        0  usbd_conf.o(i.HAL_PCD_DataOutStageCallback)
    i.HAL_PCD_EP_ClrStall                    0x08001236   Section        0  stm32f1xx_hal_pcd.o(i.HAL_PCD_EP_ClrStall)
    i.HAL_PCD_EP_Open                        0x0800127e   Section        0  stm32f1xx_hal_pcd.o(i.HAL_PCD_EP_Open)
    i.HAL_PCD_EP_Receive                     0x080012c2   Section        0  stm32f1xx_hal_pcd.o(i.HAL_PCD_EP_Receive)
    i.HAL_PCD_EP_SetStall                    0x080012f0   Section        0  stm32f1xx_hal_pcd.o(i.HAL_PCD_EP_SetStall)
    i.HAL_PCD_EP_Transmit                    0x08001346   Section        0  stm32f1xx_hal_pcd.o(i.HAL_PCD_EP_Transmit)
    i.HAL_PCD_IRQHandler                     0x08001370   Section        0  stm32f1xx_hal_pcd.o(i.HAL_PCD_IRQHandler)
    i.HAL_PCD_ResetCallback                  0x0800147c   Section        0  usbd_conf.o(i.HAL_PCD_ResetCallback)
    i.HAL_PCD_ResumeCallback                 0x08001496   Section        0  usbd_conf.o(i.HAL_PCD_ResumeCallback)
    i.HAL_PCD_SOFCallback                    0x0800149e   Section        0  usbd_conf.o(i.HAL_PCD_SOFCallback)
    i.HAL_PCD_SetAddress                     0x080014a6   Section        0  stm32f1xx_hal_pcd.o(i.HAL_PCD_SetAddress)
    i.HAL_PCD_SetupStageCallback             0x080014ce   Section        0  usbd_conf.o(i.HAL_PCD_SetupStageCallback)
    i.HAL_PCD_SuspendCallback                0x080014dc   Section        0  usbd_conf.o(i.HAL_PCD_SuspendCallback)
    i.HAL_RCCEx_PeriphCLKConfig              0x08001500   Section        0  stm32f1xx_hal_rcc_ex.o(i.HAL_RCCEx_PeriphCLKConfig)
    i.HAL_RCC_ClockConfig                    0x080015ec   Section        0  stm32f1xx_hal_rcc.o(i.HAL_RCC_ClockConfig)
    i.HAL_RCC_GetClockConfig                 0x08001740   Section        0  stm32f1xx_hal_rcc.o(i.HAL_RCC_GetClockConfig)
    i.HAL_RCC_GetHCLKFreq                    0x08001780   Section        0  stm32f1xx_hal_rcc.o(i.HAL_RCC_GetHCLKFreq)
    i.HAL_RCC_GetPCLK1Freq                   0x0800178c   Section        0  stm32f1xx_hal_rcc.o(i.HAL_RCC_GetPCLK1Freq)
    i.HAL_RCC_GetSysClockFreq                0x080017ac   Section        0  stm32f1xx_hal_rcc.o(i.HAL_RCC_GetSysClockFreq)
    i.HAL_RCC_OscConfig                      0x08001818   Section        0  stm32f1xx_hal_rcc.o(i.HAL_RCC_OscConfig)
    i.HAL_SYSTICK_CLKSourceConfig            0x08001b1c   Section        0  stm32f1xx_hal_cortex.o(i.HAL_SYSTICK_CLKSourceConfig)
    i.HAL_SYSTICK_Config                     0x08001b34   Section        0  stm32f1xx_hal_cortex.o(i.HAL_SYSTICK_Config)
    i.HAL_TIMEx_BreakCallback                0x08001b5c   Section        0  stm32f1xx_hal_tim_ex.o(i.HAL_TIMEx_BreakCallback)
    i.HAL_TIMEx_CommutationCallback          0x08001b5e   Section        0  stm32f1xx_hal_tim_ex.o(i.HAL_TIMEx_CommutationCallback)
    i.HAL_TIMEx_ConfigBreakDeadTime          0x08001b60   Section        0  stm32f1xx_hal_tim_ex.o(i.HAL_TIMEx_ConfigBreakDeadTime)
    i.HAL_TIMEx_MasterConfigSynchronization  0x08001bba   Section        0  stm32f1xx_hal_tim_ex.o(i.HAL_TIMEx_MasterConfigSynchronization)
    i.HAL_TIM_Base_Init                      0x08001c0a   Section        0  stm32f1xx_hal_tim.o(i.HAL_TIM_Base_Init)
    i.HAL_TIM_Base_MspInit                   0x08001c40   Section        0  stm32f1xx_hal_tim.o(i.HAL_TIM_Base_MspInit)
    i.HAL_TIM_Base_Start_IT                  0x08001c42   Section        0  stm32f1xx_hal_tim.o(i.HAL_TIM_Base_Start_IT)
    i.HAL_TIM_IC_CaptureCallback             0x08001c5a   Section        0  stm32f1xx_hal_tim.o(i.HAL_TIM_IC_CaptureCallback)
    i.HAL_TIM_IRQHandler                     0x08001c5c   Section        0  stm32f1xx_hal_tim.o(i.HAL_TIM_IRQHandler)
    i.HAL_TIM_MspPostInit                    0x08001dc4   Section        0  tim.o(i.HAL_TIM_MspPostInit)
    i.HAL_TIM_OC_DelayElapsedCallback        0x08001dec   Section        0  stm32f1xx_hal_tim.o(i.HAL_TIM_OC_DelayElapsedCallback)
    i.HAL_TIM_PWM_ConfigChannel              0x08001dee   Section        0  stm32f1xx_hal_tim.o(i.HAL_TIM_PWM_ConfigChannel)
    i.HAL_TIM_PWM_Init                       0x08001ebe   Section        0  stm32f1xx_hal_tim.o(i.HAL_TIM_PWM_Init)
    i.HAL_TIM_PWM_MspInit                    0x08001ef4   Section        0  tim.o(i.HAL_TIM_PWM_MspInit)
    i.HAL_TIM_PWM_PulseFinishedCallback      0x08001f1c   Section        0  stm32f1xx_hal_tim.o(i.HAL_TIM_PWM_PulseFinishedCallback)
    i.HAL_TIM_PeriodElapsedCallback          0x08001f20   Section        0  main.o(i.HAL_TIM_PeriodElapsedCallback)
    i.HAL_TIM_TriggerCallback                0x08001f34   Section        0  stm32f1xx_hal_tim.o(i.HAL_TIM_TriggerCallback)
    i.HardFault_Handler                      0x08001f36   Section        0  stm32f1xx_it.o(i.HardFault_Handler)
    i.I2C_IsAcknowledgeFailed                0x08001f38   Section        0  stm32f1xx_hal_i2c.o(i.I2C_IsAcknowledgeFailed)
    I2C_IsAcknowledgeFailed                  0x08001f39   Thumb Code    40  stm32f1xx_hal_i2c.o(i.I2C_IsAcknowledgeFailed)
    i.I2C_RequestMemoryWrite                 0x08001f60   Section        0  stm32f1xx_hal_i2c.o(i.I2C_RequestMemoryWrite)
    I2C_RequestMemoryWrite                   0x08001f61   Thumb Code   156  stm32f1xx_hal_i2c.o(i.I2C_RequestMemoryWrite)
    i.I2C_WaitOnBTFFlagUntilTimeout          0x08002000   Section        0  stm32f1xx_hal_i2c.o(i.I2C_WaitOnBTFFlagUntilTimeout)
    I2C_WaitOnBTFFlagUntilTimeout            0x08002001   Thumb Code    78  stm32f1xx_hal_i2c.o(i.I2C_WaitOnBTFFlagUntilTimeout)
    i.I2C_WaitOnFlagUntilTimeout             0x0800204e   Section        0  stm32f1xx_hal_i2c.o(i.I2C_WaitOnFlagUntilTimeout)
    I2C_WaitOnFlagUntilTimeout               0x0800204f   Thumb Code    96  stm32f1xx_hal_i2c.o(i.I2C_WaitOnFlagUntilTimeout)
    i.I2C_WaitOnMasterAddressFlagUntilTimeout 0x080020b0   Section        0  stm32f1xx_hal_i2c.o(i.I2C_WaitOnMasterAddressFlagUntilTimeout)
    I2C_WaitOnMasterAddressFlagUntilTimeout  0x080020b1   Thumb Code   136  stm32f1xx_hal_i2c.o(i.I2C_WaitOnMasterAddressFlagUntilTimeout)
    i.I2C_WaitOnTXEFlagUntilTimeout          0x08002138   Section        0  stm32f1xx_hal_i2c.o(i.I2C_WaitOnTXEFlagUntilTimeout)
    I2C_WaitOnTXEFlagUntilTimeout            0x08002139   Thumb Code    78  stm32f1xx_hal_i2c.o(i.I2C_WaitOnTXEFlagUntilTimeout)
    i.MX_GPIO_Init                           0x08002188   Section        0  gpio.o(i.MX_GPIO_Init)
    i.MX_I2C1_Init                           0x0800222c   Section        0  i2c.o(i.MX_I2C1_Init)
    i.MX_TIM1_Init                           0x08002280   Section        0  tim.o(i.MX_TIM1_Init)
    i.MemManage_Handler                      0x0800232c   Section        0  stm32f1xx_it.o(i.MemManage_Handler)
    i.NMI_Handler                            0x0800232e   Section        0  stm32f1xx_it.o(i.NMI_Handler)
    i.NVIC_SetPriority                       0x08002330   Section        0  stm32f1xx_hal_cortex.o(i.NVIC_SetPriority)
    NVIC_SetPriority                         0x08002331   Thumb Code    32  stm32f1xx_hal_cortex.o(i.NVIC_SetPriority)
    i.PCD_EP_ISR_Handler                     0x08002350   Section        0  stm32f1xx_hal_pcd.o(i.PCD_EP_ISR_Handler)
    PCD_EP_ISR_Handler                       0x08002351   Thumb Code   866  stm32f1xx_hal_pcd.o(i.PCD_EP_ISR_Handler)
    i.SysTick_Handler                        0x080026b2   Section        0  stm32f1xx_it.o(i.SysTick_Handler)
    i.SystemClock_Config                     0x080026b6   Section        0  main.o(i.SystemClock_Config)
    i.SystemInit                             0x08002730   Section        0  system_stm32f1xx.o(i.SystemInit)
    i.TIM4_IRQHandler                        0x08002778   Section        0  stm32f1xx_it.o(i.TIM4_IRQHandler)
    i.TIM_Base_SetConfig                     0x08002784   Section        0  stm32f1xx_hal_tim.o(i.TIM_Base_SetConfig)
    i.TIM_OC1_SetConfig                      0x080027f0   Section        0  stm32f1xx_hal_tim.o(i.TIM_OC1_SetConfig)
    TIM_OC1_SetConfig                        0x080027f1   Thumb Code    74  stm32f1xx_hal_tim.o(i.TIM_OC1_SetConfig)
    i.TIM_OC2_SetConfig                      0x08002840   Section        0  stm32f1xx_hal_tim.o(i.TIM_OC2_SetConfig)
    i.TIM_OC3_SetConfig                      0x08002898   Section        0  stm32f1xx_hal_tim.o(i.TIM_OC3_SetConfig)
    TIM_OC3_SetConfig                        0x08002899   Thumb Code    82  stm32f1xx_hal_tim.o(i.TIM_OC3_SetConfig)
    i.TIM_OC4_SetConfig                      0x080028f0   Section        0  stm32f1xx_hal_tim.o(i.TIM_OC4_SetConfig)
    TIM_OC4_SetConfig                        0x080028f1   Thumb Code    64  stm32f1xx_hal_tim.o(i.TIM_OC4_SetConfig)
    i.USBD_ClrClassConfig                    0x08002934   Section        0  usbd_core.o(i.USBD_ClrClassConfig)
    i.USBD_CtlContinueRx                     0x08002942   Section        0  usbd_ioreq.o(i.USBD_CtlContinueRx)
    i.USBD_CtlContinueSendData               0x08002952   Section        0  usbd_ioreq.o(i.USBD_CtlContinueSendData)
    i.USBD_CtlError                          0x08002962   Section        0  usbd_ctlreq.o(i.USBD_CtlError)
    i.USBD_CtlReceiveStatus                  0x08002978   Section        0  usbd_ioreq.o(i.USBD_CtlReceiveStatus)
    i.USBD_CtlSendData                       0x0800298e   Section        0  usbd_ioreq.o(i.USBD_CtlSendData)
    i.USBD_CtlSendStatus                     0x080029a8   Section        0  usbd_ioreq.o(i.USBD_CtlSendStatus)
    i.USBD_GetDescriptor                     0x080029be   Section        0  usbd_ctlreq.o(i.USBD_GetDescriptor)
    USBD_GetDescriptor                       0x080029bf   Thumb Code   224  usbd_ctlreq.o(i.USBD_GetDescriptor)
    i.USBD_LL_ClearStallEP                   0x08002a9e   Section        0  usbd_conf.o(i.USBD_LL_ClearStallEP)
    i.USBD_LL_DataInStage                    0x08002abe   Section        0  usbd_core.o(i.USBD_LL_DataInStage)
    i.USBD_LL_DataOutStage                   0x08002b68   Section        0  usbd_core.o(i.USBD_LL_DataOutStage)
    i.USBD_LL_IsStallEP                      0x08002bd2   Section        0  usbd_conf.o(i.USBD_LL_IsStallEP)
    i.USBD_LL_OpenEP                         0x08002bee   Section        0  usbd_conf.o(i.USBD_LL_OpenEP)
    i.USBD_LL_PrepareReceive                 0x08002c14   Section        0  usbd_conf.o(i.USBD_LL_PrepareReceive)
    i.USBD_LL_Reset                          0x08002c34   Section        0  usbd_core.o(i.USBD_LL_Reset)
    i.USBD_LL_Resume                         0x08002c72   Section        0  usbd_core.o(i.USBD_LL_Resume)
    i.USBD_LL_SOF                            0x08002c7e   Section        0  usbd_core.o(i.USBD_LL_SOF)
    i.USBD_LL_SetSpeed                       0x08002c96   Section        0  usbd_core.o(i.USBD_LL_SetSpeed)
    i.USBD_LL_SetUSBAddress                  0x08002c9c   Section        0  usbd_conf.o(i.USBD_LL_SetUSBAddress)
    i.USBD_LL_SetupStage                     0x08002cbc   Section        0  usbd_core.o(i.USBD_LL_SetupStage)
    i.USBD_LL_StallEP                        0x08002d16   Section        0  usbd_conf.o(i.USBD_LL_StallEP)
    i.USBD_LL_Suspend                        0x08002d36   Section        0  usbd_core.o(i.USBD_LL_Suspend)
    i.USBD_LL_Transmit                       0x08002d48   Section        0  usbd_conf.o(i.USBD_LL_Transmit)
    i.USBD_ParseSetupRequest                 0x08002d68   Section        0  usbd_ctlreq.o(i.USBD_ParseSetupRequest)
    i.USBD_SetClassConfig                    0x08002d90   Section        0  usbd_core.o(i.USBD_SetClassConfig)
    i.USBD_SetConfig                         0x08002da8   Section        0  usbd_ctlreq.o(i.USBD_SetConfig)
    USBD_SetConfig                           0x08002da9   Thumb Code   110  usbd_ctlreq.o(i.USBD_SetConfig)
    i.USBD_StdDevReq                         0x08002e1c   Section        0  usbd_ctlreq.o(i.USBD_StdDevReq)
    i.USBD_StdEPReq                          0x08002f0e   Section        0  usbd_ctlreq.o(i.USBD_StdEPReq)
    i.USBD_StdItfReq                         0x08002fea   Section        0  usbd_ctlreq.o(i.USBD_StdItfReq)
    i.USB_ActivateEndpoint                   0x0800301e   Section        0  stm32f1xx_ll_usb.o(i.USB_ActivateEndpoint)
    i.USB_EP0_OutStart                       0x0800327a   Section        0  stm32f1xx_ll_usb.o(i.USB_EP0_OutStart)
    i.USB_EPClearStall                       0x0800327e   Section        0  stm32f1xx_ll_usb.o(i.USB_EPClearStall)
    i.USB_EPSetStall                         0x080032e8   Section        0  stm32f1xx_ll_usb.o(i.USB_EPSetStall)
    i.USB_EPStartXfer                        0x08003334   Section        0  stm32f1xx_ll_usb.o(i.USB_EPStartXfer)
    i.USB_LP_CAN1_RX0_IRQHandler             0x080034e0   Section        0  stm32f1xx_it.o(i.USB_LP_CAN1_RX0_IRQHandler)
    i.USB_ReadInterrupts                     0x080034ec   Section        0  stm32f1xx_ll_usb.o(i.USB_ReadInterrupts)
    i.USB_ReadPMA                            0x080034f4   Section        0  stm32f1xx_ll_usb.o(i.USB_ReadPMA)
    i.USB_SetDevAddress                      0x08003512   Section        0  stm32f1xx_ll_usb.o(i.USB_SetDevAddress)
    i.USB_WritePMA                           0x0800351e   Section        0  stm32f1xx_ll_usb.o(i.USB_WritePMA)
    i.UsageFault_Handler                     0x08003544   Section        0  stm32f1xx_it.o(i.UsageFault_Handler)
    i._Error_Handler                         0x08003546   Section        0  main.o(i._Error_Handler)
    i.__ARM_fpclassify                       0x08003548   Section        0  fpclassify.o(i.__ARM_fpclassify)
    i.__ieee754_rem_pio2                     0x08003570   Section        0  rred.o(i.__ieee754_rem_pio2)
    i.__kernel_cos                           0x080038f8   Section        0  cos_i.o(i.__kernel_cos)
    i.__kernel_poly                          0x080039f4   Section        0  poly.o(i.__kernel_poly)
    i.__kernel_sin                           0x08003aa0   Section        0  sin_i.o(i.__kernel_sin)
    i.__mathlib_dbl_infnan                   0x08003b8c   Section        0  dunder.o(i.__mathlib_dbl_infnan)
    i.__mathlib_dbl_invalid                  0x08003b92   Section        0  dunder.o(i.__mathlib_dbl_invalid)
    i.__mathlib_dbl_underflow                0x08003ba0   Section        0  dunder.o(i.__mathlib_dbl_underflow)
    i.__scatterload_copy                     0x08003bb0   Section       14  handlers.o(i.__scatterload_copy)
    i.__scatterload_null                     0x08003bbe   Section        2  handlers.o(i.__scatterload_null)
    i.__scatterload_zeroinit                 0x08003bc0   Section       14  handlers.o(i.__scatterload_zeroinit)
    i.__set_errno                            0x08003bd0   Section        0  errno.o(i.__set_errno)
    i.cos                                    0x08003bdc   Section        0  cos.o(i.cos)
    i.main                                   0x08003c78   Section        0  main.o(i.main)
    i.osSystickHandler                       0x08004050   Section        0  cmsis_os.o(i.osSystickHandler)
    i.prvResetNextTaskUnblockTime            0x08004064   Section        0  tasks.o(i.prvResetNextTaskUnblockTime)
    prvResetNextTaskUnblockTime              0x08004065   Thumb Code    26  tasks.o(i.prvResetNextTaskUnblockTime)
    i.sin                                    0x08004084   Section        0  sin.o(i.sin)
    i.ssd1306_DrawPixel                      0x08004124   Section        0  ssd1306_iic.o(i.ssd1306_DrawPixel)
    i.ssd1306_Fill                           0x08004164   Section        0  ssd1306_iic.o(i.ssd1306_Fill)
    i.ssd1306_Init                           0x08004184   Section        0  ssd1306_iic.o(i.ssd1306_Init)
    i.ssd1306_UpdateScreen                   0x08004254   Section        0  ssd1306_iic.o(i.ssd1306_UpdateScreen)
    i.ssd1306_WriteCommand                   0x080042a0   Section        0  ssd1306_iic.o(i.ssd1306_WriteCommand)
    ssd1306_WriteCommand                     0x080042a1   Thumb Code    30  ssd1306_iic.o(i.ssd1306_WriteCommand)
    i.uxListRemove                           0x080042c4   Section        0  list.o(i.uxListRemove)
    i.vListInsertEnd                         0x080042e8   Section        0  list.o(i.vListInsertEnd)
    i.vTaskSwitchContext                     0x08004300   Section        0  tasks.o(i.vTaskSwitchContext)
    i.xPortSysTickHandler                    0x0800435c   Section        0  port.o(i.xPortSysTickHandler)
    i.xTaskGetSchedulerState                 0x08004388   Section        0  tasks.o(i.xTaskGetSchedulerState)
    i.xTaskIncrementTick                     0x080043a4   Section        0  tasks.o(i.xTaskIncrementTick)
    .constdata                               0x0800446c   Section       16  system_stm32f1xx.o(.constdata)
    .constdata                               0x0800447c   Section        8  system_stm32f1xx.o(.constdata)
    .constdata                               0x08004488   Section       48  cos_i.o(.constdata)
    C                                        0x08004488   Data          48  cos_i.o(.constdata)
    .constdata                               0x080044b8   Section      200  rred.o(.constdata)
    pio2s                                    0x080044b8   Data          48  rred.o(.constdata)
    twooverpi                                0x080044e8   Data         152  rred.o(.constdata)
    .constdata                               0x08004580   Section       40  sin_i.o(.constdata)
    S                                        0x08004580   Data          40  sin_i.o(.constdata)
    .data                                    0x20000000   Section        6  ssd1306_iic.o(.data)
    SSD1306                                  0x20000000   Data           6  ssd1306_iic.o(.data)
    .data                                    0x20000008   Section       12  main.o(.data)
    .data                                    0x20000014   Section       12  stm32f1xx_hal.o(.data)
    .data                                    0x20000020   Section        4  system_stm32f1xx.o(.data)
    .data                                    0x20000024   Section       60  tasks.o(.data)
    uxDeletedTasksWaitingCleanUp             0x20000028   Data           4  tasks.o(.data)
    uxCurrentNumberOfTasks                   0x2000002c   Data           4  tasks.o(.data)
    xTickCount                               0x20000030   Data           4  tasks.o(.data)
    uxTopReadyPriority                       0x20000034   Data           4  tasks.o(.data)
    xSchedulerRunning                        0x20000038   Data           4  tasks.o(.data)
    uxPendedTicks                            0x2000003c   Data           4  tasks.o(.data)
    xYieldPending                            0x20000040   Data           4  tasks.o(.data)
    xNumOfOverflows                          0x20000044   Data           4  tasks.o(.data)
    uxTaskNumber                             0x20000048   Data           4  tasks.o(.data)
    xNextTaskUnblockTime                     0x2000004c   Data           4  tasks.o(.data)
    xIdleTaskHandle                          0x20000050   Data           4  tasks.o(.data)
    uxSchedulerSuspended                     0x20000054   Data           4  tasks.o(.data)
    pxDelayedTaskList                        0x20000058   Data           4  tasks.o(.data)
    pxOverflowDelayedTaskList                0x2000005c   Data           4  tasks.o(.data)
    .data                                    0x20000060   Section        1  usbd_ctlreq.o(.data)
    cfgidx                                   0x20000060   Data           1  usbd_ctlreq.o(.data)
    .data                                    0x20000062   Section       16  adafruit_gfx.o(.data)
    .data                                    0x20000074   Section        4  errno.o(.data)
    _errno                                   0x20000074   Data           4  errno.o(.data)
    .bss                                     0x20000078   Section     1024  ssd1306_iic.o(.bss)
    SSD1306_Buffer                           0x20000078   Data        1024  ssd1306_iic.o(.bss)
    .bss                                     0x20000478   Section      256  main.o(.bss)
    .bss                                     0x20000578   Section       84  i2c.o(.bss)
    .bss                                     0x200005cc   Section       64  tim.o(.bss)
    .bss                                     0x2000060c   Section     1140  usbd_conf.o(.bss)
    mem                                      0x2000060c   Data          20  usbd_conf.o(.bss)
    .bss                                     0x20000a80   Section       64  stm32f1xx_hal_timebase_tim.o(.bss)
    .bss                                     0x20000ac0   Section      240  tasks.o(.bss)
    pxReadyTasksLists                        0x20000ac0   Data         140  tasks.o(.bss)
    xDelayedTaskList1                        0x20000b4c   Data          20  tasks.o(.bss)
    xDelayedTaskList2                        0x20000b60   Data          20  tasks.o(.bss)
    xPendingReadyList                        0x20000b74   Data          20  tasks.o(.bss)
    xTasksWaitingTermination                 0x20000b88   Data          20  tasks.o(.bss)
    xSuspendedTaskList                       0x20000b9c   Data          20  tasks.o(.bss)
    STACK                                    0x20000bb0   Section     1024  startup_stm32f103xb.o(STACK)

    Global Symbols

    Symbol Name                              Value     Ov Type        Size  Object(Section)

    BuildAttributes$$THM_ISAv4$P$D$K$B$S$PE$A:L22UL41UL21$X:L11$S22US41US21$IEEE1$IW$USESV6$~STKCKD$USESV7$~SHL$OTIME$ROPI$IEEEX$EBA8$MICROLIB$REQ8$PRES8$EABIv2 0x00000000   Number         0  anon$$obj.o ABSOLUTE
    __ARM_use_no_argv                        0x00000000   Number         0  main.o ABSOLUTE
    __cpp_initialize__aeabi_                  - Undefined Weak Reference
    __cxa_finalize                            - Undefined Weak Reference
    __decompress                              - Undefined Weak Reference
    _clock_init                               - Undefined Weak Reference
    _microlib_exit                            - Undefined Weak Reference
    __Vectors_Size                           0x000000ec   Number         0  startup_stm32f103xb.o ABSOLUTE
    __Vectors                                0x08000000   Data           4  startup_stm32f103xb.o(RESET)
    __Vectors_End                            0x080000ec   Data           0  startup_stm32f103xb.o(RESET)
    __main                                   0x080000ed   Thumb Code     0  entry.o(.ARM.Collect$$$$00000000)
    _main_stk                                0x080000ed   Thumb Code     0  entry2.o(.ARM.Collect$$$$00000001)
    _main_scatterload                        0x080000f1   Thumb Code     0  entry5.o(.ARM.Collect$$$$00000004)
    __main_after_scatterload                 0x080000f5   Thumb Code     0  entry5.o(.ARM.Collect$$$$00000004)
    _main_clock                              0x080000f5   Thumb Code     0  entry7b.o(.ARM.Collect$$$$00000008)
    _main_cpp_init                           0x080000f5   Thumb Code     0  entry8b.o(.ARM.Collect$$$$0000000A)
    _main_init                               0x080000f5   Thumb Code     0  entry9a.o(.ARM.Collect$$$$0000000B)
    __rt_final_cpp                           0x080000fd   Thumb Code     0  entry10a.o(.ARM.Collect$$$$0000000D)
    __rt_final_exit                          0x080000fd   Thumb Code     0  entry11a.o(.ARM.Collect$$$$0000000F)
    SVC_Handler                              0x08000101   Thumb Code    32  port.o(.emb_text)
    __asm___6_port_c_39a90d8d__prvStartFirstTask 0x08000125   Thumb Code    28  port.o(.emb_text)
    PendSV_Handler                           0x08000145   Thumb Code    72  port.o(.emb_text)
    vPortGetIPSR                             0x08000191   Thumb Code     6  port.o(.emb_text)
    Reset_Handler                            0x08000199   Thumb Code     8  startup_stm32f103xb.o(.text)
    ADC1_2_IRQHandler                        0x080001b3   Thumb Code     0  startup_stm32f103xb.o(.text)
    CAN1_RX1_IRQHandler                      0x080001b3   Thumb Code     0  startup_stm32f103xb.o(.text)
    CAN1_SCE_IRQHandler                      0x080001b3   Thumb Code     0  startup_stm32f103xb.o(.text)
    DMA1_Channel1_IRQHandler                 0x080001b3   Thumb Code     0  startup_stm32f103xb.o(.text)
    DMA1_Channel2_IRQHandler                 0x080001b3   Thumb Code     0  startup_stm32f103xb.o(.text)
    DMA1_Channel3_IRQHandler                 0x080001b3   Thumb Code     0  startup_stm32f103xb.o(.text)
    DMA1_Channel4_IRQHandler                 0x080001b3   Thumb Code     0  startup_stm32f103xb.o(.text)
    DMA1_Channel5_IRQHandler                 0x080001b3   Thumb Code     0  startup_stm32f103xb.o(.text)
    DMA1_Channel6_IRQHandler                 0x080001b3   Thumb Code     0  startup_stm32f103xb.o(.text)
    DMA1_Channel7_IRQHandler                 0x080001b3   Thumb Code     0  startup_stm32f103xb.o(.text)
    EXTI0_IRQHandler                         0x080001b3   Thumb Code     0  startup_stm32f103xb.o(.text)
    EXTI1_IRQHandler                         0x080001b3   Thumb Code     0  startup_stm32f103xb.o(.text)
    EXTI2_IRQHandler                         0x080001b3   Thumb Code     0  startup_stm32f103xb.o(.text)
    EXTI3_IRQHandler                         0x080001b3   Thumb Code     0  startup_stm32f103xb.o(.text)
    EXTI4_IRQHandler                         0x080001b3   Thumb Code     0  startup_stm32f103xb.o(.text)
    EXTI9_5_IRQHandler                       0x080001b3   Thumb Code     0  startup_stm32f103xb.o(.text)
    FLASH_IRQHandler                         0x080001b3   Thumb Code     0  startup_stm32f103xb.o(.text)
    I2C1_ER_IRQHandler                       0x080001b3   Thumb Code     0  startup_stm32f103xb.o(.text)
    I2C1_EV_IRQHandler                       0x080001b3   Thumb Code     0  startup_stm32f103xb.o(.text)
    I2C2_ER_IRQHandler                       0x080001b3   Thumb Code     0  startup_stm32f103xb.o(.text)
    I2C2_EV_IRQHandler                       0x080001b3   Thumb Code     0  startup_stm32f103xb.o(.text)
    PVD_IRQHandler                           0x080001b3   Thumb Code     0  startup_stm32f103xb.o(.text)
    RCC_IRQHandler                           0x080001b3   Thumb Code     0  startup_stm32f103xb.o(.text)
    RTC_Alarm_IRQHandler                     0x080001b3   Thumb Code     0  startup_stm32f103xb.o(.text)
    RTC_IRQHandler                           0x080001b3   Thumb Code     0  startup_stm32f103xb.o(.text)
    SPI1_IRQHandler                          0x080001b3   Thumb Code     0  startup_stm32f103xb.o(.text)
    SPI2_IRQHandler                          0x080001b3   Thumb Code     0  startup_stm32f103xb.o(.text)
    TAMPER_IRQHandler                        0x080001b3   Thumb Code     0  startup_stm32f103xb.o(.text)
    TIM1_BRK_IRQHandler                      0x080001b3   Thumb Code     0  startup_stm32f103xb.o(.text)
    TIM1_CC_IRQHandler                       0x080001b3   Thumb Code     0  startup_stm32f103xb.o(.text)
    TIM1_TRG_COM_IRQHandler                  0x080001b3   Thumb Code     0  startup_stm32f103xb.o(.text)
    TIM1_UP_IRQHandler                       0x080001b3   Thumb Code     0  startup_stm32f103xb.o(.text)
    TIM2_IRQHandler                          0x080001b3   Thumb Code     0  startup_stm32f103xb.o(.text)
    TIM3_IRQHandler                          0x080001b3   Thumb Code     0  startup_stm32f103xb.o(.text)
    USART1_IRQHandler                        0x080001b3   Thumb Code     0  startup_stm32f103xb.o(.text)
    USART2_IRQHandler                        0x080001b3   Thumb Code     0  startup_stm32f103xb.o(.text)
    USART3_IRQHandler                        0x080001b3   Thumb Code     0  startup_stm32f103xb.o(.text)
    USBWakeUp_IRQHandler                     0x080001b3   Thumb Code     0  startup_stm32f103xb.o(.text)
    USB_HP_CAN1_TX_IRQHandler                0x080001b3   Thumb Code     0  startup_stm32f103xb.o(.text)
    WWDG_IRQHandler                          0x080001b3   Thumb Code     0  startup_stm32f103xb.o(.text)
    __aeabi_llsr                             0x080001bd   Thumb Code    32  llushr.o(.text)
    _ll_ushift_r                             0x080001bd   Thumb Code     0  llushr.o(.text)
    __aeabi_fadd                             0x080001dd   Thumb Code   164  fadd.o(.text)
    __aeabi_fsub                             0x08000281   Thumb Code     6  fadd.o(.text)
    __aeabi_frsub                            0x08000287   Thumb Code     6  fadd.o(.text)
    __aeabi_fdiv                             0x0800028d   Thumb Code   124  fdiv.o(.text)
    __aeabi_dmul                             0x08000309   Thumb Code   228  dmul.o(.text)
    __aeabi_i2f                              0x080003ed   Thumb Code    18  fflti.o(.text)
    __aeabi_ui2f                             0x080003ff   Thumb Code    10  ffltui.o(.text)
    __aeabi_d2iz                             0x08000409   Thumb Code    62  dfixi.o(.text)
    __aeabi_f2d                              0x08000447   Thumb Code    38  f2d.o(.text)
    __I$use$fp                               0x0800046d   Thumb Code     0  iusefp.o(.text)
    _float_round                             0x0800046d   Thumb Code    18  fepilogue.o(.text)
    _float_epilogue                          0x0800047f   Thumb Code    92  fepilogue.o(.text)
    _double_round                            0x080004db   Thumb Code    30  depilogue.o(.text)
    _double_epilogue                         0x080004f9   Thumb Code   156  depilogue.o(.text)
    __scatterload                            0x08000595   Thumb Code    28  init.o(.text)
    __scatterload_rt2                        0x08000595   Thumb Code     0  init.o(.text)
    __aeabi_llsl                             0x080005b9   Thumb Code    30  llshl.o(.text)
    _ll_shift_l                              0x080005b9   Thumb Code     0  llshl.o(.text)
    __aeabi_dadd                             0x080005d7   Thumb Code   322  dadd.o(.text)
    __aeabi_dsub                             0x08000719   Thumb Code     6  dadd.o(.text)
    __aeabi_drsub                            0x0800071f   Thumb Code     6  dadd.o(.text)
    __aeabi_ddiv                             0x08000725   Thumb Code   222  ddiv.o(.text)
    __ARM_scalbn                             0x08000803   Thumb Code    46  dscalb.o(.text)
    scalbn                                   0x08000803   Thumb Code     0  dscalb.o(.text)
    __aeabi_i2d                              0x08000831   Thumb Code    34  dflti.o(.text)
    __aeabi_ui2d                             0x08000853   Thumb Code    26  dfltui.o(.text)
    __aeabi_lasr                             0x0800086d   Thumb Code    36  llsshr.o(.text)
    _ll_sshift_r                             0x0800086d   Thumb Code     0  llsshr.o(.text)
    Adafruit_GFX                             0x08000891   Thumb Code    30  adafruit_gfx.o(i.Adafruit_GFX)
    Adafruit_GFX_drawFastHLine               0x080008af   Thumb Code    18  adafruit_gfx.o(i.Adafruit_GFX_drawFastHLine)
    Adafruit_GFX_drawFastVLine               0x080008c1   Thumb Code    18  adafruit_gfx.o(i.Adafruit_GFX_drawFastVLine)
    Adafruit_GFX_drawLine                    0x080008d3   Thumb Code   160  adafruit_gfx.o(i.Adafruit_GFX_drawLine)
    Adafruit_GFX_fillTriangle                0x08000973   Thumb Code   392  adafruit_gfx.o(i.Adafruit_GFX_fillTriangle)
    Adafruit_GFX_setRotation                 0x08000afd   Thumb Code    42  adafruit_gfx.o(i.Adafruit_GFX_setRotation)
    Adafruit_GFX_setTextColor                0x08000b2d   Thumb Code     8  adafruit_gfx.o(i.Adafruit_GFX_setTextColor)
    Adafruit_GFX_setTextSize                 0x08000b39   Thumb Code    10  adafruit_gfx.o(i.Adafruit_GFX_setTextSize)
    BusFault_Handler                         0x08000b49   Thumb Code     2  stm32f1xx_it.o(i.BusFault_Handler)
    DebugMon_Handler                         0x08000b4b   Thumb Code     2  stm32f1xx_it.o(i.DebugMon_Handler)
    EXTI15_10_IRQHandler                     0x08000b4d   Thumb Code    30  stm32f1xx_it.o(i.EXTI15_10_IRQHandler)
    HAL_Delay                                0x08000b6d   Thumb Code    32  stm32f1xx_hal.o(i.HAL_Delay)
    HAL_GPIO_EXTI_Callback                   0x08000b91   Thumb Code    34  main.o(i.HAL_GPIO_EXTI_Callback)
    HAL_GPIO_EXTI_IRQHandler                 0x08000bb9   Thumb Code    18  stm32f1xx_hal_gpio.o(i.HAL_GPIO_EXTI_IRQHandler)
    HAL_GPIO_Init                            0x08000bd1   Thumb Code   408  stm32f1xx_hal_gpio.o(i.HAL_GPIO_Init)
    HAL_GPIO_WritePin                        0x08000d8d   Thumb Code    10  stm32f1xx_hal_gpio.o(i.HAL_GPIO_WritePin)
    HAL_GetTick                              0x08000d99   Thumb Code     6  stm32f1xx_hal.o(i.HAL_GetTick)
    HAL_I2C_Init                             0x08000da5   Thumb Code   302  stm32f1xx_hal_i2c.o(i.HAL_I2C_Init)
    HAL_I2C_Mem_Write                        0x08000ee5   Thumb Code   306  stm32f1xx_hal_i2c.o(i.HAL_I2C_Mem_Write)
    HAL_I2C_MspInit                          0x08001021   Thumb Code    54  i2c.o(i.HAL_I2C_MspInit)
    HAL_IncTick                              0x08001065   Thumb Code    12  stm32f1xx_hal.o(i.HAL_IncTick)
    HAL_Init                                 0x08001075   Thumb Code    32  stm32f1xx_hal.o(i.HAL_Init)
    HAL_InitTick                             0x08001099   Thumb Code   100  stm32f1xx_hal_timebase_tim.o(i.HAL_InitTick)
    HAL_MspInit                              0x0800110d   Thumb Code   134  stm32f1xx_hal_msp.o(i.HAL_MspInit)
    HAL_NVIC_EnableIRQ                       0x0800119d   Thumb Code    22  stm32f1xx_hal_cortex.o(i.HAL_NVIC_EnableIRQ)
    HAL_NVIC_SetPriority                     0x080011b5   Thumb Code    60  stm32f1xx_hal_cortex.o(i.HAL_NVIC_SetPriority)
    HAL_NVIC_SetPriorityGrouping             0x080011f5   Thumb Code    26  stm32f1xx_hal_cortex.o(i.HAL_NVIC_SetPriorityGrouping)
    HAL_PCD_DataInStageCallback              0x08001219   Thumb Code    14  usbd_conf.o(i.HAL_PCD_DataInStageCallback)
    HAL_PCD_DataOutStageCallback             0x08001227   Thumb Code    16  usbd_conf.o(i.HAL_PCD_DataOutStageCallback)
    HAL_PCD_EP_ClrStall                      0x08001237   Thumb Code    72  stm32f1xx_hal_pcd.o(i.HAL_PCD_EP_ClrStall)
    HAL_PCD_EP_Open                          0x0800127f   Thumb Code    68  stm32f1xx_hal_pcd.o(i.HAL_PCD_EP_Open)
    HAL_PCD_EP_Receive                       0x080012c3   Thumb Code    46  stm32f1xx_hal_pcd.o(i.HAL_PCD_EP_Receive)
    HAL_PCD_EP_SetStall                      0x080012f1   Thumb Code    86  stm32f1xx_hal_pcd.o(i.HAL_PCD_EP_SetStall)
    HAL_PCD_EP_Transmit                      0x08001347   Thumb Code    42  stm32f1xx_hal_pcd.o(i.HAL_PCD_EP_Transmit)
    HAL_PCD_IRQHandler                       0x08001371   Thumb Code   268  stm32f1xx_hal_pcd.o(i.HAL_PCD_IRQHandler)
    HAL_PCD_ResetCallback                    0x0800147d   Thumb Code    26  usbd_conf.o(i.HAL_PCD_ResetCallback)
    HAL_PCD_ResumeCallback                   0x08001497   Thumb Code     8  usbd_conf.o(i.HAL_PCD_ResumeCallback)
    HAL_PCD_SOFCallback                      0x0800149f   Thumb Code     8  usbd_conf.o(i.HAL_PCD_SOFCallback)
    HAL_PCD_SetAddress                       0x080014a7   Thumb Code    40  stm32f1xx_hal_pcd.o(i.HAL_PCD_SetAddress)
    HAL_PCD_SetupStageCallback               0x080014cf   Thumb Code    14  usbd_conf.o(i.HAL_PCD_SetupStageCallback)
    HAL_PCD_SuspendCallback                  0x080014dd   Thumb Code    30  usbd_conf.o(i.HAL_PCD_SuspendCallback)
    HAL_RCCEx_PeriphCLKConfig                0x08001501   Thumb Code   224  stm32f1xx_hal_rcc_ex.o(i.HAL_RCCEx_PeriphCLKConfig)
    HAL_RCC_ClockConfig                      0x080015ed   Thumb Code   322  stm32f1xx_hal_rcc.o(i.HAL_RCC_ClockConfig)
    HAL_RCC_GetClockConfig                   0x08001741   Thumb Code    54  stm32f1xx_hal_rcc.o(i.HAL_RCC_GetClockConfig)
    HAL_RCC_GetHCLKFreq                      0x08001781   Thumb Code     6  stm32f1xx_hal_rcc.o(i.HAL_RCC_GetHCLKFreq)
    HAL_RCC_GetPCLK1Freq                     0x0800178d   Thumb Code    20  stm32f1xx_hal_rcc.o(i.HAL_RCC_GetPCLK1Freq)
    HAL_RCC_GetSysClockFreq                  0x080017ad   Thumb Code    74  stm32f1xx_hal_rcc.o(i.HAL_RCC_GetSysClockFreq)
    HAL_RCC_OscConfig                        0x08001819   Thumb Code   750  stm32f1xx_hal_rcc.o(i.HAL_RCC_OscConfig)
    HAL_SYSTICK_CLKSourceConfig              0x08001b1d   Thumb Code    24  stm32f1xx_hal_cortex.o(i.HAL_SYSTICK_CLKSourceConfig)
    HAL_SYSTICK_Config                       0x08001b35   Thumb Code    40  stm32f1xx_hal_cortex.o(i.HAL_SYSTICK_Config)
    HAL_TIMEx_BreakCallback                  0x08001b5d   Thumb Code     2  stm32f1xx_hal_tim_ex.o(i.HAL_TIMEx_BreakCallback)
    HAL_TIMEx_CommutationCallback            0x08001b5f   Thumb Code     2  stm32f1xx_hal_tim_ex.o(i.HAL_TIMEx_CommutationCallback)
    HAL_TIMEx_ConfigBreakDeadTime            0x08001b61   Thumb Code    90  stm32f1xx_hal_tim_ex.o(i.HAL_TIMEx_ConfigBreakDeadTime)
    HAL_TIMEx_MasterConfigSynchronization    0x08001bbb   Thumb Code    80  stm32f1xx_hal_tim_ex.o(i.HAL_TIMEx_MasterConfigSynchronization)
    HAL_TIM_Base_Init                        0x08001c0b   Thumb Code    54  stm32f1xx_hal_tim.o(i.HAL_TIM_Base_Init)
    HAL_TIM_Base_MspInit                     0x08001c41   Thumb Code     2  stm32f1xx_hal_tim.o(i.HAL_TIM_Base_MspInit)
    HAL_TIM_Base_Start_IT                    0x08001c43   Thumb Code    24  stm32f1xx_hal_tim.o(i.HAL_TIM_Base_Start_IT)
    HAL_TIM_IC_CaptureCallback               0x08001c5b   Thumb Code     2  stm32f1xx_hal_tim.o(i.HAL_TIM_IC_CaptureCallback)
    HAL_TIM_IRQHandler                       0x08001c5d   Thumb Code   358  stm32f1xx_hal_tim.o(i.HAL_TIM_IRQHandler)
    HAL_TIM_MspPostInit                      0x08001dc5   Thumb Code    30  tim.o(i.HAL_TIM_MspPostInit)
    HAL_TIM_OC_DelayElapsedCallback          0x08001ded   Thumb Code     2  stm32f1xx_hal_tim.o(i.HAL_TIM_OC_DelayElapsedCallback)
    HAL_TIM_PWM_ConfigChannel                0x08001def   Thumb Code   208  stm32f1xx_hal_tim.o(i.HAL_TIM_PWM_ConfigChannel)
    HAL_TIM_PWM_Init                         0x08001ebf   Thumb Code    54  stm32f1xx_hal_tim.o(i.HAL_TIM_PWM_Init)
    HAL_TIM_PWM_MspInit                      0x08001ef5   Thumb Code    30  tim.o(i.HAL_TIM_PWM_MspInit)
    HAL_TIM_PWM_PulseFinishedCallback        0x08001f1d   Thumb Code     2  stm32f1xx_hal_tim.o(i.HAL_TIM_PWM_PulseFinishedCallback)
    HAL_TIM_PeriodElapsedCallback            0x08001f21   Thumb Code    14  main.o(i.HAL_TIM_PeriodElapsedCallback)
    HAL_TIM_TriggerCallback                  0x08001f35   Thumb Code     2  stm32f1xx_hal_tim.o(i.HAL_TIM_TriggerCallback)
    HardFault_Handler                        0x08001f37   Thumb Code     2  stm32f1xx_it.o(i.HardFault_Handler)
    MX_GPIO_Init                             0x08002189   Thumb Code   148  gpio.o(i.MX_GPIO_Init)
    MX_I2C1_Init                             0x0800222d   Thumb Code    54  i2c.o(i.MX_I2C1_Init)
    MX_TIM1_Init                             0x08002281   Thumb Code   148  tim.o(i.MX_TIM1_Init)
    MemManage_Handler                        0x0800232d   Thumb Code     2  stm32f1xx_it.o(i.MemManage_Handler)
    NMI_Handler                              0x0800232f   Thumb Code     2  stm32f1xx_it.o(i.NMI_Handler)
    SysTick_Handler                          0x080026b3   Thumb Code     4  stm32f1xx_it.o(i.SysTick_Handler)
    SystemClock_Config                       0x080026b7   Thumb Code   120  main.o(i.SystemClock_Config)
    SystemInit                               0x08002731   Thumb Code    56  system_stm32f1xx.o(i.SystemInit)
    TIM4_IRQHandler                          0x08002779   Thumb Code     6  stm32f1xx_it.o(i.TIM4_IRQHandler)
    TIM_Base_SetConfig                       0x08002785   Thumb Code    94  stm32f1xx_hal_tim.o(i.TIM_Base_SetConfig)
    TIM_OC2_SetConfig                        0x08002841   Thumb Code    84  stm32f1xx_hal_tim.o(i.TIM_OC2_SetConfig)
    USBD_ClrClassConfig                      0x08002935   Thumb Code    14  usbd_core.o(i.USBD_ClrClassConfig)
    USBD_CtlContinueRx                       0x08002943   Thumb Code    16  usbd_ioreq.o(i.USBD_CtlContinueRx)
    USBD_CtlContinueSendData                 0x08002953   Thumb Code    16  usbd_ioreq.o(i.USBD_CtlContinueSendData)
    USBD_CtlError                            0x08002963   Thumb Code    22  usbd_ctlreq.o(i.USBD_CtlError)
    USBD_CtlReceiveStatus                    0x08002979   Thumb Code    22  usbd_ioreq.o(i.USBD_CtlReceiveStatus)
    USBD_CtlSendData                         0x0800298f   Thumb Code    26  usbd_ioreq.o(i.USBD_CtlSendData)
    USBD_CtlSendStatus                       0x080029a9   Thumb Code    22  usbd_ioreq.o(i.USBD_CtlSendStatus)
    USBD_LL_ClearStallEP                     0x08002a9f   Thumb Code    32  usbd_conf.o(i.USBD_LL_ClearStallEP)
    USBD_LL_DataInStage                      0x08002abf   Thumb Code   170  usbd_core.o(i.USBD_LL_DataInStage)
    USBD_LL_DataOutStage                     0x08002b69   Thumb Code   106  usbd_core.o(i.USBD_LL_DataOutStage)
    USBD_LL_IsStallEP                        0x08002bd3   Thumb Code    28  usbd_conf.o(i.USBD_LL_IsStallEP)
    USBD_LL_OpenEP                           0x08002bef   Thumb Code    38  usbd_conf.o(i.USBD_LL_OpenEP)
    USBD_LL_PrepareReceive                   0x08002c15   Thumb Code    32  usbd_conf.o(i.USBD_LL_PrepareReceive)
    USBD_LL_Reset                            0x08002c35   Thumb Code    62  usbd_core.o(i.USBD_LL_Reset)
    USBD_LL_Resume                           0x08002c73   Thumb Code    12  usbd_core.o(i.USBD_LL_Resume)
    USBD_LL_SOF                              0x08002c7f   Thumb Code    24  usbd_core.o(i.USBD_LL_SOF)
    USBD_LL_SetSpeed                         0x08002c97   Thumb Code     6  usbd_core.o(i.USBD_LL_SetSpeed)
    USBD_LL_SetUSBAddress                    0x08002c9d   Thumb Code    32  usbd_conf.o(i.USBD_LL_SetUSBAddress)
    USBD_LL_SetupStage                       0x08002cbd   Thumb Code    90  usbd_core.o(i.USBD_LL_SetupStage)
    USBD_LL_StallEP                          0x08002d17   Thumb Code    32  usbd_conf.o(i.USBD_LL_StallEP)
    USBD_LL_Suspend                          0x08002d37   Thumb Code    18  usbd_core.o(i.USBD_LL_Suspend)
    USBD_LL_Transmit                         0x08002d49   Thumb Code    32  usbd_conf.o(i.USBD_LL_Transmit)
    USBD_ParseSetupRequest                   0x08002d69   Thumb Code    40  usbd_ctlreq.o(i.USBD_ParseSetupRequest)
    USBD_SetClassConfig                      0x08002d91   Thumb Code    22  usbd_core.o(i.USBD_SetClassConfig)
    USBD_StdDevReq                           0x08002e1d   Thumb Code   242  usbd_ctlreq.o(i.USBD_StdDevReq)
    USBD_StdEPReq                            0x08002f0f   Thumb Code   220  usbd_ctlreq.o(i.USBD_StdEPReq)
    USBD_StdItfReq                           0x08002feb   Thumb Code    52  usbd_ctlreq.o(i.USBD_StdItfReq)
    USB_ActivateEndpoint                     0x0800301f   Thumb Code   604  stm32f1xx_ll_usb.o(i.USB_ActivateEndpoint)
    USB_EP0_OutStart                         0x0800327b   Thumb Code     4  stm32f1xx_ll_usb.o(i.USB_EP0_OutStart)
    USB_EPClearStall                         0x0800327f   Thumb Code   106  stm32f1xx_ll_usb.o(i.USB_EPClearStall)
    USB_EPSetStall                           0x080032e9   Thumb Code    74  stm32f1xx_ll_usb.o(i.USB_EPSetStall)
    USB_EPStartXfer                          0x08003335   Thumb Code   426  stm32f1xx_ll_usb.o(i.USB_EPStartXfer)
    USB_LP_CAN1_RX0_IRQHandler               0x080034e1   Thumb Code     6  stm32f1xx_it.o(i.USB_LP_CAN1_RX0_IRQHandler)
    USB_ReadInterrupts                       0x080034ed   Thumb Code     6  stm32f1xx_ll_usb.o(i.USB_ReadInterrupts)
    USB_ReadPMA                              0x080034f5   Thumb Code    30  stm32f1xx_ll_usb.o(i.USB_ReadPMA)
    USB_SetDevAddress                        0x08003513   Thumb Code    12  stm32f1xx_ll_usb.o(i.USB_SetDevAddress)
    USB_WritePMA                             0x0800351f   Thumb Code    38  stm32f1xx_ll_usb.o(i.USB_WritePMA)
    UsageFault_Handler                       0x08003545   Thumb Code     2  stm32f1xx_it.o(i.UsageFault_Handler)
    _Error_Handler                           0x08003547   Thumb Code     2  main.o(i._Error_Handler)
    __ARM_fpclassify                         0x08003549   Thumb Code    40  fpclassify.o(i.__ARM_fpclassify)
    __ieee754_rem_pio2                       0x08003571   Thumb Code   828  rred.o(i.__ieee754_rem_pio2)
    __kernel_cos                             0x080038f9   Thumb Code   230  cos_i.o(i.__kernel_cos)
    __kernel_poly                            0x080039f5   Thumb Code   170  poly.o(i.__kernel_poly)
    __kernel_sin                             0x08003aa1   Thumb Code   224  sin_i.o(i.__kernel_sin)
    __mathlib_dbl_infnan                     0x08003b8d   Thumb Code     6  dunder.o(i.__mathlib_dbl_infnan)
    __mathlib_dbl_invalid                    0x08003b93   Thumb Code    12  dunder.o(i.__mathlib_dbl_invalid)
    __mathlib_dbl_underflow                  0x08003ba1   Thumb Code    10  dunder.o(i.__mathlib_dbl_underflow)
    __scatterload_copy                       0x08003bb1   Thumb Code    14  handlers.o(i.__scatterload_copy)
    __scatterload_null                       0x08003bbf   Thumb Code     2  handlers.o(i.__scatterload_null)
    __scatterload_zeroinit                   0x08003bc1   Thumb Code    14  handlers.o(i.__scatterload_zeroinit)
    __set_errno                              0x08003bd1   Thumb Code     6  errno.o(i.__set_errno)
    cos                                      0x08003bdd   Thumb Code   148  cos.o(i.cos)
    main                                     0x08003c79   Thumb Code   950  main.o(i.main)
    osSystickHandler                         0x08004051   Thumb Code    20  cmsis_os.o(i.osSystickHandler)
    sin                                      0x08004085   Thumb Code   150  sin.o(i.sin)
    ssd1306_DrawPixel                        0x08004125   Thumb Code    54  ssd1306_iic.o(i.ssd1306_DrawPixel)
    ssd1306_Fill                             0x08004165   Thumb Code    28  ssd1306_iic.o(i.ssd1306_Fill)
    ssd1306_Init                             0x08004185   Thumb Code   202  ssd1306_iic.o(i.ssd1306_Init)
    ssd1306_UpdateScreen                     0x08004255   Thumb Code    66  ssd1306_iic.o(i.ssd1306_UpdateScreen)
    uxListRemove                             0x080042c5   Thumb Code    36  list.o(i.uxListRemove)
    vListInsertEnd                           0x080042e9   Thumb Code    24  list.o(i.vListInsertEnd)
    vTaskSwitchContext                       0x08004301   Thumb Code    82  tasks.o(i.vTaskSwitchContext)
    xPortSysTickHandler                      0x0800435d   Thumb Code    38  port.o(i.xPortSysTickHandler)
    xTaskGetSchedulerState                   0x08004389   Thumb Code    22  tasks.o(i.xTaskGetSchedulerState)
    xTaskIncrementTick                       0x080043a5   Thumb Code   192  tasks.o(i.xTaskIncrementTick)
    AHBPrescTable                            0x0800446c   Data          16  system_stm32f1xx.o(.constdata)
    APBPrescTable                            0x0800447c   Data           8  system_stm32f1xx.o(.constdata)
    Region$$Table$$Base                      0x080045a8   Number         0  anon$$obj.o(Region$$Table)
    Region$$Table$$Limit                     0x080045c8   Number         0  anon$$obj.o(Region$$Table)
    is_k1_pressed                            0x20000008   Data           1  main.o(.data)
    is_k2_pressed                            0x20000009   Data           1  main.o(.data)
    is_k3_pressed                            0x2000000a   Data           1  main.o(.data)
    is_dot_grid_on                           0x2000000b   Data           1  main.o(.data)
    is_axis_on                               0x2000000c   Data           1  main.o(.data)
    is_cos_on                                0x2000000d   Data           1  main.o(.data)
    last_uwTick                              0x20000010   Data           4  main.o(.data)
    uwTickFreq                               0x20000014   Data           1  stm32f1xx_hal.o(.data)
    uwTickPrio                               0x20000018   Data           4  stm32f1xx_hal.o(.data)
    uwTick                                   0x2000001c   Data           4  stm32f1xx_hal.o(.data)
    SystemCoreClock                          0x20000020   Data           4  system_stm32f1xx.o(.data)
    pxCurrentTCB                             0x20000024   Data           4  tasks.o(.data)
    textsize                                 0x20000062   Data           1  adafruit_gfx.o(.data)
    rotation                                 0x20000063   Data           1  adafruit_gfx.o(.data)
    wrap                                     0x20000064   Data           1  adafruit_gfx.o(.data)
    _width                                   0x20000066   Data           2  adafruit_gfx.o(.data)
    _height                                  0x20000068   Data           2  adafruit_gfx.o(.data)
    cursor_x                                 0x2000006a   Data           2  adafruit_gfx.o(.data)
    cursor_y                                 0x2000006c   Data           2  adafruit_gfx.o(.data)
    textcolor                                0x2000006e   Data           2  adafruit_gfx.o(.data)
    textbgcolor                              0x20000070   Data           2  adafruit_gfx.o(.data)
    x2                                       0x20000478   Data         128  main.o(.bss)
    y2                                       0x200004f8   Data         128  main.o(.bss)
    hi2c1                                    0x20000578   Data          84  i2c.o(.bss)
    htim1                                    0x200005cc   Data          64  tim.o(.bss)
    hpcd_USB_FS                              0x20000620   Data        1120  usbd_conf.o(.bss)
    htim4                                    0x20000a80   Data          64  stm32f1xx_hal_timebase_tim.o(.bss)
    __initial_sp                             0x20000fb0   Data           0  startup_stm32f103xb.o(STACK)



==============================================================================

Memory Map of the image

  Image Entry point : 0x080000ed

  Load Region LR_IROM1 (Base: 0x08000000, Size: 0x00004640, Max: 0x00010000, ABSOLUTE)

    Execution Region ER_IROM1 (Exec base: 0x08000000, Load base: 0x08000000, Size: 0x000045c8, Max: 0x00010000, ABSOLUTE)

    Exec Addr    Load Addr    Size         Type   Attr      Idx    E Section Name        Object

    0x08000000   0x08000000   0x000000ec   Data   RO            3    RESET               startup_stm32f103xb.o
    0x080000ec   0x080000ec   0x00000000   Code   RO         6038  * .ARM.Collect$$$$00000000  mc_w.l(entry.o)
    0x080000ec   0x080000ec   0x00000004   Code   RO         6093    .ARM.Collect$$$$00000001  mc_w.l(entry2.o)
    0x080000f0   0x080000f0   0x00000004   Code   RO         6096    .ARM.Collect$$$$00000004  mc_w.l(entry5.o)
    0x080000f4   0x080000f4   0x00000000   Code   RO         6098    .ARM.Collect$$$$00000008  mc_w.l(entry7b.o)
    0x080000f4   0x080000f4   0x00000000   Code   RO         6100    .ARM.Collect$$$$0000000A  mc_w.l(entry8b.o)
    0x080000f4   0x080000f4   0x00000008   Code   RO         6101    .ARM.Collect$$$$0000000B  mc_w.l(entry9a.o)
    0x080000fc   0x080000fc   0x00000000   Code   RO         6103    .ARM.Collect$$$$0000000D  mc_w.l(entry10a.o)
    0x080000fc   0x080000fc   0x00000000   Code   RO         6105    .ARM.Collect$$$$0000000F  mc_w.l(entry11a.o)
    0x080000fc   0x080000fc   0x00000004   Code   RO         6094    .ARM.Collect$$$$00002712  mc_w.l(entry2.o)
    0x08000100   0x08000100   0x00000096   Code   RO         4498    .emb_text           port.o
    0x08000196   0x08000196   0x00000002   PAD
    0x08000198   0x08000198   0x00000024   Code   RO            4    .text               startup_stm32f103xb.o
    0x080001bc   0x080001bc   0x00000020   Code   RO         6041    .text               mc_w.l(llushr.o)
    0x080001dc   0x080001dc   0x000000b0   Code   RO         6047    .text               mf_w.l(fadd.o)
    0x0800028c   0x0800028c   0x0000007c   Code   RO         6051    .text               mf_w.l(fdiv.o)
    0x08000308   0x08000308   0x000000e4   Code   RO         6053    .text               mf_w.l(dmul.o)
    0x080003ec   0x080003ec   0x00000012   Code   RO         6055    .text               mf_w.l(fflti.o)
    0x080003fe   0x080003fe   0x0000000a   Code   RO         6057    .text               mf_w.l(ffltui.o)
    0x08000408   0x08000408   0x0000003e   Code   RO         6061    .text               mf_w.l(dfixi.o)
    0x08000446   0x08000446   0x00000026   Code   RO         6063    .text               mf_w.l(f2d.o)
    0x0800046c   0x0800046c   0x00000000   Code   RO         6114    .text               mc_w.l(iusefp.o)
    0x0800046c   0x0800046c   0x0000006e   Code   RO         6115    .text               mf_w.l(fepilogue.o)
    0x080004da   0x080004da   0x000000ba   Code   RO         6117    .text               mf_w.l(depilogue.o)
    0x08000594   0x08000594   0x00000024   Code   RO         6123    .text               mc_w.l(init.o)
    0x080005b8   0x080005b8   0x0000001e   Code   RO         6125    .text               mc_w.l(llshl.o)
    0x080005d6   0x080005d6   0x0000014e   Code   RO         6127    .text               mf_w.l(dadd.o)
    0x08000724   0x08000724   0x000000de   Code   RO         6129    .text               mf_w.l(ddiv.o)
    0x08000802   0x08000802   0x0000002e   Code   RO         6131    .text               mf_w.l(dscalb.o)
    0x08000830   0x08000830   0x00000022   Code   RO         6133    .text               mf_w.l(dflti.o)
    0x08000852   0x08000852   0x0000001a   Code   RO         6135    .text               mf_w.l(dfltui.o)
    0x0800086c   0x0800086c   0x00000024   Code   RO         6137    .text               mc_w.l(llsshr.o)
    0x08000890   0x08000890   0x0000001e   Code   RO         5836    i.Adafruit_GFX      adafruit_gfx.o
    0x080008ae   0x080008ae   0x00000012   Code   RO         5841    i.Adafruit_GFX_drawFastHLine  adafruit_gfx.o
    0x080008c0   0x080008c0   0x00000012   Code   RO         5842    i.Adafruit_GFX_drawFastVLine  adafruit_gfx.o
    0x080008d2   0x080008d2   0x000000a0   Code   RO         5843    i.Adafruit_GFX_drawLine  adafruit_gfx.o
    0x08000972   0x08000972   0x00000188   Code   RO         5852    i.Adafruit_GFX_fillTriangle  adafruit_gfx.o
    0x08000afa   0x08000afa   0x00000002   PAD
    0x08000afc   0x08000afc   0x00000030   Code   RO         5857    i.Adafruit_GFX_setRotation  adafruit_gfx.o
    0x08000b2c   0x08000b2c   0x0000000c   Code   RO         5858    i.Adafruit_GFX_setTextColor  adafruit_gfx.o
    0x08000b38   0x08000b38   0x00000010   Code   RO         5859    i.Adafruit_GFX_setTextSize  adafruit_gfx.o
    0x08000b48   0x08000b48   0x00000002   Code   RO          951    i.BusFault_Handler  stm32f1xx_it.o
    0x08000b4a   0x08000b4a   0x00000002   Code   RO          952    i.DebugMon_Handler  stm32f1xx_it.o
    0x08000b4c   0x08000b4c   0x0000001e   Code   RO          953    i.EXTI15_10_IRQHandler  stm32f1xx_it.o
    0x08000b6a   0x08000b6a   0x00000002   PAD
    0x08000b6c   0x08000b6c   0x00000024   Code   RO         3512    i.HAL_Delay         stm32f1xx_hal.o
    0x08000b90   0x08000b90   0x00000028   Code   RO          218    i.HAL_GPIO_EXTI_Callback  main.o
    0x08000bb8   0x08000bb8   0x00000018   Code   RO         3804    i.HAL_GPIO_EXTI_IRQHandler  stm32f1xx_hal_gpio.o
    0x08000bd0   0x08000bd0   0x000001bc   Code   RO         3805    i.HAL_GPIO_Init     stm32f1xx_hal_gpio.o
    0x08000d8c   0x08000d8c   0x0000000a   Code   RO         3809    i.HAL_GPIO_WritePin  stm32f1xx_hal_gpio.o
    0x08000d96   0x08000d96   0x00000002   PAD
    0x08000d98   0x08000d98   0x0000000c   Code   RO         3516    i.HAL_GetTick       stm32f1xx_hal.o
    0x08000da4   0x08000da4   0x00000140   Code   RO         1581    i.HAL_I2C_Init      stm32f1xx_hal_i2c.o
    0x08000ee4   0x08000ee4   0x0000013c   Code   RO         1600    i.HAL_I2C_Mem_Write  stm32f1xx_hal_i2c.o
    0x08001020   0x08001020   0x00000044   Code   RO          447    i.HAL_I2C_MspInit   i2c.o
    0x08001064   0x08001064   0x00000010   Code   RO         3520    i.HAL_IncTick       stm32f1xx_hal.o
    0x08001074   0x08001074   0x00000024   Code   RO         3521    i.HAL_Init          stm32f1xx_hal.o
    0x08001098   0x08001098   0x00000074   Code   RO         1057    i.HAL_InitTick      stm32f1xx_hal_timebase_tim.o
    0x0800110c   0x0800110c   0x00000090   Code   RO         1033    i.HAL_MspInit       stm32f1xx_hal_msp.o
    0x0800119c   0x0800119c   0x00000016   Code   RO         3965    i.HAL_NVIC_EnableIRQ  stm32f1xx_hal_cortex.o
    0x080011b2   0x080011b2   0x00000002   PAD
    0x080011b4   0x080011b4   0x00000040   Code   RO         3971    i.HAL_NVIC_SetPriority  stm32f1xx_hal_cortex.o
    0x080011f4   0x080011f4   0x00000024   Code   RO         3972    i.HAL_NVIC_SetPriorityGrouping  stm32f1xx_hal_cortex.o
    0x08001218   0x08001218   0x0000000e   Code   RO          678    i.HAL_PCD_DataInStageCallback  usbd_conf.o
    0x08001226   0x08001226   0x00000010   Code   RO          679    i.HAL_PCD_DataOutStageCallback  usbd_conf.o
    0x08001236   0x08001236   0x00000048   Code   RO         1143    i.HAL_PCD_EP_ClrStall  stm32f1xx_hal_pcd.o
    0x0800127e   0x0800127e   0x00000044   Code   RO         1146    i.HAL_PCD_EP_Open   stm32f1xx_hal_pcd.o
    0x080012c2   0x080012c2   0x0000002e   Code   RO         1147    i.HAL_PCD_EP_Receive  stm32f1xx_hal_pcd.o
    0x080012f0   0x080012f0   0x00000056   Code   RO         1148    i.HAL_PCD_EP_SetStall  stm32f1xx_hal_pcd.o
    0x08001346   0x08001346   0x0000002a   Code   RO         1149    i.HAL_PCD_EP_Transmit  stm32f1xx_hal_pcd.o
    0x08001370   0x08001370   0x0000010c   Code   RO         1151    i.HAL_PCD_IRQHandler  stm32f1xx_hal_pcd.o
    0x0800147c   0x0800147c   0x0000001a   Code   RO          685    i.HAL_PCD_ResetCallback  usbd_conf.o
    0x08001496   0x08001496   0x00000008   Code   RO          686    i.HAL_PCD_ResumeCallback  usbd_conf.o
    0x0800149e   0x0800149e   0x00000008   Code   RO          687    i.HAL_PCD_SOFCallback  usbd_conf.o
    0x080014a6   0x080014a6   0x00000028   Code   RO         1160    i.HAL_PCD_SetAddress  stm32f1xx_hal_pcd.o
    0x080014ce   0x080014ce   0x0000000e   Code   RO          688    i.HAL_PCD_SetupStageCallback  usbd_conf.o
    0x080014dc   0x080014dc   0x00000024   Code   RO          689    i.HAL_PCD_SuspendCallback  usbd_conf.o
    0x08001500   0x08001500   0x000000ec   Code   RO         3768    i.HAL_RCCEx_PeriphCLKConfig  stm32f1xx_hal_rcc_ex.o
    0x080015ec   0x080015ec   0x00000154   Code   RO         3665    i.HAL_RCC_ClockConfig  stm32f1xx_hal_rcc.o
    0x08001740   0x08001740   0x00000040   Code   RO         3669    i.HAL_RCC_GetClockConfig  stm32f1xx_hal_rcc.o
    0x08001780   0x08001780   0x0000000c   Code   RO         3670    i.HAL_RCC_GetHCLKFreq  stm32f1xx_hal_rcc.o
    0x0800178c   0x0800178c   0x00000020   Code   RO         3672    i.HAL_RCC_GetPCLK1Freq  stm32f1xx_hal_rcc.o
    0x080017ac   0x080017ac   0x0000006c   Code   RO         3674    i.HAL_RCC_GetSysClockFreq  stm32f1xx_hal_rcc.o
    0x08001818   0x08001818   0x00000304   Code   RO         3677    i.HAL_RCC_OscConfig  stm32f1xx_hal_rcc.o
    0x08001b1c   0x08001b1c   0x00000018   Code   RO         3974    i.HAL_SYSTICK_CLKSourceConfig  stm32f1xx_hal_cortex.o
    0x08001b34   0x08001b34   0x00000028   Code   RO         3976    i.HAL_SYSTICK_Config  stm32f1xx_hal_cortex.o
    0x08001b5c   0x08001b5c   0x00000002   Code   RO         2946    i.HAL_TIMEx_BreakCallback  stm32f1xx_hal_tim_ex.o
    0x08001b5e   0x08001b5e   0x00000002   Code   RO         2947    i.HAL_TIMEx_CommutationCallback  stm32f1xx_hal_tim_ex.o
    0x08001b60   0x08001b60   0x0000005a   Code   RO         2948    i.HAL_TIMEx_ConfigBreakDeadTime  stm32f1xx_hal_tim_ex.o
    0x08001bba   0x08001bba   0x00000050   Code   RO         2963    i.HAL_TIMEx_MasterConfigSynchronization  stm32f1xx_hal_tim_ex.o
    0x08001c0a   0x08001c0a   0x00000036   Code   RO         2317    i.HAL_TIM_Base_Init  stm32f1xx_hal_tim.o
    0x08001c40   0x08001c40   0x00000002   Code   RO         2319    i.HAL_TIM_Base_MspInit  stm32f1xx_hal_tim.o
    0x08001c42   0x08001c42   0x00000018   Code   RO         2322    i.HAL_TIM_Base_Start_IT  stm32f1xx_hal_tim.o
    0x08001c5a   0x08001c5a   0x00000002   Code   RO         2346    i.HAL_TIM_IC_CaptureCallback  stm32f1xx_hal_tim.o
    0x08001c5c   0x08001c5c   0x00000166   Code   RO         2359    i.HAL_TIM_IRQHandler  stm32f1xx_hal_tim.o
    0x08001dc2   0x08001dc2   0x00000002   PAD
    0x08001dc4   0x08001dc4   0x00000028   Code   RO          530    i.HAL_TIM_MspPostInit  tim.o
    0x08001dec   0x08001dec   0x00000002   Code   RO         2362    i.HAL_TIM_OC_DelayElapsedCallback  stm32f1xx_hal_tim.o
    0x08001dee   0x08001dee   0x000000d0   Code   RO         2383    i.HAL_TIM_PWM_ConfigChannel  stm32f1xx_hal_tim.o
    0x08001ebe   0x08001ebe   0x00000036   Code   RO         2386    i.HAL_TIM_PWM_Init  stm32f1xx_hal_tim.o
    0x08001ef4   0x08001ef4   0x00000028   Code   RO          532    i.HAL_TIM_PWM_MspInit  tim.o
    0x08001f1c   0x08001f1c   0x00000002   Code   RO         2389    i.HAL_TIM_PWM_PulseFinishedCallback  stm32f1xx_hal_tim.o
    0x08001f1e   0x08001f1e   0x00000002   PAD
    0x08001f20   0x08001f20   0x00000014   Code   RO          219    i.HAL_TIM_PeriodElapsedCallback  main.o
    0x08001f34   0x08001f34   0x00000002   Code   RO         2400    i.HAL_TIM_TriggerCallback  stm32f1xx_hal_tim.o
    0x08001f36   0x08001f36   0x00000002   Code   RO          954    i.HardFault_Handler  stm32f1xx_it.o
    0x08001f38   0x08001f38   0x00000028   Code   RO         1619    i.I2C_IsAcknowledgeFailed  stm32f1xx_hal_i2c.o
    0x08001f60   0x08001f60   0x000000a0   Code   RO         1629    i.I2C_RequestMemoryWrite  stm32f1xx_hal_i2c.o
    0x08002000   0x08002000   0x0000004e   Code   RO         1632    i.I2C_WaitOnBTFFlagUntilTimeout  stm32f1xx_hal_i2c.o
    0x0800204e   0x0800204e   0x00000060   Code   RO         1633    i.I2C_WaitOnFlagUntilTimeout  stm32f1xx_hal_i2c.o
    0x080020ae   0x080020ae   0x00000002   PAD
    0x080020b0   0x080020b0   0x00000088   Code   RO         1634    i.I2C_WaitOnMasterAddressFlagUntilTimeout  stm32f1xx_hal_i2c.o
    0x08002138   0x08002138   0x0000004e   Code   RO         1636    i.I2C_WaitOnTXEFlagUntilTimeout  stm32f1xx_hal_i2c.o
    0x08002186   0x08002186   0x00000002   PAD
    0x08002188   0x08002188   0x000000a4   Code   RO          369    i.MX_GPIO_Init      gpio.o
    0x0800222c   0x0800222c   0x00000054   Code   RO          448    i.MX_I2C1_Init      i2c.o
    0x08002280   0x08002280   0x000000ac   Code   RO          533    i.MX_TIM1_Init      tim.o
    0x0800232c   0x0800232c   0x00000002   Code   RO          955    i.MemManage_Handler  stm32f1xx_it.o
    0x0800232e   0x0800232e   0x00000002   Code   RO          956    i.NMI_Handler       stm32f1xx_it.o
    0x08002330   0x08002330   0x00000020   Code   RO         3978    i.NVIC_SetPriority  stm32f1xx_hal_cortex.o
    0x08002350   0x08002350   0x00000362   Code   RO         1165    i.PCD_EP_ISR_Handler  stm32f1xx_hal_pcd.o
    0x080026b2   0x080026b2   0x00000004   Code   RO          957    i.SysTick_Handler   stm32f1xx_it.o
    0x080026b6   0x080026b6   0x00000078   Code   RO          220    i.SystemClock_Config  main.o
    0x0800272e   0x0800272e   0x00000002   PAD
    0x08002730   0x08002730   0x00000048   Code   RO         4394    i.SystemInit        system_stm32f1xx.o
    0x08002778   0x08002778   0x0000000c   Code   RO          958    i.TIM4_IRQHandler   stm32f1xx_it.o
    0x08002784   0x08002784   0x0000006c   Code   RO         2401    i.TIM_Base_SetConfig  stm32f1xx_hal_tim.o
    0x080027f0   0x080027f0   0x00000050   Code   RO         2410    i.TIM_OC1_SetConfig  stm32f1xx_hal_tim.o
    0x08002840   0x08002840   0x00000058   Code   RO         2411    i.TIM_OC2_SetConfig  stm32f1xx_hal_tim.o
    0x08002898   0x08002898   0x00000058   Code   RO         2412    i.TIM_OC3_SetConfig  stm32f1xx_hal_tim.o
    0x080028f0   0x080028f0   0x00000044   Code   RO         2413    i.TIM_OC4_SetConfig  stm32f1xx_hal_tim.o
    0x08002934   0x08002934   0x0000000e   Code   RO         5506    i.USBD_ClrClassConfig  usbd_core.o
    0x08002942   0x08002942   0x00000010   Code   RO         5709    i.USBD_CtlContinueRx  usbd_ioreq.o
    0x08002952   0x08002952   0x00000010   Code   RO         5710    i.USBD_CtlContinueSendData  usbd_ioreq.o
    0x08002962   0x08002962   0x00000016   Code   RO         5644    i.USBD_CtlError     usbd_ctlreq.o
    0x08002978   0x08002978   0x00000016   Code   RO         5712    i.USBD_CtlReceiveStatus  usbd_ioreq.o
    0x0800298e   0x0800298e   0x0000001a   Code   RO         5713    i.USBD_CtlSendData  usbd_ioreq.o
    0x080029a8   0x080029a8   0x00000016   Code   RO         5714    i.USBD_CtlSendStatus  usbd_ioreq.o
    0x080029be   0x080029be   0x000000e0   Code   RO         5645    i.USBD_GetDescriptor  usbd_ctlreq.o
    0x08002a9e   0x08002a9e   0x00000020   Code   RO          690    i.USBD_LL_ClearStallEP  usbd_conf.o
    0x08002abe   0x08002abe   0x000000aa   Code   RO         5509    i.USBD_LL_DataInStage  usbd_core.o
    0x08002b68   0x08002b68   0x0000006a   Code   RO         5510    i.USBD_LL_DataOutStage  usbd_core.o
    0x08002bd2   0x08002bd2   0x0000001c   Code   RO          697    i.USBD_LL_IsStallEP  usbd_conf.o
    0x08002bee   0x08002bee   0x00000026   Code   RO          698    i.USBD_LL_OpenEP    usbd_conf.o
    0x08002c14   0x08002c14   0x00000020   Code   RO          699    i.USBD_LL_PrepareReceive  usbd_conf.o
    0x08002c34   0x08002c34   0x0000003e   Code   RO         5515    i.USBD_LL_Reset     usbd_core.o
    0x08002c72   0x08002c72   0x0000000c   Code   RO         5516    i.USBD_LL_Resume    usbd_core.o
    0x08002c7e   0x08002c7e   0x00000018   Code   RO         5517    i.USBD_LL_SOF       usbd_core.o
    0x08002c96   0x08002c96   0x00000006   Code   RO         5518    i.USBD_LL_SetSpeed  usbd_core.o
    0x08002c9c   0x08002c9c   0x00000020   Code   RO          700    i.USBD_LL_SetUSBAddress  usbd_conf.o
    0x08002cbc   0x08002cbc   0x0000005a   Code   RO         5519    i.USBD_LL_SetupStage  usbd_core.o
    0x08002d16   0x08002d16   0x00000020   Code   RO          701    i.USBD_LL_StallEP   usbd_conf.o
    0x08002d36   0x08002d36   0x00000012   Code   RO         5520    i.USBD_LL_Suspend   usbd_core.o
    0x08002d48   0x08002d48   0x00000020   Code   RO          704    i.USBD_LL_Transmit  usbd_conf.o
    0x08002d68   0x08002d68   0x00000028   Code   RO         5647    i.USBD_ParseSetupRequest  usbd_ctlreq.o
    0x08002d90   0x08002d90   0x00000016   Code   RO         5523    i.USBD_SetClassConfig  usbd_core.o
    0x08002da6   0x08002da6   0x00000002   PAD
    0x08002da8   0x08002da8   0x00000074   Code   RO         5648    i.USBD_SetConfig    usbd_ctlreq.o
    0x08002e1c   0x08002e1c   0x000000f2   Code   RO         5649    i.USBD_StdDevReq    usbd_ctlreq.o
    0x08002f0e   0x08002f0e   0x000000dc   Code   RO         5650    i.USBD_StdEPReq     usbd_ctlreq.o
    0x08002fea   0x08002fea   0x00000034   Code   RO         5651    i.USBD_StdItfReq    usbd_ctlreq.o
    0x0800301e   0x0800301e   0x0000025c   Code   RO         1378    i.USB_ActivateEndpoint  stm32f1xx_ll_usb.o
    0x0800327a   0x0800327a   0x00000004   Code   RO         1388    i.USB_EP0_OutStart  stm32f1xx_ll_usb.o
    0x0800327e   0x0800327e   0x0000006a   Code   RO         1389    i.USB_EPClearStall  stm32f1xx_ll_usb.o
    0x080032e8   0x080032e8   0x0000004a   Code   RO         1390    i.USB_EPSetStall    stm32f1xx_ll_usb.o
    0x08003332   0x08003332   0x00000002   PAD
    0x08003334   0x08003334   0x000001aa   Code   RO         1391    i.USB_EPStartXfer   stm32f1xx_ll_usb.o
    0x080034de   0x080034de   0x00000002   PAD
    0x080034e0   0x080034e0   0x0000000c   Code   RO          959    i.USB_LP_CAN1_RX0_IRQHandler  stm32f1xx_it.o
    0x080034ec   0x080034ec   0x00000006   Code   RO         1399    i.USB_ReadInterrupts  stm32f1xx_ll_usb.o
    0x080034f2   0x080034f2   0x00000002   PAD
    0x080034f4   0x080034f4   0x0000001e   Code   RO         1400    i.USB_ReadPMA       stm32f1xx_ll_usb.o
    0x08003512   0x08003512   0x0000000c   Code   RO         1403    i.USB_SetDevAddress  stm32f1xx_ll_usb.o
    0x0800351e   0x0800351e   0x00000026   Code   RO         1405    i.USB_WritePMA      stm32f1xx_ll_usb.o
    0x08003544   0x08003544   0x00000002   Code   RO          960    i.UsageFault_Handler  stm32f1xx_it.o
    0x08003546   0x08003546   0x00000002   Code   RO          221    i._Error_Handler    main.o
    0x08003548   0x08003548   0x00000028   Code   RO         6119    i.__ARM_fpclassify  m_ws.l(fpclassify.o)
    0x08003570   0x08003570   0x00000388   Code   RO         6082    i.__ieee754_rem_pio2  m_ws.l(rred.o)
    0x080038f8   0x080038f8   0x000000fc   Code   RO         6065    i.__kernel_cos      m_ws.l(cos_i.o)
    0x080039f4   0x080039f4   0x000000aa   Code   RO         6121    i.__kernel_poly     m_ws.l(poly.o)
    0x08003a9e   0x08003a9e   0x00000002   PAD
    0x08003aa0   0x08003aa0   0x000000ec   Code   RO         6087    i.__kernel_sin      m_ws.l(sin_i.o)
    0x08003b8c   0x08003b8c   0x00000006   Code   RO         6069    i.__mathlib_dbl_infnan  m_ws.l(dunder.o)
    0x08003b92   0x08003b92   0x0000000c   Code   RO         6071    i.__mathlib_dbl_invalid  m_ws.l(dunder.o)
    0x08003b9e   0x08003b9e   0x00000002   PAD
    0x08003ba0   0x08003ba0   0x00000010   Code   RO         6074    i.__mathlib_dbl_underflow  m_ws.l(dunder.o)
    0x08003bb0   0x08003bb0   0x0000000e   Code   RO         6141    i.__scatterload_copy  mc_w.l(handlers.o)
    0x08003bbe   0x08003bbe   0x00000002   Code   RO         6142    i.__scatterload_null  mc_w.l(handlers.o)
    0x08003bc0   0x08003bc0   0x0000000e   Code   RO         6143    i.__scatterload_zeroinit  mc_w.l(handlers.o)
    0x08003bce   0x08003bce   0x00000002   PAD
    0x08003bd0   0x08003bd0   0x0000000c   Code   RO         6109    i.__set_errno       mc_w.l(errno.o)
    0x08003bdc   0x08003bdc   0x0000009c   Code   RO         6023    i.cos               m_ws.l(cos.o)
    0x08003c78   0x08003c78   0x000003d8   Code   RO          222    i.main              main.o
    0x08004050   0x08004050   0x00000014   Code   RO         5168    i.osSystickHandler  cmsis_os.o
    0x08004064   0x08004064   0x00000020   Code   RO         4847    i.prvResetNextTaskUnblockTime  tasks.o
    0x08004084   0x08004084   0x000000a0   Code   RO         6031    i.sin               m_ws.l(sin.o)
    0x08004124   0x08004124   0x00000040   Code   RO           13    i.ssd1306_DrawPixel  ssd1306_iic.o
    0x08004164   0x08004164   0x00000020   Code   RO           14    i.ssd1306_Fill      ssd1306_iic.o
    0x08004184   0x08004184   0x000000d0   Code   RO           15    i.ssd1306_Init      ssd1306_iic.o
    0x08004254   0x08004254   0x0000004c   Code   RO           17    i.ssd1306_UpdateScreen  ssd1306_iic.o
    0x080042a0   0x080042a0   0x00000024   Code   RO           19    i.ssd1306_WriteCommand  ssd1306_iic.o
    0x080042c4   0x080042c4   0x00000024   Code   RO         4664    i.uxListRemove      list.o
    0x080042e8   0x080042e8   0x00000018   Code   RO         4668    i.vListInsertEnd    list.o
    0x08004300   0x08004300   0x0000005c   Code   RO         4869    i.vTaskSwitchContext  tasks.o
    0x0800435c   0x0800435c   0x0000002c   Code   RO         4507    i.xPortSysTickHandler  port.o
    0x08004388   0x08004388   0x0000001c   Code   RO         4875    i.xTaskGetSchedulerState  tasks.o
    0x080043a4   0x080043a4   0x000000c8   Code   RO         4878    i.xTaskIncrementTick  tasks.o
    0x0800446c   0x0800446c   0x00000010   Data   RO         4395    .constdata          system_stm32f1xx.o
    0x0800447c   0x0800447c   0x00000008   Data   RO         4396    .constdata          system_stm32f1xx.o
    0x08004484   0x08004484   0x00000004   PAD
    0x08004488   0x08004488   0x00000030   Data   RO         6066    .constdata          m_ws.l(cos_i.o)
    0x080044b8   0x080044b8   0x000000c8   Data   RO         6084    .constdata          m_ws.l(rred.o)
    0x08004580   0x08004580   0x00000028   Data   RO         6088    .constdata          m_ws.l(sin_i.o)
    0x080045a8   0x080045a8   0x00000020   Data   RO         6139    Region$$Table       anon$$obj.o


    Execution Region RW_IRAM1 (Exec base: 0x20000000, Load base: 0x080045c8, Size: 0x00000fb0, Max: 0x00005000, ABSOLUTE)

    Exec Addr    Load Addr    Size         Type   Attr      Idx    E Section Name        Object

    0x20000000   0x080045c8   0x00000006   Data   RW           24    .data               ssd1306_iic.o
    0x20000006   0x080045ce   0x00000002   PAD
    0x20000008   0x080045d0   0x0000000c   Data   RW          224    .data               main.o
    0x20000014   0x080045dc   0x0000000c   Data   RW         3528    .data               stm32f1xx_hal.o
    0x20000020   0x080045e8   0x00000004   Data   RW         4397    .data               system_stm32f1xx.o
    0x20000024   0x080045ec   0x0000003c   Data   RW         4887    .data               tasks.o
    0x20000060   0x08004628   0x00000001   Data   RW         5652    .data               usbd_ctlreq.o
    0x20000061   0x08004629   0x00000001   PAD
    0x20000062   0x0800462a   0x00000010   Data   RW         5865    .data               adafruit_gfx.o
    0x20000072   0x0800463a   0x00000002   PAD
    0x20000074   0x0800463c   0x00000004   Data   RW         6110    .data               mc_w.l(errno.o)
    0x20000078        -       0x00000400   Zero   RW           23    .bss                ssd1306_iic.o
    0x20000478        -       0x00000100   Zero   RW          223    .bss                main.o
    0x20000578        -       0x00000054   Zero   RW          449    .bss                i2c.o
    0x200005cc        -       0x00000040   Zero   RW          534    .bss                tim.o
    0x2000060c        -       0x00000474   Zero   RW          707    .bss                usbd_conf.o
    0x20000a80        -       0x00000040   Zero   RW         1060    .bss                stm32f1xx_hal_timebase_tim.o
    0x20000ac0        -       0x000000f0   Zero   RW         4886    .bss                tasks.o
    0x20000bb0        -       0x00000400   Zero   RW            1    STACK               startup_stm32f103xb.o


==============================================================================

Image component sizes


      Code (inc. data)   RO Data    RW Data    ZI Data      Debug   Object Name

       694         16          0         16          0       7083   adafruit_gfx.o
        20          0          0          0          0        579   cmsis_os.o
         0          0          0          0          0       8104   event_groups.o
       164         16          0          0          0        947   gpio.o
       152         44          0          0         84       1577   i2c.o
        60          0          0          0          0       1656   list.o
      1166         46          0         12        256      16985   main.o
       194         18          0          0          0       3906   port.o
       416         36          0          6       1024     447203   ssd1306_iic.o
        36          8        236          0       1024        808   startup_stm32f103xb.o
       100         18          0         12          0       3206   stm32f1xx_hal.o
       218         14          0          0          0      26377   stm32f1xx_hal_cortex.o
       478         42          0          0          0       3495   stm32f1xx_hal_gpio.o
      1224         32          0          0          0       9087   stm32f1xx_hal_i2c.o
       144         10          0          0          0        918   stm32f1xx_hal_msp.o
      1488          0          0          0          0       7215   stm32f1xx_hal_pcd.o
      1328        102          0          0          0       5730   stm32f1xx_hal_rcc.o
       236         12          0          0          0       1392   stm32f1xx_hal_rcc_ex.o
      1140         34          0          0          0      11065   stm32f1xx_hal_tim.o
       174          0          0          0          0       3142   stm32f1xx_hal_tim_ex.o
       116         16          0          0         64       1460   stm32f1xx_hal_timebase_tim.o
        70         12          0          0          0       4337   stm32f1xx_it.o
      1300          0          0          0          0       7892   stm32f1xx_ll_usb.o
        72         16         24          4          0       1175   system_stm32f1xx.o
       352         30          0         60        240       7469   tasks.o
       252         44          0          0         64       2187   tim.o
       348          6          0          0       1140       9360   usbd_conf.o
       524          0          0          0          0       7166   usbd_core.o
       916         30          0          1          0       6923   usbd_ctlreq.o
       102          0          0          0          0       3676   usbd_ioreq.o

    ----------------------------------------------------------------------
     13512        602        296        116       3896     612120   Object Totals
         0          0         32          0          0          0   (incl. Generated)
        28          0          4          5          0          0   (incl. Padding)

    ----------------------------------------------------------------------

      Code (inc. data)   RO Data    RW Data    ZI Data      Debug   Library Member Name

       156          8          0          0          0        104   cos.o
       252         22         48          0          0        124   cos_i.o
        34          6          0          0          0        204   dunder.o
        40          0          0          0          0         68   fpclassify.o
       170          0          0          0          0         96   poly.o
       904         76        200          0          0        140   rred.o
       160         10          0          0          0        108   sin.o
       236         12         40          0          0        128   sin_i.o
         0          0          0          0          0          0   entry.o
         0          0          0          0          0          0   entry10a.o
         0          0          0          0          0          0   entry11a.o
         8          4          0          0          0          0   entry2.o
         4          0          0          0          0          0   entry5.o
         0          0          0          0          0          0   entry7b.o
         0          0          0          0          0          0   entry8b.o
         8          4          0          0          0          0   entry9a.o
        12          6          0          4          0         68   errno.o
        30          0          0          0          0          0   handlers.o
        36          8          0          0          0         68   init.o
         0          0          0          0          0          0   iusefp.o
        30          0          0          0          0         68   llshl.o
        36          0          0          0          0         68   llsshr.o
        32          0          0          0          0         68   llushr.o
       334          0          0          0          0        148   dadd.o
       222          0          0          0          0        100   ddiv.o
       186          0          0          0          0        176   depilogue.o
        62          0          0          0          0         80   dfixi.o
        34          0          0          0          0         76   dflti.o
        26          0          0          0          0         76   dfltui.o
       228          0          0          0          0         96   dmul.o
        46          0          0          0          0         80   dscalb.o
        38          0          0          0          0         68   f2d.o
       176          0          0          0          0        140   fadd.o
       124          0          0          0          0         88   fdiv.o
       110          0          0          0          0        168   fepilogue.o
        18          0          0          0          0         68   fflti.o
        10          0          0          0          0         68   ffltui.o

    ----------------------------------------------------------------------
      3768        156        288          4          0       2744   Library Totals
         6          0          0          0          0          0   (incl. Padding)

    ----------------------------------------------------------------------

      Code (inc. data)   RO Data    RW Data    ZI Data      Debug   Library Name

      1952        134        288          0          0        972   m_ws.l
       196         22          0          4          0        340   mc_w.l
      1614          0          0          0          0       1432   mf_w.l

    ----------------------------------------------------------------------
      3768        156        288          4          0       2744   Library Totals

    ----------------------------------------------------------------------

==============================================================================


      Code (inc. data)   RO Data    RW Data    ZI Data      Debug   

     17280        758        584        120       3896     606228   Grand Totals
     17280        758        584        120       3896     606228   ELF Image Totals
     17280        758        584        120          0          0   ROM Totals

==============================================================================

    Total RO  Size (Code + RO Data)                17864 (  17.45kB)
    Total RW  Size (RW Data + ZI Data)              4016 (   3.92kB)
    Total ROM Size (Code + RO Data + RW Data)      17984 (  17.56kB)

==============================================================================

