<html>
<body>
<pre>
<h1>µVision Build Log</h1>
<h2>Tool Versions:</h2>
IDE-Version: µVision V5.25.2.0
Copyright (C) 2018 ARM Ltd and ARM Germany GmbH. All rights reserved.
License Information: ailike z, ailike, LIC=JL28T-R0Y1Z-MMB9I-T3MJ3-9HMEK-F68B5
 
Tool Versions:
Toolchain:       MDK-ARM Plus  Version: 5.25.2.0
Toolchain Path:  C:\opt\Keil_v5\ARM\V6\Bin
C Compiler:      Armcc.exe
Assembler:       Armasm.exe V6.10.1
Linker/Locator:  ArmLink.exe
Library Manager: ArmAr.exe V6.10.1
Hex Converter:   FromElf.exe
CPU DLL:         SARMCM3.DLL V5.25.2.0
Dialog DLL:      DCM.DLL V1.17.1.0
Target DLL:      STLink\ST-LINKIII-KEIL_SWO.dll V3.0.1.0
Dialog DLL:      TCM.DLL V1.35.1.0
 
<h2>Project:</h2>
C:\Users\13567\Documents\workshop\mcu\stm32\f103_redbrd\MDK-ARM\f103_redbrd.uvprojx
Project File Date:  07/03/2018

<h2>Output:</h2>
*** Using Compiler 'V6.10.1', folder: 'C:\opt\Keil_v5\ARM\V6\Bin'
Build target 'f103_redbrd'
compiling ssd1306.c...
compiling fonts.c...
compiling alg_utils.c...
compiling alg_pid_multi.c...
linking...
Program Size: Code=14062 RO-data=342 RW-data=264 ZI-data=7024  
FromELF: creating hex file...
"f103_redbrd\f103_redbrd.axf" - 0 Error(s), 0 Warning(s).

<h2>Software Packages used:</h2>

Package Vendor: ARM
                http://www.keil.com/pack/ARM.CMSIS.5.3.0.pack
                ARM.CMSIS.5.3.0
                CMSIS (Cortex Microcontroller Software Interface Standard)
   * Component: CORE Version: 5.1.1

Package Vendor: Keil
                http://www.keil.com/pack/Keil.STM32F1xx_DFP.2.1.0.pack
                Keil.STM32F1xx_DFP.2.1.0
                STMicroelectronics STM32F1 Series Device Support, Drivers and Examples

<h2>Collection of Component include folders:</h2>
  .\RTE\_f103_redbrd
  C:\opt\Keil_v5\ARM\PACK\ARM\CMSIS\5.3.0\CMSIS\Include
  C:\opt\Keil_v5\ARM\PACK\Keil\STM32F1xx_DFP\2.1.0\Device\Include

<h2>Collection of Component Files used:</h2>

   * Component: ARM::CMSIS:CORE:5.1.1
Build Time Elapsed:  00:00:08
</pre>
</body>
</html>
