Component: ARM Compiler 6.10.1 Tool: armlink [5d142800]

==============================================================================

Section Cross References

    startup_stm32f103xb.o(RESET) refers to startup_stm32f103xb.o(STACK) for __initial_sp
    startup_stm32f103xb.o(RESET) refers to startup_stm32f103xb.o(.text) for Reset_Handler
    startup_stm32f103xb.o(RESET) refers to stm32f1xx_it.o(.text.NMI_Handler) for NMI_Handler
    startup_stm32f103xb.o(RESET) refers to stm32f1xx_it.o(.text.HardFault_Handler) for HardFault_Handler
    startup_stm32f103xb.o(RESET) refers to stm32f1xx_it.o(.text.MemManage_Handler) for MemManage_Handler
    startup_stm32f103xb.o(RESET) refers to stm32f1xx_it.o(.text.BusFault_Handler) for BusFault_Handler
    startup_stm32f103xb.o(RESET) refers to stm32f1xx_it.o(.text.UsageFault_Handler) for UsageFault_Handler
    startup_stm32f103xb.o(RESET) refers to port.o(.text.SVC_Handler) for SVC_Handler
    startup_stm32f103xb.o(RESET) refers to stm32f1xx_it.o(.text.DebugMon_Handler) for DebugMon_Handler
    startup_stm32f103xb.o(RESET) refers to port.o(.text.PendSV_Handler) for PendSV_Handler
    startup_stm32f103xb.o(RESET) refers to stm32f1xx_it.o(.text.SysTick_Handler) for SysTick_Handler
    startup_stm32f103xb.o(RESET) refers to stm32f1xx_it.o(.text.USB_LP_CAN1_RX0_IRQHandler) for USB_LP_CAN1_RX0_IRQHandler
    startup_stm32f103xb.o(RESET) refers to stm32f1xx_it.o(.text.TIM4_IRQHandler) for TIM4_IRQHandler
    startup_stm32f103xb.o(.text) refers to system_stm32f1xx.o(.text.SystemInit) for SystemInit
    startup_stm32f103xb.o(.text) refers to entry.o(.ARM.Collect$$$$00000000) for __main
    fonts.o(.data.Font_7x10) refers to fonts.o(.rodata.Font7x10) for [Anonymous Symbol]
    fonts.o(.data.Font_11x18) refers to fonts.o(.rodata.Font11x18) for [Anonymous Symbol]
    fonts.o(.data.Font_16x26) refers to fonts.o(.rodata.Font16x26) for [Anonymous Symbol]
    ssd1306.o(.text.ssd1306_Init) refers to stm32f1xx_hal.o(.text.HAL_Delay) for HAL_Delay
    ssd1306.o(.text.ssd1306_Init) refers to ssd1306.o(.text.ssd1306_UpdateScreen) for ssd1306_UpdateScreen
    ssd1306.o(.text.ssd1306_Init) refers to ssd1306.o(.text.ssd1306_WriteCommand) for ssd1306_WriteCommand
    ssd1306.o(.text.ssd1306_Init) refers to ssd1306.o(.bss.SSD1306_Buffer) for [Anonymous Symbol]
    ssd1306.o(.text.ssd1306_Init) refers to ssd1306.o(.bss..L_MergedGlobals) for [Anonymous Symbol]
    ssd1306.o(.ARM.exidx.text.ssd1306_Init) refers to ssd1306.o(.text.ssd1306_Init) for [Anonymous Symbol]
    ssd1306.o(.text.ssd1306_WriteCommand) refers to stm32f1xx_hal_i2c.o(.text.HAL_I2C_Mem_Write) for HAL_I2C_Mem_Write
    ssd1306.o(.text.ssd1306_WriteCommand) refers to i2c.o(.bss.hi2c1) for hi2c1
    ssd1306.o(.ARM.exidx.text.ssd1306_WriteCommand) refers to ssd1306.o(.text.ssd1306_WriteCommand) for [Anonymous Symbol]
    ssd1306.o(.text.ssd1306_Fill) refers to ssd1306.o(.bss.SSD1306_Buffer) for [Anonymous Symbol]
    ssd1306.o(.ARM.exidx.text.ssd1306_Fill) refers to ssd1306.o(.text.ssd1306_Fill) for [Anonymous Symbol]
    ssd1306.o(.text.ssd1306_UpdateScreen) refers to stm32f1xx_hal_i2c.o(.text.HAL_I2C_Mem_Write) for HAL_I2C_Mem_Write
    ssd1306.o(.text.ssd1306_UpdateScreen) refers to ssd1306.o(.bss.SSD1306_Buffer) for [Anonymous Symbol]
    ssd1306.o(.text.ssd1306_UpdateScreen) refers to ssd1306.o(.text.ssd1306_WriteCommand) for ssd1306_WriteCommand
    ssd1306.o(.text.ssd1306_UpdateScreen) refers to i2c.o(.bss.hi2c1) for hi2c1
    ssd1306.o(.ARM.exidx.text.ssd1306_UpdateScreen) refers to ssd1306.o(.text.ssd1306_UpdateScreen) for [Anonymous Symbol]
    ssd1306.o(.text.ssd1306_DrawPixel) refers to ssd1306.o(.bss.SSD1306_Buffer) for [Anonymous Symbol]
    ssd1306.o(.ARM.exidx.text.ssd1306_DrawPixel) refers to ssd1306.o(.text.ssd1306_DrawPixel) for [Anonymous Symbol]
    ssd1306.o(.text.ssd1306_WriteChar) refers to ssd1306.o(.text.ssd1306_DrawPixel) for ssd1306_DrawPixel
    ssd1306.o(.text.ssd1306_WriteChar) refers to ssd1306.o(.bss..L_MergedGlobals) for [Anonymous Symbol]
    ssd1306.o(.ARM.exidx.text.ssd1306_WriteChar) refers to ssd1306.o(.text.ssd1306_WriteChar) for [Anonymous Symbol]
    ssd1306.o(.text.ssd1306_WriteString) refers to ssd1306.o(.text.ssd1306_WriteChar) for ssd1306_WriteChar
    ssd1306.o(.ARM.exidx.text.ssd1306_WriteString) refers to ssd1306.o(.text.ssd1306_WriteString) for [Anonymous Symbol]
    ssd1306.o(.text.ssd1306_WriteDigits) refers to alg_utils.o(.text._itoa) for _itoa
    ssd1306.o(.text.ssd1306_WriteDigits) refers to ssd1306.o(.text.ssd1306_WriteString) for ssd1306_WriteString
    ssd1306.o(.ARM.exidx.text.ssd1306_WriteDigits) refers to ssd1306.o(.text.ssd1306_WriteDigits) for [Anonymous Symbol]
    ssd1306.o(.text.ssd1306_SetCursor) refers to ssd1306.o(.bss..L_MergedGlobals) for [Anonymous Symbol]
    ssd1306.o(.ARM.exidx.text.ssd1306_SetCursor) refers to ssd1306.o(.text.ssd1306_SetCursor) for [Anonymous Symbol]
[...]
    __arm_cp.7_0                             0x080015b8   Number         4  stm32f1xx_hal_cortex.o(.text.HAL_SYSTICK_Config)
    __arm_cp.7_1                             0x080015bc   Number         4  stm32f1xx_hal_cortex.o(.text.HAL_SYSTICK_Config)
    [Anonymous Symbol]                       0x080015c0   Section        0  stm32f1xx_hal_tim_ex.o(.text.HAL_TIMEx_BreakCallback)
    [Anonymous Symbol]                       0x080015c2   Section        0  stm32f1xx_hal_tim_ex.o(.text.HAL_TIMEx_CommutationCallback)
    [Anonymous Symbol]                       0x080015c4   Section        0  stm32f1xx_hal_tim.o(.text.HAL_TIM_Base_Init)
    [Anonymous Symbol]                       0x080015f8   Section        0  stm32f1xx_hal_tim.o(.text.HAL_TIM_Base_MspInit)
    [Anonymous Symbol]                       0x080015fa   Section        0  stm32f1xx_hal_tim.o(.text.HAL_TIM_Base_Start_IT)
    [Anonymous Symbol]                       0x08001610   Section        0  stm32f1xx_hal_tim.o(.text.HAL_TIM_IC_CaptureCallback)
    [Anonymous Symbol]                       0x08001612   Section        0  stm32f1xx_hal_tim.o(.text.HAL_TIM_IRQHandler)
    [Anonymous Symbol]                       0x08001786   Section        0  stm32f1xx_hal_tim.o(.text.HAL_TIM_OC_DelayElapsedCallback)
    [Anonymous Symbol]                       0x08001788   Section        0  stm32f1xx_hal_tim.o(.text.HAL_TIM_PWM_PulseFinishedCallback)
    [Anonymous Symbol]                       0x0800178c   Section        0  main.o(.text.HAL_TIM_PeriodElapsedCallback)
    __arm_cp.3_0                             0x0800179c   Number         4  main.o(.text.HAL_TIM_PeriodElapsedCallback)
    [Anonymous Symbol]                       0x080017a0   Section        0  stm32f1xx_hal_tim.o(.text.HAL_TIM_TriggerCallback)
    [Anonymous Symbol]                       0x080017a2   Section        0  stm32f1xx_hal_uart.o(.text.HAL_UART_Init)
    [Anonymous Symbol]                       0x08001800   Section        0  usart.o(.text.HAL_UART_MspInit)
    __arm_cp.2_2                             0x0800188c   Number         4  usart.o(.text.HAL_UART_MspInit)
    __arm_cp.2_3                             0x08001890   Number         4  usart.o(.text.HAL_UART_MspInit)
    [Anonymous Symbol]                       0x08001894   Section        0  stm32f1xx_it.o(.text.HardFault_Handler)
    [Anonymous Symbol]                       0x08001898   Section        0  freertos.o(.text.MX_FREERTOS_Init)
    __arm_cp.0_0                             0x080018a8   Number         4  freertos.o(.text.MX_FREERTOS_Init)
    __arm_cp.0_1                             0x080018ac   Number         4  freertos.o(.text.MX_FREERTOS_Init)
    [Anonymous Symbol]                       0x080018b0   Section        0  gpio.o(.text.MX_GPIO_Init)
    __arm_cp.0_0                             0x08001944   Number         4  gpio.o(.text.MX_GPIO_Init)
    __arm_cp.0_1                             0x08001948   Number         4  gpio.o(.text.MX_GPIO_Init)
    __arm_cp.0_2                             0x0800194c   Number         4  gpio.o(.text.MX_GPIO_Init)
    [Anonymous Symbol]                       0x08001950   Section        0  i2c.o(.text.MX_I2C1_Init)
    __arm_cp.0_0                             0x08001984   Number         4  i2c.o(.text.MX_I2C1_Init)
    __arm_cp.0_1                             0x08001988   Number         4  i2c.o(.text.MX_I2C1_Init)
    __arm_cp.0_2                             0x0800198c   Number         4  i2c.o(.text.MX_I2C1_Init)
    [Anonymous Symbol]                       0x080019a0   Section        0  spi.o(.text.MX_SPI1_Init)
    __arm_cp.0_0                             0x080019e4   Number         4  spi.o(.text.MX_SPI1_Init)
    __arm_cp.0_1                             0x080019e8   Number         4  spi.o(.text.MX_SPI1_Init)
    [Anonymous Symbol]                       0x080019fc   Section        0  usart.o(.text.MX_USART2_UART_Init)
    __arm_cp.0_0                             0x08001a30   Number         4  usart.o(.text.MX_USART2_UART_Init)
    __arm_cp.0_1                             0x08001a34   Number         4  usart.o(.text.MX_USART2_UART_Init)
    [Anonymous Symbol]                       0x08001a38   Section        0  usart.o(.text.MX_USART3_UART_Init)
    __arm_cp.1_0                             0x08001a6c   Number         4  usart.o(.text.MX_USART3_UART_Init)
    __arm_cp.1_1                             0x08001a70   Number         4  usart.o(.text.MX_USART3_UART_Init)
    __arm_cp.1_2                             0x08001a74   Number         4  usart.o(.text.MX_USART3_UART_Init)
    [Anonymous Symbol]                       0x08001a78   Section        0  usb_device.o(.text.MX_USB_DEVICE_Init)
    __arm_cp.0_0                             0x08001a98   Number         4  usb_device.o(.text.MX_USB_DEVICE_Init)
    __arm_cp.0_1                             0x08001a9c   Number         4  usb_device.o(.text.MX_USB_DEVICE_Init)
    __arm_cp.0_2                             0x08001aa0   Number         4  usb_device.o(.text.MX_USB_DEVICE_Init)
    [Anonymous Symbol]                       0x08001aa4   Section        0  stm32f1xx_it.o(.text.MemManage_Handler)
    [Anonymous Symbol]                       0x08001aa6   Section        0  stm32f1xx_it.o(.text.NMI_Handler)
    [Anonymous Symbol]                       0x08001aa8   Section        0  stm32f1xx_hal_cortex.o(.text.NVIC_SetPriority)
    NVIC_SetPriority                         0x08001aa9   Thumb Code    36  stm32f1xx_hal_cortex.o(.text.NVIC_SetPriority)
    __arm_cp.2_0                             0x08001ac4   Number         4  stm32f1xx_hal_cortex.o(.text.NVIC_SetPriority)
    __arm_cp.2_1                             0x08001ac8   Number         4  stm32f1xx_hal_cortex.o(.text.NVIC_SetPriority)
    [Anonymous Symbol]                       0x08001ad0   Section        0  port.o(.text.PendSV_Handler)
    pxCurrentTCBConst                        0x08001b10   Number         0  port.o(.text.PendSV_Handler)
    [Anonymous Symbol]                       0x08001b20   Section        0  port.o(.text.SVC_Handler)
    pxCurrentTCBConst2                       0x08001b40   Number         0  port.o(.text.SVC_Handler)
    [Anonymous Symbol]                       0x08001b44   Section        0  freertos.o(.text.StartDefaultTask)
    [Anonymous Symbol]                       0x08001b52   Section        0  stm32f1xx_it.o(.text.SysTick_Handler)
    [Anonymous Symbol]                       0x08001b56   Section        0  main.o(.text.SystemClock_Config)
    [Anonymous Symbol]                       0x08001bc8   Section        0  system_stm32f1xx.o(.text.SystemInit)
    __arm_cp.0_0                             0x08001c04   Number         4  system_stm32f1xx.o(.text.SystemInit)
    __arm_cp.0_1                             0x08001c08   Number         4  system_stm32f1xx.o(.text.SystemInit)
    __arm_cp.0_2                             0x08001c0c   Number         4  system_stm32f1xx.o(.text.SystemInit)
    __arm_cp.0_3                             0x08001c10   Number         4  system_stm32f1xx.o(.text.SystemInit)
    [Anonymous Symbol]                       0x08001c14   Section        0  stm32f1xx_it.o(.text.TIM4_IRQHandler)
    __arm_cp.8_0                             0x08001c1c   Number         4  stm32f1xx_it.o(.text.TIM4_IRQHandler)
    [Anonymous Symbol]                       0x08001c20   Section        0  stm32f1xx_hal_tim.o(.text.TIM_Base_SetConfig)
    __arm_cp.2_0                             0x08001c70   Number         4  stm32f1xx_hal_tim.o(.text.TIM_Base_SetConfig)
    __arm_cp.2_1                             0x08001c74   Number         4  stm32f1xx_hal_tim.o(.text.TIM_Base_SetConfig)
    __arm_cp.2_2                             0x08001c78   Number         4  stm32f1xx_hal_tim.o(.text.TIM_Base_SetConfig)
    [Anonymous Symbol]                       0x08001c7c   Section        0  stm32f1xx_hal_uart.o(.text.UART_SetConfig)
    UART_SetConfig                           0x08001c7d   Thumb Code   228  stm32f1xx_hal_uart.o(.text.UART_SetConfig)
    __arm_cp.2_0                             0x08001d54   Number         4  stm32f1xx_hal_uart.o(.text.UART_SetConfig)
    __arm_cp.2_1                             0x08001d58   Number         4  stm32f1xx_hal_uart.o(.text.UART_SetConfig)
    __arm_cp.2_2                             0x08001d5c   Number         4  stm32f1xx_hal_uart.o(.text.UART_SetConfig)
    [Anonymous Symbol]                       0x08001d60   Section        0  usbd_core.o(.text.USBD_ClrClassConfig)
    [Anonymous Symbol]                       0x08001d6e   Section        0  usbd_ioreq.o(.text.USBD_CtlContinueRx)
    [Anonymous Symbol]                       0x08001d7e   Section        0  usbd_ioreq.o(.text.USBD_CtlContinueSendData)
    [Anonymous Symbol]                       0x08001d8e   Section        0  usbd_ctlreq.o(.text.USBD_CtlError)
    [Anonymous Symbol]                       0x08001da4   Section        0  usbd_ioreq.o(.text.USBD_CtlReceiveStatus)
    [Anonymous Symbol]                       0x08001dba   Section        0  usbd_ioreq.o(.text.USBD_CtlSendData)
    [Anonymous Symbol]                       0x08001dd4   Section        0  usbd_ioreq.o(.text.USBD_CtlSendStatus)
    [Anonymous Symbol]                       0x08001dec   Section        0  usbd_desc.o(.text.USBD_FS_ConfigStrDescriptor)
    [Anonymous Symbol]                       0x08001e0c   Section        0  usbd_desc.o(.text.USBD_FS_DeviceDescriptor)
    __arm_cp.0_0                             0x08001e14   Number         4  usbd_desc.o(.text.USBD_FS_DeviceDescriptor)
    [Anonymous Symbol]                       0x08001e18   Section        0  usbd_desc.o(.text.USBD_FS_InterfaceStrDescriptor)
    [Anonymous Symbol]                       0x08001e3c   Section        0  usbd_desc.o(.text.USBD_FS_LangIDStrDescriptor)
    __arm_cp.1_0                             0x08001e44   Number         4  usbd_desc.o(.text.USBD_FS_LangIDStrDescriptor)
    [Anonymous Symbol]                       0x08001e48   Section        0  usbd_desc.o(.text.USBD_FS_ManufacturerStrDescriptor)
    [Anonymous Symbol]                       0x08001e70   Section        0  usbd_desc.o(.text.USBD_FS_ProductStrDescriptor)
    [Anonymous Symbol]                       0x08001e9c   Section        0  usbd_desc.o(.text.USBD_FS_SerialStrDescriptor)
    __arm_cp.4_1                             0x08001ec0   Number         4  usbd_desc.o(.text.USBD_FS_SerialStrDescriptor)
    [Anonymous Symbol]                       0x08001ec4   Section        0  usbd_ctlreq.o(.text.USBD_GetString)
    [Anonymous Symbol]                       0x08001f20   Section        0  usbd_hid.o(.text.USBD_HID_DataIn)
    USBD_HID_DataIn                          0x08001f21   Thumb Code    12  usbd_hid.o(.text.USBD_HID_DataIn)
    [Anonymous Symbol]                       0x08001f2c   Section        0  usbd_hid.o(.text.USBD_HID_DeInit)
    USBD_HID_DeInit                          0x08001f2d   Thumb Code    30  usbd_hid.o(.text.USBD_HID_DeInit)
    [Anonymous Symbol]                       0x08001f4c   Section        0  usbd_hid.o(.text.USBD_HID_GetCfgDesc)
    USBD_HID_GetCfgDesc                      0x08001f4d   Thumb Code    12  usbd_hid.o(.text.USBD_HID_GetCfgDesc)
    __arm_cp.4_0                             0x08001f54   Number         4  usbd_hid.o(.text.USBD_HID_GetCfgDesc)
    [Anonymous Symbol]                       0x08001f58   Section        0  usbd_hid.o(.text.USBD_HID_GetDeviceQualifierDesc)
    USBD_HID_GetDeviceQualifierDesc          0x08001f59   Thumb Code    12  usbd_hid.o(.text.USBD_HID_GetDeviceQualifierDesc)
    __arm_cp.5_0                             0x08001f60   Number         4  usbd_hid.o(.text.USBD_HID_GetDeviceQualifierDesc)
    [Anonymous Symbol]                       0x08001f64   Section        0  usbd_hid.o(.text.USBD_HID_Init)
    USBD_HID_Init                            0x08001f65   Thumb Code    38  usbd_hid.o(.text.USBD_HID_Init)
    [Anonymous Symbol]                       0x08001f8c   Section        0  usbd_hid.o(.text.USBD_HID_Setup)
    USBD_HID_Setup                           0x08001f8d   Thumb Code   168  usbd_hid.o(.text.USBD_HID_Setup)
    __arm_cp.2_0                             0x0800202c   Number         4  usbd_hid.o(.text.USBD_HID_Setup)
    __arm_cp.2_1                             0x08002030   Number         4  usbd_hid.o(.text.USBD_HID_Setup)
    [Anonymous Symbol]                       0x08002034   Section        0  usbd_core.o(.text.USBD_Init)
    [Anonymous Symbol]                       0x08002064   Section        0  usbd_conf.o(.text.USBD_LL_ClearStallEP)
    [Anonymous Symbol]                       0x08002084   Section        0  usbd_conf.o(.text.USBD_LL_CloseEP)
    [Anonymous Symbol]                       0x080020a4   Section        0  usbd_core.o(.text.USBD_LL_DataInStage)
    [Anonymous Symbol]                       0x08002146   Section        0  usbd_core.o(.text.USBD_LL_DataOutStage)
    [Anonymous Symbol]                       0x080021ac   Section        0  usbd_conf.o(.text.USBD_LL_Init)
    __arm_cp.13_0                            0x08002210   Number         4  usbd_conf.o(.text.USBD_LL_Init)
    __arm_cp.13_1                            0x08002214   Number         4  usbd_conf.o(.text.USBD_LL_Init)
    __arm_cp.13_3                            0x0800222c   Number         4  usbd_conf.o(.text.USBD_LL_Init)
    [Anonymous Symbol]                       0x08002230   Section        0  usbd_conf.o(.text.USBD_LL_IsStallEP)
    [Anonymous Symbol]                       0x08002250   Section        0  usbd_conf.o(.text.USBD_LL_OpenEP)
    [Anonymous Symbol]                       0x08002274   Section        0  usbd_conf.o(.text.USBD_LL_PrepareReceive)
    [Anonymous Symbol]                       0x08002294   Section        0  usbd_core.o(.text.USBD_LL_Reset)
    [Anonymous Symbol]                       0x080022d2   Section        0  usbd_core.o(.text.USBD_LL_Resume)
    [Anonymous Symbol]                       0x080022de   Section        0  usbd_core.o(.text.USBD_LL_SOF)
    [Anonymous Symbol]                       0x080022fa   Section        0  usbd_core.o(.text.USBD_LL_SetSpeed)
    [Anonymous Symbol]                       0x08002300   Section        0  usbd_conf.o(.text.USBD_LL_SetUSBAddress)
    [Anonymous Symbol]                       0x08002320   Section        0  usbd_core.o(.text.USBD_LL_SetupStage)
    [Anonymous Symbol]                       0x08002378   Section        0  usbd_conf.o(.text.USBD_LL_StallEP)
    [Anonymous Symbol]                       0x08002398   Section        0  usbd_conf.o(.text.USBD_LL_Start)
    [Anonymous Symbol]                       0x080023b8   Section        0  usbd_core.o(.text.USBD_LL_Suspend)
    [Anonymous Symbol]                       0x080023cc   Section        0  usbd_conf.o(.text.USBD_LL_Transmit)
    __arm_cp.24_0                            0x080023ec   Number         4  usbd_conf.o(.text.USBD_LL_Transmit)
    [Anonymous Symbol]                       0x080023f0   Section        0  usbd_ctlreq.o(.text.USBD_ParseSetupRequest)
    [Anonymous Symbol]                       0x08002406   Section        0  usbd_core.o(.text.USBD_RegisterClass)
    [Anonymous Symbol]                       0x08002416   Section        0  usbd_core.o(.text.USBD_SetClassConfig)
    [Anonymous Symbol]                       0x0800242e   Section        0  usbd_core.o(.text.USBD_Start)
    [Anonymous Symbol]                       0x08002438   Section        0  usbd_ctlreq.o(.text.USBD_StdDevReq)
    __arm_cp.0_0                             0x08002664   Number         4  usbd_ctlreq.o(.text.USBD_StdDevReq)
    [Anonymous Symbol]                       0x08002668   Section        0  usbd_ctlreq.o(.text.USBD_StdEPReq)
    [Anonymous Symbol]                       0x0800273e   Section        0  usbd_ctlreq.o(.text.USBD_StdItfReq)
    [Anonymous Symbol]                       0x08002778   Section        0  usbd_conf.o(.text.USBD_static_free)
    [Anonymous Symbol]                       0x0800277c   Section        0  usbd_conf.o(.text.USBD_static_malloc)
    __arm_cp.28_0                            0x08002780   Number         4  usbd_conf.o(.text.USBD_static_malloc)
    [Anonymous Symbol]                       0x08002784   Section        0  stm32f1xx_ll_usb.o(.text.USB_ActivateEndpoint)
    [Anonymous Symbol]                       0x080029a2   Section        0  stm32f1xx_ll_usb.o(.text.USB_CoreInit)
    [Anonymous Symbol]                       0x080029a6   Section        0  stm32f1xx_ll_usb.o(.text.USB_DeactivateEndpoint)
    [Anonymous Symbol]                       0x08002a98   Section        0  stm32f1xx_ll_usb.o(.text.USB_DevConnect)
    [Anonymous Symbol]                       0x08002a9c   Section        0  stm32f1xx_ll_usb.o(.text.USB_DevDisconnect)
    [Anonymous Symbol]                       0x08002aa0   Section        0  stm32f1xx_ll_usb.o(.text.USB_DevInit)
    [Anonymous Symbol]                       0x08002ac4   Section        0  stm32f1xx_ll_usb.o(.text.USB_DisableGlobalInt)
    [Anonymous Symbol]                       0x08002ad6   Section        0  stm32f1xx_ll_usb.o(.text.USB_EP0_OutStart)
    [Anonymous Symbol]                       0x08002ada   Section        0  stm32f1xx_ll_usb.o(.text.USB_EPClearStall)
    [Anonymous Symbol]                       0x08002b44   Section        0  stm32f1xx_ll_usb.o(.text.USB_EPSetStall)
    __arm_cp.13_0                            0x08002b84   Number         4  stm32f1xx_ll_usb.o(.text.USB_EPSetStall)
    [Anonymous Symbol]                       0x08002b88   Section        0  stm32f1xx_ll_usb.o(.text.USB_EPStartXfer)
    __arm_cp.9_0                             0x08002cf4   Number         4  stm32f1xx_ll_usb.o(.text.USB_EPStartXfer)
    [Anonymous Symbol]                       0x08002cf8   Section        0  stm32f1xx_ll_usb.o(.text.USB_EnableGlobalInt)
    [Anonymous Symbol]                       0x08002d08   Section        0  stm32f1xx_it.o(.text.USB_LP_CAN1_RX0_IRQHandler)
    __arm_cp.7_0                             0x08002d10   Number         4  stm32f1xx_it.o(.text.USB_LP_CAN1_RX0_IRQHandler)
    [Anonymous Symbol]                       0x08002d14   Section        0  stm32f1xx_ll_usb.o(.text.USB_ReadInterrupts)
    [Anonymous Symbol]                       0x08002d1a   Section        0  stm32f1xx_ll_usb.o(.text.USB_ReadPMA)
    [Anonymous Symbol]                       0x08002d3c   Section        0  stm32f1xx_ll_usb.o(.text.USB_SetCurrentMode)
    [Anonymous Symbol]                       0x08002d40   Section        0  stm32f1xx_ll_usb.o(.text.USB_SetDevAddress)
    [Anonymous Symbol]                       0x08002d4c   Section        0  stm32f1xx_ll_usb.o(.text.USB_WritePMA)
    [Anonymous Symbol]                       0x08002d70   Section        0  stm32f1xx_it.o(.text.UsageFault_Handler)
    [Anonymous Symbol]                       0x08002d72   Section        0  main.o(.text._Error_Handler)
    [Anonymous Symbol]                       0x08002d74   Section        0  main.o(.text.main)
    [Anonymous Symbol]                       0x08002d9c   Section        0  cmsis_os.o(.text.osDelay)
    [Anonymous Symbol]                       0x08002dac   Section        0  cmsis_os.o(.text.osKernelStart)
    [Anonymous Symbol]                       0x08002db6   Section        0  cmsis_os.o(.text.osSystickHandler)
    [Anonymous Symbol]                       0x08002dca   Section        0  cmsis_os.o(.text.osThreadCreate)
    [Anonymous Symbol]                       0x08002e00   Section        0  tasks.o(.text.prvAddCurrentTaskToDelayedList)
    prvAddCurrentTaskToDelayedList           0x08002e01   Thumb Code   132  tasks.o(.text.prvAddCurrentTaskToDelayedList)
    __arm_cp.6_1                             0x08002e7c   Number         4  tasks.o(.text.prvAddCurrentTaskToDelayedList)
    [Anonymous Symbol]                       0x08002e80   Section        0  tasks.o(.text.prvDeleteTCB)
    prvDeleteTCB                             0x08002e81   Thumb Code    20  tasks.o(.text.prvDeleteTCB)
    [Anonymous Symbol]                       0x08002e94   Section        0  tasks.o(.text.prvIdleTask)
    prvIdleTask                              0x08002e95   Thumb Code   108  tasks.o(.text.prvIdleTask)
    __arm_cp.17_1                            0x08002ef4   Number         4  tasks.o(.text.prvIdleTask)
    [Anonymous Symbol]                       0x08002ef8   Section        0  heap_4.o(.text.prvInsertBlockIntoFreeList)
    prvInsertBlockIntoFreeList               0x08002ef9   Thumb Code    84  heap_4.o(.text.prvInsertBlockIntoFreeList)
    [Anonymous Symbol]                       0x08002f48   Section        0  port.o(.text.prvPortStartFirstTask)
    prvPortStartFirstTask                    0x08002f49   Thumb Code    26  port.o(.text.prvPortStartFirstTask)
    [Anonymous Symbol]                       0x08002f68   Section        0  tasks.o(.text.prvResetNextTaskUnblockTime)
    prvResetNextTaskUnblockTime              0x08002f69   Thumb Code    32  tasks.o(.text.prvResetNextTaskUnblockTime)
    __arm_cp.3_0                             0x08002f84   Number         4  tasks.o(.text.prvResetNextTaskUnblockTime)
    [Anonymous Symbol]                       0x08002f88   Section        0  port.o(.text.prvTaskExitError)
    prvTaskExitError                         0x08002f89   Thumb Code    32  port.o(.text.prvTaskExitError)
    [Anonymous Symbol]                       0x08002fa4   Section        0  heap_4.o(.text.pvPortMalloc)
    __arm_cp.0_2                             0x080030d4   Number         4  heap_4.o(.text.pvPortMalloc)
    [Anonymous Symbol]                       0x080030d8   Section        0  port.o(.text.pxPortInitialiseStack)
    __arm_cp.0_0                             0x080030f4   Number         4  port.o(.text.pxPortInitialiseStack)
    [Anonymous Symbol]                       0x080030f8   Section        0  list.o(.text.uxListRemove)
    [Anonymous Symbol]                       0x08003118   Section        0  list.o(.text.vListInitialise)
    [Anonymous Symbol]                       0x0800312e   Section        0  list.o(.text.vListInitialiseItem)
    [Anonymous Symbol]                       0x08003134   Section        0  list.o(.text.vListInsert)
    [Anonymous Symbol]                       0x0800316e   Section        0  list.o(.text.vListInsertEnd)
    [Anonymous Symbol]                       0x08003188   Section        0  port.o(.text.vPortEnterCritical)
    __arm_cp.7_1                             0x080031c4   Number         4  port.o(.text.vPortEnterCritical)
    [Anonymous Symbol]                       0x080031c8   Section        0  port.o(.text.vPortExitCritical)
    __arm_cp.8_0                             0x080031f0   Number         4  port.o(.text.vPortExitCritical)
    [Anonymous Symbol]                       0x080031f4   Section        0  heap_4.o(.text.vPortFree)
    __arm_cp.2_0                             0x08003260   Number         4  heap_4.o(.text.vPortFree)
    __arm_cp.2_1                             0x08003264   Number         4  heap_4.o(.text.vPortFree)
    [Anonymous Symbol]                       0x08003268   Section        0  port.o(.text.vPortSetupTimerInterrupt)
    __arm_cp.4_0                             0x08003280   Number         4  port.o(.text.vPortSetupTimerInterrupt)
    __arm_cp.4_1                             0x08003284   Number         4  port.o(.text.vPortSetupTimerInterrupt)
    [Anonymous Symbol]                       0x08003288   Section        0  tasks.o(.text.vTaskDelay)
    [Anonymous Symbol]                       0x080032d0   Section        0  tasks.o(.text.vTaskStartScheduler)
    __arm_cp.16_0                            0x0800332c   Number         4  tasks.o(.text.vTaskStartScheduler)
    __arm_cp.16_1                            0x08003330   Number         4  tasks.o(.text.vTaskStartScheduler)
    [Anonymous Symbol]                       0x0800333c   Section        0  tasks.o(.text.vTaskSuspendAll)
    __arm_cp.5_0                             0x08003348   Number         4  tasks.o(.text.vTaskSuspendAll)
    [Anonymous Symbol]                       0x0800334c   Section        0  tasks.o(.text.vTaskSwitchContext)
    [Anonymous Symbol]                       0x080033a4   Section        0  port.o(.text.xPortStartScheduler)
    __arm_cp.3_0                             0x08003434   Number         4  port.o(.text.xPortStartScheduler)
    __arm_cp.3_1                             0x08003438   Number         4  port.o(.text.xPortStartScheduler)
    __arm_cp.3_2                             0x0800343c   Number         4  port.o(.text.xPortStartScheduler)
    [Anonymous Symbol]                       0x08003440   Section        0  port.o(.text.xPortSysTickHandler)
    __arm_cp.10_0                            0x08003468   Number         4  port.o(.text.xPortSysTickHandler)
    [Anonymous Symbol]                       0x0800346c   Section        0  tasks.o(.text.xTaskCreate)
    __arm_cp.0_3                             0x080035d4   Number         4  tasks.o(.text.xTaskCreate)
    __arm_cp.0_4                             0x080035d8   Number         4  tasks.o(.text.xTaskCreate)
    __arm_cp.0_5                             0x080035dc   Number         4  tasks.o(.text.xTaskCreate)
    [Anonymous Symbol]                       0x080035e0   Section        0  tasks.o(.text.xTaskGetSchedulerState)
    __arm_cp.32_0                            0x080035f8   Number         4  tasks.o(.text.xTaskGetSchedulerState)
    [Anonymous Symbol]                       0x080035fc   Section        0  tasks.o(.text.xTaskIncrementTick)
    __arm_cp.19_0                            0x080036dc   Number         4  tasks.o(.text.xTaskIncrementTick)
    __arm_cp.19_1                            0x080036e0   Number         4  tasks.o(.text.xTaskIncrementTick)
    __arm_cp.19_2                            0x080036e4   Number         4  tasks.o(.text.xTaskIncrementTick)
    [Anonymous Symbol]                       0x080036e8   Section        0  tasks.o(.text.xTaskResumeAll)
    __arm_cp.7_0                             0x080037ac   Number         4  tasks.o(.text.xTaskResumeAll)
    __arm_cp.7_1                             0x080037b0   Number         4  tasks.o(.text.xTaskResumeAll)
    __arm_cp.7_2                             0x080037b4   Number         4  tasks.o(.text.xTaskResumeAll)
    __arm_cp.7_3                             0x080037b8   Number         4  tasks.o(.text.xTaskResumeAll)
    i.__scatterload_copy                     0x080037bc   Section       14  handlers.o(i.__scatterload_copy)
    i.__scatterload_null                     0x080037ca   Section        2  handlers.o(i.__scatterload_null)
    i.__scatterload_zeroinit                 0x080037cc   Section       14  handlers.o(i.__scatterload_zeroinit)
    [Anonymous Symbol]                       0x080037f4   Section        0  freertos.o(.rodata.MX_FREERTOS_Init.os_thread_def_defaultTask)
    MX_FREERTOS_Init.os_thread_def_defaultTask 0x080037f4   Data          20  freertos.o(.rodata.MX_FREERTOS_Init.os_thread_def_defaultTask)
    [Anonymous Symbol]                       0x08003808   Section        0  freertos.o(.rodata.str1.1)
    .L.str                                   0x08003808   Data          12  freertos.o(.rodata.str1.1)
    [Anonymous Symbol]                       0x08003814   Section        0  usart.o(.rodata.str1.1)
    .L.str                                   0x08003814   Data          15  usart.o(.rodata.str1.1)
    [Anonymous Symbol]                       0x20000000   Section        0  stm32f1xx_hal.o(.data..L_MergedGlobals)
    [Anonymous Symbol]                       0x20000028   Section        0  usbd_hid.o(.data.HID_MOUSE_ReportDesc)
    HID_MOUSE_ReportDesc                     0x20000028   Data          74  usbd_hid.o(.data.HID_MOUSE_ReportDesc)
    [Anonymous Symbol]                       0x200000c4   Section        0  usbd_hid.o(.data.USBD_HID_CfgDesc)
    USBD_HID_CfgDesc                         0x200000c4   Data          34  usbd_hid.o(.data.USBD_HID_CfgDesc)
    [Anonymous Symbol]                       0x200000e8   Section        0  usbd_hid.o(.data.USBD_HID_Desc)
    USBD_HID_Desc                            0x200000e8   Data           9  usbd_hid.o(.data.USBD_HID_Desc)
    [Anonymous Symbol]                       0x200000f4   Section        0  usbd_hid.o(.data.USBD_HID_DeviceQualifierDesc)
    USBD_HID_DeviceQualifierDesc             0x200000f4   Data          10  usbd_hid.o(.data.USBD_HID_DeviceQualifierDesc)
    [Anonymous Symbol]                       0x20000104   Section        0  port.o(.data.uxCriticalNesting)
    uxCriticalNesting                        0x20000104   Data           4  port.o(.data.uxCriticalNesting)
    [Anonymous Symbol]                       0x20000110   Section        0  heap_4.o(.bss..L_MergedGlobals)
    pxEnd                                    0x20000110   Data           4  heap_4.o(.bss..L_MergedGlobals)
    xFreeBytesRemaining                      0x20000114   Data           4  heap_4.o(.bss..L_MergedGlobals)
    xMinimumEverFreeBytesRemaining           0x20000118   Data           4  heap_4.o(.bss..L_MergedGlobals)
    xStart                                   0x2000011c   Data           8  heap_4.o(.bss..L_MergedGlobals)
    [Anonymous Symbol]                       0x20000124   Section        0  port.o(.bss..L_MergedGlobals)
    ucMaxSysCallPriority                     0x20000124   Data           1  port.o(.bss..L_MergedGlobals)
    ulMaxPRIGROUPValue                       0x20000128   Data           4  port.o(.bss..L_MergedGlobals)
    [Anonymous Symbol]                       0x20000130   Section        0  tasks.o(.bss..L_MergedGlobals)
    uxTopReadyPriority                       0x20000130   Data           4  tasks.o(.bss..L_MergedGlobals)
    uxTaskNumber                             0x20000134   Data           4  tasks.o(.bss..L_MergedGlobals)
    uxDeletedTasksWaitingCleanUp             0x20000138   Data           4  tasks.o(.bss..L_MergedGlobals)
    uxCurrentNumberOfTasks                   0x2000013c   Data           4  tasks.o(.bss..L_MergedGlobals)
    xSchedulerRunning                        0x20000140   Data           4  tasks.o(.bss..L_MergedGlobals)
    uxSchedulerSuspended                     0x20000144   Data           4  tasks.o(.bss..L_MergedGlobals)
    xIdleTaskHandle                          0x20000148   Data           4  tasks.o(.bss..L_MergedGlobals)
    xNextTaskUnblockTime                     0x2000014c   Data           4  tasks.o(.bss..L_MergedGlobals)
    xTickCount                               0x20000150   Data           4  tasks.o(.bss..L_MergedGlobals)
    xYieldPending                            0x20000154   Data           4  tasks.o(.bss..L_MergedGlobals)
    uxPendedTicks                            0x20000158   Data           4  tasks.o(.bss..L_MergedGlobals)
    pxDelayedTaskList                        0x2000015c   Data           4  tasks.o(.bss..L_MergedGlobals)
    pxOverflowDelayedTaskList                0x20000160   Data           4  tasks.o(.bss..L_MergedGlobals)
    xNumOfOverflows                          0x20000164   Data           4  tasks.o(.bss..L_MergedGlobals)
    xTasksWaitingTermination                 0x20000168   Data          20  tasks.o(.bss..L_MergedGlobals)
    xSuspendedTaskList                       0x2000017c   Data          20  tasks.o(.bss..L_MergedGlobals)
    xPendingReadyList                        0x20000190   Data          20  tasks.o(.bss..L_MergedGlobals)
    [Anonymous Symbol]                       0x200001b0   Section        0  tasks.o(.bss..L_MergedGlobals.1)
    xDelayedTaskList1                        0x200001b0   Data          20  tasks.o(.bss..L_MergedGlobals.1)
    xDelayedTaskList2                        0x200001c4   Data          20  tasks.o(.bss..L_MergedGlobals.1)
    [Anonymous Symbol]                       0x200001d8   Section        0  usbd_ctlreq.o(.bss.USBD_SetConfig.cfgidx)
    USBD_SetConfig.cfgidx                    0x200001d8   Data           1  usbd_ctlreq.o(.bss.USBD_SetConfig.cfgidx)
    [Anonymous Symbol]                       0x200003dc   Section        0  usbd_conf.o(.bss.USBD_static_malloc.mem)
    USBD_static_malloc.mem                   0x200003dc   Data          20  usbd_conf.o(.bss.USBD_static_malloc.mem)
    [Anonymous Symbol]                       0x20000be8   Section        0  tasks.o(.bss.pxReadyTasksLists)
    pxReadyTasksLists                        0x20000be8   Data         140  tasks.o(.bss.pxReadyTasksLists)
    [Anonymous Symbol]                       0x20000c74   Section        0  heap_4.o(.bss.ucHeap)
    ucHeap                                   0x20000c74   Data        3072  heap_4.o(.bss.ucHeap)
    [Anonymous Symbol]                       0x20001874   Section        0  heap_4.o(.bss.xBlockAllocatedBit)
    xBlockAllocatedBit                       0x20001874   Data           1  heap_4.o(.bss.xBlockAllocatedBit)
    STACK                                    0x20001878   Section     1024  startup_stm32f103xb.o(STACK)

    Global Symbols

    Symbol Name                              Value     Ov Type        Size  Object(Section)

    BuildAttributes$$THM_ISAv4$P$D$K$B$S$PE$A:L22UL41UL21$X:L11$S22US41US21$IEEE1$IW$~IW$USESV6$~STKCKD$USESV7$~SHL$OTIME$ROPI$EBA8$MICROLIB$REQ8$PRES8$EABIv2 0x00000000   Number         0  anon$$obj.o ABSOLUTE
    __cpp_initialize__aeabi_                  - Undefined Weak Reference
    __cxa_finalize                            - Undefined Weak Reference
    __decompress                              - Undefined Weak Reference
    _clock_init                               - Undefined Weak Reference
    _microlib_exit                            - Undefined Weak Reference
    __Vectors_Size                           0x000000ec   Number         0  startup_stm32f103xb.o ABSOLUTE
    __Vectors                                0x08000000   Data           4  startup_stm32f103xb.o(RESET)
    __Vectors_End                            0x080000ec   Data           0  startup_stm32f103xb.o(RESET)
    __main                                   0x080000ed   Thumb Code     0  entry.o(.ARM.Collect$$$$00000000)
    _main_stk                                0x080000ed   Thumb Code     0  entry2.o(.ARM.Collect$$$$00000001)
    _main_scatterload                        0x080000f1   Thumb Code     0  entry5.o(.ARM.Collect$$$$00000004)
    __main_after_scatterload                 0x080000f5   Thumb Code     0  entry5.o(.ARM.Collect$$$$00000004)
    _main_clock                              0x080000f5   Thumb Code     0  entry7b.o(.ARM.Collect$$$$00000008)
    _main_cpp_init                           0x080000f5   Thumb Code     0  entry8b.o(.ARM.Collect$$$$0000000A)
    _main_init                               0x080000f5   Thumb Code     0  entry9a.o(.ARM.Collect$$$$0000000B)
    __rt_final_cpp                           0x080000fd   Thumb Code     0  entry10a.o(.ARM.Collect$$$$0000000D)
    __rt_final_exit                          0x080000fd   Thumb Code     0  entry11a.o(.ARM.Collect$$$$0000000F)
    Reset_Handler                            0x08000101   Thumb Code     8  startup_stm32f103xb.o(.text)
    ADC1_2_IRQHandler                        0x0800011b   Thumb Code     0  startup_stm32f103xb.o(.text)
    CAN1_RX1_IRQHandler                      0x0800011b   Thumb Code     0  startup_stm32f103xb.o(.text)
    CAN1_SCE_IRQHandler                      0x0800011b   Thumb Code     0  startup_stm32f103xb.o(.text)
    DMA1_Channel1_IRQHandler                 0x0800011b   Thumb Code     0  startup_stm32f103xb.o(.text)
    DMA1_Channel2_IRQHandler                 0x0800011b   Thumb Code     0  startup_stm32f103xb.o(.text)
    DMA1_Channel3_IRQHandler                 0x0800011b   Thumb Code     0  startup_stm32f103xb.o(.text)
    DMA1_Channel4_IRQHandler                 0x0800011b   Thumb Code     0  startup_stm32f103xb.o(.text)
    DMA1_Channel5_IRQHandler                 0x0800011b   Thumb Code     0  startup_stm32f103xb.o(.text)
    DMA1_Channel6_IRQHandler                 0x0800011b   Thumb Code     0  startup_stm32f103xb.o(.text)
    DMA1_Channel7_IRQHandler                 0x0800011b   Thumb Code     0  startup_stm32f103xb.o(.text)
    EXTI0_IRQHandler                         0x0800011b   Thumb Code     0  startup_stm32f103xb.o(.text)
    EXTI15_10_IRQHandler                     0x0800011b   Thumb Code     0  startup_stm32f103xb.o(.text)
    EXTI1_IRQHandler                         0x0800011b   Thumb Code     0  startup_stm32f103xb.o(.text)
    EXTI2_IRQHandler                         0x0800011b   Thumb Code     0  startup_stm32f103xb.o(.text)
    EXTI3_IRQHandler                         0x0800011b   Thumb Code     0  startup_stm32f103xb.o(.text)
    EXTI4_IRQHandler                         0x0800011b   Thumb Code     0  startup_stm32f103xb.o(.text)
    EXTI9_5_IRQHandler                       0x0800011b   Thumb Code     0  startup_stm32f103xb.o(.text)
    FLASH_IRQHandler                         0x0800011b   Thumb Code     0  startup_stm32f103xb.o(.text)
    I2C1_ER_IRQHandler                       0x0800011b   Thumb Code     0  startup_stm32f103xb.o(.text)
    I2C1_EV_IRQHandler                       0x0800011b   Thumb Code     0  startup_stm32f103xb.o(.text)
    I2C2_ER_IRQHandler                       0x0800011b   Thumb Code     0  startup_stm32f103xb.o(.text)
    I2C2_EV_IRQHandler                       0x0800011b   Thumb Code     0  startup_stm32f103xb.o(.text)
    PVD_IRQHandler                           0x0800011b   Thumb Code     0  startup_stm32f103xb.o(.text)
    RCC_IRQHandler                           0x0800011b   Thumb Code     0  startup_stm32f103xb.o(.text)
    RTC_Alarm_IRQHandler                     0x0800011b   Thumb Code     0  startup_stm32f103xb.o(.text)
    RTC_IRQHandler                           0x0800011b   Thumb Code     0  startup_stm32f103xb.o(.text)
    SPI1_IRQHandler                          0x0800011b   Thumb Code     0  startup_stm32f103xb.o(.text)
    SPI2_IRQHandler                          0x0800011b   Thumb Code     0  startup_stm32f103xb.o(.text)
    TAMPER_IRQHandler                        0x0800011b   Thumb Code     0  startup_stm32f103xb.o(.text)
    TIM1_BRK_IRQHandler                      0x0800011b   Thumb Code     0  startup_stm32f103xb.o(.text)
    TIM1_CC_IRQHandler                       0x0800011b   Thumb Code     0  startup_stm32f103xb.o(.text)
    TIM1_TRG_COM_IRQHandler                  0x0800011b   Thumb Code     0  startup_stm32f103xb.o(.text)
    TIM1_UP_IRQHandler                       0x0800011b   Thumb Code     0  startup_stm32f103xb.o(.text)
    TIM2_IRQHandler                          0x0800011b   Thumb Code     0  startup_stm32f103xb.o(.text)
    TIM3_IRQHandler                          0x0800011b   Thumb Code     0  startup_stm32f103xb.o(.text)
    USART1_IRQHandler                        0x0800011b   Thumb Code     0  startup_stm32f103xb.o(.text)
    USART2_IRQHandler                        0x0800011b   Thumb Code     0  startup_stm32f103xb.o(.text)
    USART3_IRQHandler                        0x0800011b   Thumb Code     0  startup_stm32f103xb.o(.text)
    USBWakeUp_IRQHandler                     0x0800011b   Thumb Code     0  startup_stm32f103xb.o(.text)
    USB_HP_CAN1_TX_IRQHandler                0x0800011b   Thumb Code     0  startup_stm32f103xb.o(.text)
    WWDG_IRQHandler                          0x0800011b   Thumb Code     0  startup_stm32f103xb.o(.text)
    __scatterload                            0x08000125   Thumb Code    28  init.o(.text)
    __scatterload_rt2                        0x08000125   Thumb Code     0  init.o(.text)
    BusFault_Handler                         0x08000149   Thumb Code     2  stm32f1xx_it.o(.text.BusFault_Handler)
    DebugMon_Handler                         0x0800014b   Thumb Code     2  stm32f1xx_it.o(.text.DebugMon_Handler)
    HAL_GPIO_Init                            0x0800014d   Thumb Code   416  stm32f1xx_hal_gpio.o(.text.HAL_GPIO_Init)
    HAL_GPIO_WritePin                        0x080002e9   Thumb Code    10  stm32f1xx_hal_gpio.o(.text.HAL_GPIO_WritePin)
    HAL_GetTick                              0x080002f5   Thumb Code    12  stm32f1xx_hal.o(.text.HAL_GetTick)
    HAL_I2C_Init                             0x080002fd   Thumb Code   300  stm32f1xx_hal_i2c.o(.text.HAL_I2C_Init)
    HAL_I2C_MspInit                          0x08000425   Thumb Code    72  i2c.o(.text.HAL_I2C_MspInit)
    HAL_IncTick                              0x08000469   Thumb Code    16  stm32f1xx_hal.o(.text.HAL_IncTick)
    HAL_Init                                 0x08000479   Thumb Code    36  stm32f1xx_hal.o(.text.HAL_Init)
    HAL_InitTick                             0x0800049d   Thumb Code   120  stm32f1xx_hal_timebase_tim.o(.text.HAL_InitTick)
    HAL_MspInit                              0x08000515   Thumb Code   144  stm32f1xx_hal_msp.o(.text.HAL_MspInit)
    HAL_NVIC_EnableIRQ                       0x080005a5   Thumb Code    24  stm32f1xx_hal_cortex.o(.text.HAL_NVIC_EnableIRQ)
    HAL_NVIC_SetPriority                     0x080005bd   Thumb Code    72  stm32f1xx_hal_cortex.o(.text.HAL_NVIC_SetPriority)
    HAL_NVIC_SetPriorityGrouping             0x08000601   Thumb Code    32  stm32f1xx_hal_cortex.o(.text.HAL_NVIC_SetPriorityGrouping)
    HAL_PCDEx_PMAConfig                      0x08000621   Thumb Code    52  stm32f1xx_hal_pcd_ex.o(.text.HAL_PCDEx_PMAConfig)
    HAL_PCDEx_SetConnectionState             0x08000655   Thumb Code     2  usbd_conf.o(.text.HAL_PCDEx_SetConnectionState)
    HAL_PCD_DataInStageCallback              0x08000657   Thumb Code    14  usbd_conf.o(.text.HAL_PCD_DataInStageCallback)
    HAL_PCD_DataOutStageCallback             0x08000665   Thumb Code    16  usbd_conf.o(.text.HAL_PCD_DataOutStageCallback)
    HAL_PCD_EP_Close                         0x08000675   Thumb Code    70  stm32f1xx_hal_pcd.o(.text.HAL_PCD_EP_Close)
    HAL_PCD_EP_ClrStall                      0x080006bb   Thumb Code    74  stm32f1xx_hal_pcd.o(.text.HAL_PCD_EP_ClrStall)
    HAL_PCD_EP_Open                          0x08000705   Thumb Code    72  stm32f1xx_hal_pcd.o(.text.HAL_PCD_EP_Open)
    HAL_PCD_EP_Receive                       0x0800074d   Thumb Code    44  stm32f1xx_hal_pcd.o(.text.HAL_PCD_EP_Receive)
    HAL_PCD_EP_SetStall                      0x08000779   Thumb Code    88  stm32f1xx_hal_pcd.o(.text.HAL_PCD_EP_SetStall)
    HAL_PCD_EP_Transmit                      0x080007d1   Thumb Code    40  stm32f1xx_hal_pcd.o(.text.HAL_PCD_EP_Transmit)
    HAL_PCD_IRQHandler                       0x080007f9   Thumb Code  1192  stm32f1xx_hal_pcd.o(.text.HAL_PCD_IRQHandler)
    HAL_PCD_Init                             0x08000ca1   Thumb Code   206  stm32f1xx_hal_pcd.o(.text.HAL_PCD_Init)
    HAL_PCD_MspInit                          0x08000d71   Thumb Code    60  usbd_conf.o(.text.HAL_PCD_MspInit)
    HAL_PCD_ResetCallback                    0x08000dad   Thumb Code    26  usbd_conf.o(.text.HAL_PCD_ResetCallback)
    HAL_PCD_ResumeCallback                   0x08000dc7   Thumb Code     8  usbd_conf.o(.text.HAL_PCD_ResumeCallback)
    HAL_PCD_SOFCallback                      0x08000dcf   Thumb Code     8  usbd_conf.o(.text.HAL_PCD_SOFCallback)
    HAL_PCD_SetAddress                       0x08000dd7   Thumb Code    42  stm32f1xx_hal_pcd.o(.text.HAL_PCD_SetAddress)
    HAL_PCD_SetupStageCallback               0x08000e01   Thumb Code    14  usbd_conf.o(.text.HAL_PCD_SetupStageCallback)
    HAL_PCD_Start                            0x08000e0f   Thumb Code    52  stm32f1xx_hal_pcd.o(.text.HAL_PCD_Start)
    HAL_PCD_SuspendCallback                  0x08000e45   Thumb Code    32  usbd_conf.o(.text.HAL_PCD_SuspendCallback)
    HAL_RCCEx_PeriphCLKConfig                0x08000e65   Thumb Code   256  stm32f1xx_hal_rcc_ex.o(.text.HAL_RCCEx_PeriphCLKConfig)
    HAL_RCC_ClockConfig                      0x08000f61   Thumb Code   320  stm32f1xx_hal_rcc.o(.text.HAL_RCC_ClockConfig)
    HAL_RCC_GetClockConfig                   0x0800109d   Thumb Code    64  stm32f1xx_hal_rcc.o(.text.HAL_RCC_GetClockConfig)
    HAL_RCC_GetHCLKFreq                      0x080010d9   Thumb Code    12  stm32f1xx_hal_rcc.o(.text.HAL_RCC_GetHCLKFreq)
    HAL_RCC_GetPCLK1Freq                     0x080010e1   Thumb Code    32  stm32f1xx_hal_rcc.o(.text.HAL_RCC_GetPCLK1Freq)
    HAL_RCC_GetPCLK2Freq                     0x080010f5   Thumb Code    32  stm32f1xx_hal_rcc.o(.text.HAL_RCC_GetPCLK2Freq)
    HAL_RCC_GetSysClockFreq                  0x08001111   Thumb Code    88  stm32f1xx_hal_rcc.o(.text.HAL_RCC_GetSysClockFreq)
    HAL_RCC_OscConfig                        0x08001169   Thumb Code   840  stm32f1xx_hal_rcc.o(.text.HAL_RCC_OscConfig)
    HAL_SPI_Init                             0x080014b1   Thumb Code   126  stm32f1xx_hal_spi_ex.o(.text.HAL_SPI_Init)
    HAL_SPI_MspInit                          0x08001531   Thumb Code    88  spi.o(.text.HAL_SPI_MspInit)
    HAL_SYSTICK_CLKSourceConfig              0x08001585   Thumb Code    24  stm32f1xx_hal_cortex.o(.text.HAL_SYSTICK_CLKSourceConfig)
    HAL_SYSTICK_Config                       0x08001599   Thumb Code    40  stm32f1xx_hal_cortex.o(.text.HAL_SYSTICK_Config)
    HAL_TIMEx_BreakCallback                  0x080015c1   Thumb Code     2  stm32f1xx_hal_tim_ex.o(.text.HAL_TIMEx_BreakCallback)
    HAL_TIMEx_CommutationCallback            0x080015c3   Thumb Code     2  stm32f1xx_hal_tim_ex.o(.text.HAL_TIMEx_CommutationCallback)
    HAL_TIM_Base_Init                        0x080015c5   Thumb Code    52  stm32f1xx_hal_tim.o(.text.HAL_TIM_Base_Init)
    HAL_TIM_Base_MspInit                     0x080015f9   Thumb Code     2  stm32f1xx_hal_tim.o(.text.HAL_TIM_Base_MspInit)
    HAL_TIM_Base_Start_IT                    0x080015fb   Thumb Code    22  stm32f1xx_hal_tim.o(.text.HAL_TIM_Base_Start_IT)
    HAL_TIM_IC_CaptureCallback               0x08001611   Thumb Code     2  stm32f1xx_hal_tim.o(.text.HAL_TIM_IC_CaptureCallback)
    HAL_TIM_IRQHandler                       0x08001613   Thumb Code   372  stm32f1xx_hal_tim.o(.text.HAL_TIM_IRQHandler)
    HAL_TIM_OC_DelayElapsedCallback          0x08001787   Thumb Code     2  stm32f1xx_hal_tim.o(.text.HAL_TIM_OC_DelayElapsedCallback)
    HAL_TIM_PWM_PulseFinishedCallback        0x08001789   Thumb Code     2  stm32f1xx_hal_tim.o(.text.HAL_TIM_PWM_PulseFinishedCallback)
    HAL_TIM_PeriodElapsedCallback            0x0800178d   Thumb Code    20  main.o(.text.HAL_TIM_PeriodElapsedCallback)
    HAL_TIM_TriggerCallback                  0x080017a1   Thumb Code     2  stm32f1xx_hal_tim.o(.text.HAL_TIM_TriggerCallback)
    HAL_UART_Init                            0x080017a3   Thumb Code    92  stm32f1xx_hal_uart.o(.text.HAL_UART_Init)
    HAL_UART_MspInit                         0x08001801   Thumb Code   156  usart.o(.text.HAL_UART_MspInit)
    HardFault_Handler                        0x08001895   Thumb Code     2  stm32f1xx_it.o(.text.HardFault_Handler)
    MX_FREERTOS_Init                         0x08001899   Thumb Code    24  freertos.o(.text.MX_FREERTOS_Init)
    MX_GPIO_Init                             0x080018b1   Thumb Code   160  gpio.o(.text.MX_GPIO_Init)
    MX_I2C1_Init                             0x08001951   Thumb Code    80  i2c.o(.text.MX_I2C1_Init)
    MX_SPI1_Init                             0x080019a1   Thumb Code    92  spi.o(.text.MX_SPI1_Init)
    MX_USART2_UART_Init                      0x080019fd   Thumb Code    64  usart.o(.text.MX_USART2_UART_Init)
    MX_USART3_UART_Init                      0x08001a39   Thumb Code    64  usart.o(.text.MX_USART3_UART_Init)
    MX_USB_DEVICE_Init                       0x08001a79   Thumb Code    44  usb_device.o(.text.MX_USB_DEVICE_Init)
    MemManage_Handler                        0x08001aa5   Thumb Code     2  stm32f1xx_it.o(.text.MemManage_Handler)
    NMI_Handler                              0x08001aa7   Thumb Code     2  stm32f1xx_it.o(.text.NMI_Handler)
    PendSV_Handler                           0x08001ad1   Thumb Code    68  port.o(.text.PendSV_Handler)
    SVC_Handler                              0x08001b21   Thumb Code    36  port.o(.text.SVC_Handler)
    StartDefaultTask                         0x08001b45   Thumb Code    14  freertos.o(.text.StartDefaultTask)
    SysTick_Handler                          0x08001b53   Thumb Code     4  stm32f1xx_it.o(.text.SysTick_Handler)
    SystemClock_Config                       0x08001b57   Thumb Code   112  main.o(.text.SystemClock_Config)
    SystemInit                               0x08001bc9   Thumb Code    76  system_stm32f1xx.o(.text.SystemInit)
    TIM4_IRQHandler                          0x08001c15   Thumb Code    12  stm32f1xx_it.o(.text.TIM4_IRQHandler)
    TIM_Base_SetConfig                       0x08001c21   Thumb Code    92  stm32f1xx_hal_tim.o(.text.TIM_Base_SetConfig)
    USBD_ClrClassConfig                      0x08001d61   Thumb Code    14  usbd_core.o(.text.USBD_ClrClassConfig)
    USBD_CtlContinueRx                       0x08001d6f   Thumb Code    16  usbd_ioreq.o(.text.USBD_CtlContinueRx)
    USBD_CtlContinueSendData                 0x08001d7f   Thumb Code    16  usbd_ioreq.o(.text.USBD_CtlContinueSendData)
    USBD_CtlError                            0x08001d8f   Thumb Code    22  usbd_ctlreq.o(.text.USBD_CtlError)
    USBD_CtlReceiveStatus                    0x08001da5   Thumb Code    22  usbd_ioreq.o(.text.USBD_CtlReceiveStatus)
    USBD_CtlSendData                         0x08001dbb   Thumb Code    26  usbd_ioreq.o(.text.USBD_CtlSendData)
    USBD_CtlSendStatus                       0x08001dd5   Thumb Code    22  usbd_ioreq.o(.text.USBD_CtlSendStatus)
    USBD_FS_ConfigStrDescriptor              0x08001ded   Thumb Code    36  usbd_desc.o(.text.USBD_FS_ConfigStrDescriptor)
    USBD_FS_DeviceDescriptor                 0x08001e0d   Thumb Code    12  usbd_desc.o(.text.USBD_FS_DeviceDescriptor)
    USBD_FS_InterfaceStrDescriptor           0x08001e19   Thumb Code    40  usbd_desc.o(.text.USBD_FS_InterfaceStrDescriptor)
    USBD_FS_LangIDStrDescriptor              0x08001e3d   Thumb Code    12  usbd_desc.o(.text.USBD_FS_LangIDStrDescriptor)
    USBD_FS_ManufacturerStrDescriptor        0x08001e49   Thumb Code    44  usbd_desc.o(.text.USBD_FS_ManufacturerStrDescriptor)
    USBD_FS_ProductStrDescriptor             0x08001e71   Thumb Code    48  usbd_desc.o(.text.USBD_FS_ProductStrDescriptor)
    USBD_FS_SerialStrDescriptor              0x08001e9d   Thumb Code    40  usbd_desc.o(.text.USBD_FS_SerialStrDescriptor)
    USBD_GetString                           0x08001ec5   Thumb Code    92  usbd_ctlreq.o(.text.USBD_GetString)
    USBD_Init                                0x08002035   Thumb Code    48  usbd_core.o(.text.USBD_Init)
    USBD_LL_ClearStallEP                     0x08002065   Thumb Code    36  usbd_conf.o(.text.USBD_LL_ClearStallEP)
    USBD_LL_CloseEP                          0x08002085   Thumb Code    36  usbd_conf.o(.text.USBD_LL_CloseEP)
    USBD_LL_DataInStage                      0x080020a5   Thumb Code   162  usbd_core.o(.text.USBD_LL_DataInStage)
    USBD_LL_DataOutStage                     0x08002147   Thumb Code   100  usbd_core.o(.text.USBD_LL_DataOutStage)
    USBD_LL_Init                             0x080021ad   Thumb Code   132  usbd_conf.o(.text.USBD_LL_Init)
    USBD_LL_IsStallEP                        0x08002231   Thumb Code    30  usbd_conf.o(.text.USBD_LL_IsStallEP)
    USBD_LL_OpenEP                           0x08002251   Thumb Code    40  usbd_conf.o(.text.USBD_LL_OpenEP)
    USBD_LL_PrepareReceive                   0x08002275   Thumb Code    36  usbd_conf.o(.text.USBD_LL_PrepareReceive)
    USBD_LL_Reset                            0x08002295   Thumb Code    62  usbd_core.o(.text.USBD_LL_Reset)
    USBD_LL_Resume                           0x080022d3   Thumb Code    12  usbd_core.o(.text.USBD_LL_Resume)
    USBD_LL_SOF                              0x080022df   Thumb Code    28  usbd_core.o(.text.USBD_LL_SOF)
    USBD_LL_SetSpeed                         0x080022fb   Thumb Code     6  usbd_core.o(.text.USBD_LL_SetSpeed)
    USBD_LL_SetUSBAddress                    0x08002301   Thumb Code    36  usbd_conf.o(.text.USBD_LL_SetUSBAddress)
    USBD_LL_SetupStage                       0x08002321   Thumb Code    86  usbd_core.o(.text.USBD_LL_SetupStage)
    USBD_LL_StallEP                          0x08002379   Thumb Code    36  usbd_conf.o(.text.USBD_LL_StallEP)
    USBD_LL_Start                            0x08002399   Thumb Code    36  usbd_conf.o(.text.USBD_LL_Start)
    USBD_LL_Suspend                          0x080023b9   Thumb Code    18  usbd_core.o(.text.USBD_LL_Suspend)
    USBD_LL_Transmit                         0x080023cd   Thumb Code    36  usbd_conf.o(.text.USBD_LL_Transmit)
    USBD_ParseSetupRequest                   0x080023f1   Thumb Code    22  usbd_ctlreq.o(.text.USBD_ParseSetupRequest)
    USBD_RegisterClass                       0x08002407   Thumb Code    16  usbd_core.o(.text.USBD_RegisterClass)
    USBD_SetClassConfig                      0x08002417   Thumb Code    24  usbd_core.o(.text.USBD_SetClassConfig)
    USBD_Start                               0x0800242f   Thumb Code    10  usbd_core.o(.text.USBD_Start)
    USBD_StdDevReq                           0x08002439   Thumb Code   560  usbd_ctlreq.o(.text.USBD_StdDevReq)
    USBD_StdEPReq                            0x08002669   Thumb Code   214  usbd_ctlreq.o(.text.USBD_StdEPReq)
    USBD_StdItfReq                           0x0800273f   Thumb Code    58  usbd_ctlreq.o(.text.USBD_StdItfReq)
    USBD_static_free                         0x08002779   Thumb Code     2  usbd_conf.o(.text.USBD_static_free)
    USBD_static_malloc                       0x0800277d   Thumb Code     8  usbd_conf.o(.text.USBD_static_malloc)
    USB_ActivateEndpoint                     0x08002785   Thumb Code   542  stm32f1xx_ll_usb.o(.text.USB_ActivateEndpoint)
    USB_CoreInit                             0x080029a3   Thumb Code     4  stm32f1xx_ll_usb.o(.text.USB_CoreInit)
    USB_DeactivateEndpoint                   0x080029a7   Thumb Code   242  stm32f1xx_ll_usb.o(.text.USB_DeactivateEndpoint)
    USB_DevConnect                           0x08002a99   Thumb Code     4  stm32f1xx_ll_usb.o(.text.USB_DevConnect)
    USB_DevDisconnect                        0x08002a9d   Thumb Code     4  stm32f1xx_ll_usb.o(.text.USB_DevDisconnect)
    USB_DevInit                              0x08002aa1   Thumb Code    36  stm32f1xx_ll_usb.o(.text.USB_DevInit)
    USB_DisableGlobalInt                     0x08002ac5   Thumb Code    18  stm32f1xx_ll_usb.o(.text.USB_DisableGlobalInt)
    USB_EP0_OutStart                         0x08002ad7   Thumb Code     4  stm32f1xx_ll_usb.o(.text.USB_EP0_OutStart)
    USB_EPClearStall                         0x08002adb   Thumb Code   106  stm32f1xx_ll_usb.o(.text.USB_EPClearStall)
    USB_EPSetStall                           0x08002b45   Thumb Code    68  stm32f1xx_ll_usb.o(.text.USB_EPSetStall)
    USB_EPStartXfer                          0x08002b89   Thumb Code   368  stm32f1xx_ll_usb.o(.text.USB_EPStartXfer)
    USB_EnableGlobalInt                      0x08002cf9   Thumb Code    16  stm32f1xx_ll_usb.o(.text.USB_EnableGlobalInt)
    USB_LP_CAN1_RX0_IRQHandler               0x08002d09   Thumb Code    12  stm32f1xx_it.o(.text.USB_LP_CAN1_RX0_IRQHandler)
    USB_ReadInterrupts                       0x08002d15   Thumb Code     6  stm32f1xx_ll_usb.o(.text.USB_ReadInterrupts)
    USB_ReadPMA                              0x08002d1b   Thumb Code    34  stm32f1xx_ll_usb.o(.text.USB_ReadPMA)
    USB_SetCurrentMode                       0x08002d3d   Thumb Code     4  stm32f1xx_ll_usb.o(.text.USB_SetCurrentMode)
    USB_SetDevAddress                        0x08002d41   Thumb Code    12  stm32f1xx_ll_usb.o(.text.USB_SetDevAddress)
    USB_WritePMA                             0x08002d4d   Thumb Code    36  stm32f1xx_ll_usb.o(.text.USB_WritePMA)
    UsageFault_Handler                       0x08002d71   Thumb Code     2  stm32f1xx_it.o(.text.UsageFault_Handler)
    _Error_Handler                           0x08002d73   Thumb Code     2  main.o(.text._Error_Handler)
    main                                     0x08002d75   Thumb Code    40  main.o(.text.main)
    osDelay                                  0x08002d9d   Thumb Code    16  cmsis_os.o(.text.osDelay)
    osKernelStart                            0x08002dad   Thumb Code    10  cmsis_os.o(.text.osKernelStart)
    osSystickHandler                         0x08002db7   Thumb Code    20  cmsis_os.o(.text.osSystickHandler)
    osThreadCreate                           0x08002dcb   Thumb Code    54  cmsis_os.o(.text.osThreadCreate)
    pvPortMalloc                             0x08002fa5   Thumb Code   316  heap_4.o(.text.pvPortMalloc)
    pxPortInitialiseStack                    0x080030d9   Thumb Code    32  port.o(.text.pxPortInitialiseStack)
    uxListRemove                             0x080030f9   Thumb Code    32  list.o(.text.uxListRemove)
    vListInitialise                          0x08003119   Thumb Code    22  list.o(.text.vListInitialise)
    vListInitialiseItem                      0x0800312f   Thumb Code     6  list.o(.text.vListInitialiseItem)
    vListInsert                              0x08003135   Thumb Code    58  list.o(.text.vListInsert)
    vListInsertEnd                           0x0800316f   Thumb Code    24  list.o(.text.vListInsertEnd)
    vPortEnterCritical                       0x08003189   Thumb Code    68  port.o(.text.vPortEnterCritical)
    vPortExitCritical                        0x080031c9   Thumb Code    44  port.o(.text.vPortExitCritical)
    vPortFree                                0x080031f5   Thumb Code   116  heap_4.o(.text.vPortFree)
    vPortSetupTimerInterrupt                 0x08003269   Thumb Code    32  port.o(.text.vPortSetupTimerInterrupt)
    vTaskDelay                               0x08003289   Thumb Code    80  tasks.o(.text.vTaskDelay)
    vTaskStartScheduler                      0x080032d1   Thumb Code   108  tasks.o(.text.vTaskStartScheduler)
    vTaskSuspendAll                          0x0800333d   Thumb Code    16  tasks.o(.text.vTaskSuspendAll)
    vTaskSwitchContext                       0x0800334d   Thumb Code   100  tasks.o(.text.vTaskSwitchContext)
    xPortStartScheduler                      0x080033a5   Thumb Code   156  port.o(.text.xPortStartScheduler)
    xPortSysTickHandler                      0x08003441   Thumb Code    44  port.o(.text.xPortSysTickHandler)
    xTaskCreate                              0x0800346d   Thumb Code   384  tasks.o(.text.xTaskCreate)
    xTaskGetSchedulerState                   0x080035e1   Thumb Code    28  tasks.o(.text.xTaskGetSchedulerState)
    xTaskIncrementTick                       0x080035fd   Thumb Code   236  tasks.o(.text.xTaskIncrementTick)
    xTaskResumeAll                           0x080036e9   Thumb Code   212  tasks.o(.text.xTaskResumeAll)
    __scatterload_copy                       0x080037bd   Thumb Code    14  handlers.o(i.__scatterload_copy)
    __scatterload_null                       0x080037cb   Thumb Code     2  handlers.o(i.__scatterload_null)
    __scatterload_zeroinit                   0x080037cd   Thumb Code    14  handlers.o(i.__scatterload_zeroinit)
    AHBPrescTable                            0x080037da   Data          16  system_stm32f1xx.o(.rodata.AHBPrescTable)
    APBPrescTable                            0x080037ea   Data           8  system_stm32f1xx.o(.rodata.APBPrescTable)
    Region$$Table$$Base                      0x08003824   Number         0  anon$$obj.o(Region$$Table)
    Region$$Table$$Limit                     0x08003844   Number         0  anon$$obj.o(Region$$Table)
    uwTickFreq                               0x20000000   Data           1  stm32f1xx_hal.o(.data..L_MergedGlobals)
    uwTickPrio                               0x20000004   Data           4  stm32f1xx_hal.o(.data..L_MergedGlobals)
    uwTick                                   0x20000008   Data           4  stm32f1xx_hal.o(.data..L_MergedGlobals)
    FS_Desc                                  0x2000000c   Data          28  usbd_desc.o(.data.FS_Desc)
    SystemCoreClock                          0x20000074   Data           4  system_stm32f1xx.o(.data.SystemCoreClock)
    USBD_FS_DeviceDesc                       0x20000078   Data          18  usbd_desc.o(.data.USBD_FS_DeviceDesc)
    USBD_HID                                 0x2000008c   Data          56  usbd_hid.o(.data.USBD_HID)
    USBD_LangIDDesc                          0x20000100   Data           4  usbd_desc.o(.data.USBD_LangIDDesc)
    USBD_StrDesc                             0x200001dc   Data         512  usbd_desc.o(.bss.USBD_StrDesc)
    defaultTaskHandle                        0x200003f0   Data           4  freertos.o(.bss.defaultTaskHandle)
    hUsbDeviceFS                             0x200003f4   Data         548  usb_device.o(.bss.hUsbDeviceFS)
    hi2c1                                    0x20000618   Data          84  i2c.o(.bss.hi2c1)
    hpcd_USB_FS                              0x2000066c   Data        1120  usbd_conf.o(.bss.hpcd_USB_FS)
    hspi1                                    0x20000acc   Data          88  spi.o(.bss.hspi1)
    htim4                                    0x20000b24   Data          64  stm32f1xx_hal_timebase_tim.o(.bss.htim4)
    huart2                                   0x20000b64   Data          64  usart.o(.bss.huart2)
    huart3                                   0x20000ba4   Data          64  usart.o(.bss.huart3)
    pxCurrentTCB                             0x20000be4   Data           4  tasks.o(.bss.pxCurrentTCB)
    __initial_sp                             0x20001c78   Data           0  startup_stm32f103xb.o(STACK)



==============================================================================

Memory Map of the image

  Image Entry point : 0x080000ed

  Load Region LR_IROM1 (Base: 0x08000000, Size: 0x00003960, Max: 0x00010000, ABSOLUTE)

    Execution Region ER_IROM1 (Exec base: 0x08000000, Load base: 0x08000000, Size: 0x00003844, Max: 0x00010000, ABSOLUTE)

    Exec Addr    Load Addr    Size         Type   Attr      Idx    E Section Name        Object

    0x08000000   0x08000000   0x000000ec   Data   RO            3    RESET               startup_stm32f103xb.o
    0x080000ec   0x080000ec   0x00000000   Code   RO         2131  * .ARM.Collect$$$$00000000  mc_w.l(entry.o)
    0x080000ec   0x080000ec   0x00000004   Code   RO         2154    .ARM.Collect$$$$00000001  mc_w.l(entry2.o)
    0x080000f0   0x080000f0   0x00000004   Code   RO         2157    .ARM.Collect$$$$00000004  mc_w.l(entry5.o)
    0x080000f4   0x080000f4   0x00000000   Code   RO         2159    .ARM.Collect$$$$00000008  mc_w.l(entry7b.o)
    0x080000f4   0x080000f4   0x00000000   Code   RO         2161    .ARM.Collect$$$$0000000A  mc_w.l(entry8b.o)
    0x080000f4   0x080000f4   0x00000008   Code   RO         2162    .ARM.Collect$$$$0000000B  mc_w.l(entry9a.o)
    0x080000fc   0x080000fc   0x00000000   Code   RO         2164    .ARM.Collect$$$$0000000D  mc_w.l(entry10a.o)
    0x080000fc   0x080000fc   0x00000000   Code   RO         2166    .ARM.Collect$$$$0000000F  mc_w.l(entry11a.o)
    0x080000fc   0x080000fc   0x00000004   Code   RO         2155    .ARM.Collect$$$$00002712  mc_w.l(entry2.o)
    0x08000100   0x08000100   0x00000024   Code   RO            4    .text               startup_stm32f103xb.o
    0x08000124   0x08000124   0x00000024   Code   RO         2171    .text               mc_w.l(init.o)
    0x08000148   0x08000148   0x00000002   Code   RO          354    .text.BusFault_Handler  stm32f1xx_it.o
    0x0800014a   0x0800014a   0x00000002   Code   RO          358    .text.DebugMon_Handler  stm32f1xx_it.o
    0x0800014c   0x0800014c   0x0000019c   Code   RO         1370    .text.HAL_GPIO_Init  stm32f1xx_hal_gpio.o
    0x080002e8   0x080002e8   0x0000000a   Code   RO         1376    .text.HAL_GPIO_WritePin  stm32f1xx_hal_gpio.o
    0x080002f2   0x080002f2   0x00000002   PAD
    0x080002f4   0x080002f4   0x00000008   Code   RO         1268    .text.HAL_GetTick   stm32f1xx_hal.o
    0x080002fc   0x080002fc   0x00000128   Code   RO          584    .text.HAL_I2C_Init  stm32f1xx_hal_i2c.o
    0x08000424   0x08000424   0x00000044   Code   RO          175    .text.HAL_I2C_MspInit  i2c.o
    0x08000468   0x08000468   0x00000010   Code   RO         1266    .text.HAL_IncTick   stm32f1xx_hal.o
    0x08000478   0x08000478   0x00000024   Code   RO         1256    .text.HAL_Init      stm32f1xx_hal.o
    0x0800049c   0x0800049c   0x00000078   Code   RO          389    .text.HAL_InitTick  stm32f1xx_hal_timebase_tim.o
    0x08000514   0x08000514   0x00000090   Code   RO          376    .text.HAL_MspInit   stm32f1xx_hal_msp.o
    0x080005a4   0x080005a4   0x00000018   Code   RO         1440    .text.HAL_NVIC_EnableIRQ  stm32f1xx_hal_cortex.o
    0x080005bc   0x080005bc   0x00000044   Code   RO         1436    .text.HAL_NVIC_SetPriority  stm32f1xx_hal_cortex.o
    0x08000600   0x08000600   0x00000020   Code   RO         1434    .text.HAL_NVIC_SetPriorityGrouping  stm32f1xx_hal_cortex.o
    0x08000620   0x08000620   0x00000034   Code   RO          500    .text.HAL_PCDEx_PMAConfig  stm32f1xx_hal_pcd_ex.o
    0x08000654   0x08000654   0x00000002   Code   RO          304    .text.HAL_PCDEx_SetConnectionState  usbd_conf.o
    0x08000656   0x08000656   0x0000000e   Code   RO          252    .text.HAL_PCD_DataInStageCallback  usbd_conf.o
    0x08000664   0x08000664   0x00000010   Code   RO          250    .text.HAL_PCD_DataOutStageCallback  usbd_conf.o
    0x08000674   0x08000674   0x00000046   Code   RO          469    .text.HAL_PCD_EP_Close  stm32f1xx_hal_pcd.o
    0x080006ba   0x080006ba   0x0000004a   Code   RO          479    .text.HAL_PCD_EP_ClrStall  stm32f1xx_hal_pcd.o
    0x08000704   0x08000704   0x00000048   Code   RO          467    .text.HAL_PCD_EP_Open  stm32f1xx_hal_pcd.o
    0x0800074c   0x0800074c   0x0000002c   Code   RO          471    .text.HAL_PCD_EP_Receive  stm32f1xx_hal_pcd.o
    0x08000778   0x08000778   0x00000058   Code   RO          477    .text.HAL_PCD_EP_SetStall  stm32f1xx_hal_pcd.o
    0x080007d0   0x080007d0   0x00000028   Code   RO          475    .text.HAL_PCD_EP_Transmit  stm32f1xx_hal_pcd.o
    0x080007f8   0x080007f8   0x000004a8   Code   RO          437    .text.HAL_PCD_IRQHandler  stm32f1xx_hal_pcd.o
    0x08000ca0   0x08000ca0   0x000000ce   Code   RO          425    .text.HAL_PCD_Init  stm32f1xx_hal_pcd.o
    0x08000d6e   0x08000d6e   0x00000002   PAD
    0x08000d70   0x08000d70   0x0000003c   Code   RO          244    .text.HAL_PCD_MspInit  usbd_conf.o
    0x08000dac   0x08000dac   0x0000001a   Code   RO          256    .text.HAL_PCD_ResetCallback  usbd_conf.o
    0x08000dc6   0x08000dc6   0x00000008   Code   RO          260    .text.HAL_PCD_ResumeCallback  usbd_conf.o
    0x08000dce   0x08000dce   0x00000008   Code   RO          254    .text.HAL_PCD_SOFCallback  usbd_conf.o
    0x08000dd6   0x08000dd6   0x0000002a   Code   RO          441    .text.HAL_PCD_SetAddress  stm32f1xx_hal_pcd.o
    0x08000e00   0x08000e00   0x0000000e   Code   RO          248    .text.HAL_PCD_SetupStageCallback  usbd_conf.o
    0x08000e0e   0x08000e0e   0x00000034   Code   RO          435    .text.HAL_PCD_Start  stm32f1xx_hal_pcd.o
    0x08000e42   0x08000e42   0x00000002   PAD
    0x08000e44   0x08000e44   0x00000020   Code   RO          258    .text.HAL_PCD_SuspendCallback  usbd_conf.o
    0x08000e64   0x08000e64   0x000000fc   Code   RO         1353    .text.HAL_RCCEx_PeriphCLKConfig  stm32f1xx_hal_rcc_ex.o
    0x08000f60   0x08000f60   0x0000013c   Code   RO         1318    .text.HAL_RCC_ClockConfig  stm32f1xx_hal_rcc.o
    0x0800109c   0x0800109c   0x0000003c   Code   RO         1336    .text.HAL_RCC_GetClockConfig  stm32f1xx_hal_rcc.o
    0x080010d8   0x080010d8   0x00000008   Code   RO         1328    .text.HAL_RCC_GetHCLKFreq  stm32f1xx_hal_rcc.o
    0x080010e0   0x080010e0   0x00000014   Code   RO         1330    .text.HAL_RCC_GetPCLK1Freq  stm32f1xx_hal_rcc.o
    0x080010f4   0x080010f4   0x0000001c   Code   RO         1332    .text.HAL_RCC_GetPCLK2Freq  stm32f1xx_hal_rcc.o
    0x08001110   0x08001110   0x00000058   Code   RO         1320    .text.HAL_RCC_GetSysClockFreq  stm32f1xx_hal_rcc.o
    0x08001168   0x08001168   0x00000348   Code   RO         1316    .text.HAL_RCC_OscConfig  stm32f1xx_hal_rcc.o
    0x080014b0   0x080014b0   0x0000007e   Code   RO          830    .text.HAL_SPI_Init  stm32f1xx_hal_spi_ex.o
    0x0800152e   0x0800152e   0x00000002   PAD
    0x08001530   0x08001530   0x00000054   Code   RO          193    .text.HAL_SPI_MspInit  spi.o
    0x08001584   0x08001584   0x00000014   Code   RO         1462    .text.HAL_SYSTICK_CLKSourceConfig  stm32f1xx_hal_cortex.o
    0x08001598   0x08001598   0x00000028   Code   RO         1448    .text.HAL_SYSTICK_Config  stm32f1xx_hal_cortex.o
    0x080015c0   0x080015c0   0x00000002   Code   RO         1126    .text.HAL_TIMEx_BreakCallback  stm32f1xx_hal_tim_ex.o
    0x080015c2   0x080015c2   0x00000002   Code   RO         1124    .text.HAL_TIMEx_CommutationCallback  stm32f1xx_hal_tim_ex.o
    0x080015c4   0x080015c4   0x00000034   Code   RO          843    .text.HAL_TIM_Base_Init  stm32f1xx_hal_tim.o
    0x080015f8   0x080015f8   0x00000002   Code   RO          845    .text.HAL_TIM_Base_MspInit  stm32f1xx_hal_tim.o
    0x080015fa   0x080015fa   0x00000016   Code   RO          857    .text.HAL_TIM_Base_Start_IT  stm32f1xx_hal_tim.o
    0x08001610   0x08001610   0x00000002   Code   RO          973    .text.HAL_TIM_IC_CaptureCallback  stm32f1xx_hal_tim.o
    0x08001612   0x08001612   0x00000174   Code   RO          971    .text.HAL_TIM_IRQHandler  stm32f1xx_hal_tim.o
    0x08001786   0x08001786   0x00000002   Code   RO          975    .text.HAL_TIM_OC_DelayElapsedCallback  stm32f1xx_hal_tim.o
    0x08001788   0x08001788   0x00000002   Code   RO          977    .text.HAL_TIM_PWM_PulseFinishedCallback  stm32f1xx_hal_tim.o
    0x0800178a   0x0800178a   0x00000002   PAD
    0x0800178c   0x0800178c   0x00000014   Code   RO          128    .text.HAL_TIM_PeriodElapsedCallback  main.o
    0x080017a0   0x080017a0   0x00000002   Code   RO          981    .text.HAL_TIM_TriggerCallback  stm32f1xx_hal_tim.o
    0x080017a2   0x080017a2   0x0000005c   Code   RO         1141    .text.HAL_UART_Init  stm32f1xx_hal_uart.o
    0x080017fe   0x080017fe   0x00000002   PAD
    0x08001800   0x08001800   0x00000094   Code   RO          213    .text.HAL_UART_MspInit  usart.o
    0x08001894   0x08001894   0x00000002   Code   RO          350    .text.HardFault_Handler  stm32f1xx_it.o
    0x08001896   0x08001896   0x00000002   PAD
    0x08001898   0x08001898   0x00000018   Code   RO          155    .text.MX_FREERTOS_Init  freertos.o
    0x080018b0   0x080018b0   0x000000a0   Code   RO          142    .text.MX_GPIO_Init  gpio.o
    0x08001950   0x08001950   0x00000050   Code   RO          173    .text.MX_I2C1_Init  i2c.o
    0x080019a0   0x080019a0   0x0000005c   Code   RO          191    .text.MX_SPI1_Init  spi.o
    0x080019fc   0x080019fc   0x0000003c   Code   RO          209    .text.MX_USART2_UART_Init  usart.o
    0x08001a38   0x08001a38   0x00000040   Code   RO          211    .text.MX_USART3_UART_Init  usart.o
    0x08001a78   0x08001a78   0x0000002c   Code   RO          231    .text.MX_USB_DEVICE_Init  usb_device.o
    0x08001aa4   0x08001aa4   0x00000002   Code   RO          352    .text.MemManage_Handler  stm32f1xx_it.o
    0x08001aa6   0x08001aa6   0x00000002   Code   RO          348    .text.NMI_Handler   stm32f1xx_it.o
    0x08001aa8   0x08001aa8   0x00000024   Code   RO         1438    .text.NVIC_SetPriority  stm32f1xx_hal_cortex.o
    0x08001acc   0x08001acc   0x00000004   PAD
    0x08001ad0   0x08001ad0   0x00000044   Code   RO         1655    .text.PendSV_Handler  port.o
    0x08001b14   0x08001b14   0x0000000c   PAD
    0x08001b20   0x08001b20   0x00000024   Code   RO         1641    .text.SVC_Handler   port.o
    0x08001b44   0x08001b44   0x0000000e   Code   RO          157    .text.StartDefaultTask  freertos.o
    0x08001b52   0x08001b52   0x00000004   Code   RO          360    .text.SysTick_Handler  stm32f1xx_it.o
    0x08001b56   0x08001b56   0x00000070   Code   RO          124    .text.SystemClock_Config  main.o
    0x08001bc6   0x08001bc6   0x00000002   PAD
    0x08001bc8   0x08001bc8   0x0000004c   Code   RO         1593    .text.SystemInit    system_stm32f1xx.o
    0x08001c14   0x08001c14   0x0000000c   Code   RO          364    .text.TIM4_IRQHandler  stm32f1xx_it.o
    0x08001c20   0x08001c20   0x0000005c   Code   RO          847    .text.TIM_Base_SetConfig  stm32f1xx_hal_tim.o
    0x08001c7c   0x08001c7c   0x000000e4   Code   RO         1145    .text.UART_SetConfig  stm32f1xx_hal_uart.o
    0x08001d60   0x08001d60   0x0000000e   Code   RO         2014    .text.USBD_ClrClassConfig  usbd_core.o
    0x08001d6e   0x08001d6e   0x00000010   Code   RO         2081    .text.USBD_CtlContinueRx  usbd_ioreq.o
    0x08001d7e   0x08001d7e   0x00000010   Code   RO         2077    .text.USBD_CtlContinueSendData  usbd_ioreq.o
    0x08001d8e   0x08001d8e   0x00000016   Code   RO         2053    .text.USBD_CtlError  usbd_ctlreq.o
    0x08001da4   0x08001da4   0x00000016   Code   RO         2085    .text.USBD_CtlReceiveStatus  usbd_ioreq.o
    0x08001dba   0x08001dba   0x0000001a   Code   RO         2075    .text.USBD_CtlSendData  usbd_ioreq.o
    0x08001dd4   0x08001dd4   0x00000016   Code   RO         2083    .text.USBD_CtlSendStatus  usbd_ioreq.o
    0x08001dea   0x08001dea   0x00000002   PAD
    0x08001dec   0x08001dec   0x00000020   Code   RO          329    .text.USBD_FS_ConfigStrDescriptor  usbd_desc.o
    0x08001e0c   0x08001e0c   0x0000000c   Code   RO          319    .text.USBD_FS_DeviceDescriptor  usbd_desc.o
    0x08001e18   0x08001e18   0x00000024   Code   RO          331    .text.USBD_FS_InterfaceStrDescriptor  usbd_desc.o
    0x08001e3c   0x08001e3c   0x0000000c   Code   RO          321    .text.USBD_FS_LangIDStrDescriptor  usbd_desc.o
    0x08001e48   0x08001e48   0x00000028   Code   RO          323    .text.USBD_FS_ManufacturerStrDescriptor  usbd_desc.o
    0x08001e70   0x08001e70   0x0000002c   Code   RO          325    .text.USBD_FS_ProductStrDescriptor  usbd_desc.o
    0x08001e9c   0x08001e9c   0x00000028   Code   RO          327    .text.USBD_FS_SerialStrDescriptor  usbd_desc.o
    0x08001ec4   0x08001ec4   0x0000005c   Code   RO         2061    .text.USBD_GetString  usbd_ctlreq.o
    0x08001f20   0x08001f20   0x0000000c   Code   RO         2106    .text.USBD_HID_DataIn  usbd_hid.o
    0x08001f2c   0x08001f2c   0x0000001e   Code   RO         2102    .text.USBD_HID_DeInit  usbd_hid.o
    0x08001f4a   0x08001f4a   0x00000002   PAD
    0x08001f4c   0x08001f4c   0x0000000c   Code   RO         2108    .text.USBD_HID_GetCfgDesc  usbd_hid.o
    0x08001f58   0x08001f58   0x0000000c   Code   RO         2110    .text.USBD_HID_GetDeviceQualifierDesc  usbd_hid.o
    0x08001f64   0x08001f64   0x00000026   Code   RO         2100    .text.USBD_HID_Init  usbd_hid.o
    0x08001f8a   0x08001f8a   0x00000002   PAD
    0x08001f8c   0x08001f8c   0x000000a8   Code   RO         2104    .text.USBD_HID_Setup  usbd_hid.o
    0x08002034   0x08002034   0x00000030   Code   RO         2000    .text.USBD_Init     usbd_core.o
    0x08002064   0x08002064   0x00000020   Code   RO          286    .text.USBD_LL_ClearStallEP  usbd_conf.o
    0x08002084   0x08002084   0x00000020   Code   RO          280    .text.USBD_LL_CloseEP  usbd_conf.o
    0x080020a4   0x080020a4   0x000000a2   Code   RO         2020    .text.USBD_LL_DataInStage  usbd_core.o
    0x08002146   0x08002146   0x00000064   Code   RO         2018    .text.USBD_LL_DataOutStage  usbd_core.o
    0x080021aa   0x080021aa   0x00000002   PAD
    0x080021ac   0x080021ac   0x00000084   Code   RO          270    .text.USBD_LL_Init  usbd_conf.o
    0x08002230   0x08002230   0x0000001e   Code   RO          288    .text.USBD_LL_IsStallEP  usbd_conf.o
    0x0800224e   0x0800224e   0x00000002   PAD
    0x08002250   0x08002250   0x00000024   Code   RO          278    .text.USBD_LL_OpenEP  usbd_conf.o
    0x08002274   0x08002274   0x00000020   Code   RO          294    .text.USBD_LL_PrepareReceive  usbd_conf.o
    0x08002294   0x08002294   0x0000003e   Code   RO         2022    .text.USBD_LL_Reset  usbd_core.o
    0x080022d2   0x080022d2   0x0000000c   Code   RO         2028    .text.USBD_LL_Resume  usbd_core.o
    0x080022de   0x080022de   0x0000001c   Code   RO         2030    .text.USBD_LL_SOF   usbd_core.o
    0x080022fa   0x080022fa   0x00000006   Code   RO         2024    .text.USBD_LL_SetSpeed  usbd_core.o
    0x08002300   0x08002300   0x00000020   Code   RO          290    .text.USBD_LL_SetUSBAddress  usbd_conf.o
    0x08002320   0x08002320   0x00000056   Code   RO         2016    .text.USBD_LL_SetupStage  usbd_core.o
    0x08002376   0x08002376   0x00000002   PAD
    0x08002378   0x08002378   0x00000020   Code   RO          284    .text.USBD_LL_StallEP  usbd_conf.o
    0x08002398   0x08002398   0x00000020   Code   RO          274    .text.USBD_LL_Start  usbd_conf.o
    0x080023b8   0x080023b8   0x00000012   Code   RO         2026    .text.USBD_LL_Suspend  usbd_core.o
    0x080023ca   0x080023ca   0x00000002   PAD
    0x080023cc   0x080023cc   0x00000024   Code   RO          292    .text.USBD_LL_Transmit  usbd_conf.o
    0x080023f0   0x080023f0   0x00000016   Code   RO         2059    .text.USBD_ParseSetupRequest  usbd_ctlreq.o
    0x08002406   0x08002406   0x00000010   Code   RO         2004    .text.USBD_RegisterClass  usbd_core.o
    0x08002416   0x08002416   0x00000018   Code   RO         2012    .text.USBD_SetClassConfig  usbd_core.o
    0x0800242e   0x0800242e   0x0000000a   Code   RO         2006    .text.USBD_Start    usbd_core.o
    0x08002438   0x08002438   0x00000230   Code   RO         2051    .text.USBD_StdDevReq  usbd_ctlreq.o
    0x08002668   0x08002668   0x000000d6   Code   RO         2057    .text.USBD_StdEPReq  usbd_ctlreq.o
    0x0800273e   0x0800273e   0x0000003a   Code   RO         2055    .text.USBD_StdItfReq  usbd_ctlreq.o
    0x08002778   0x08002778   0x00000002   Code   RO          302    .text.USBD_static_free  usbd_conf.o
    0x0800277a   0x0800277a   0x00000002   PAD
    0x0800277c   0x0800277c   0x00000008   Code   RO          300    .text.USBD_static_malloc  usbd_conf.o
    0x08002784   0x08002784   0x0000021e   Code   RO          529    .text.USB_ActivateEndpoint  stm32f1xx_ll_usb.o
    0x080029a2   0x080029a2   0x00000004   Code   RO          515    .text.USB_CoreInit  stm32f1xx_ll_usb.o
    0x080029a6   0x080029a6   0x000000f2   Code   RO          531    .text.USB_DeactivateEndpoint  stm32f1xx_ll_usb.o
    0x08002a98   0x08002a98   0x00000004   Code   RO          549    .text.USB_DevConnect  stm32f1xx_ll_usb.o
    0x08002a9c   0x08002a9c   0x00000004   Code   RO          551    .text.USB_DevDisconnect  stm32f1xx_ll_usb.o
    0x08002aa0   0x08002aa0   0x00000024   Code   RO          523    .text.USB_DevInit   stm32f1xx_ll_usb.o
    0x08002ac4   0x08002ac4   0x00000012   Code   RO          519    .text.USB_DisableGlobalInt  stm32f1xx_ll_usb.o
    0x08002ad6   0x08002ad6   0x00000004   Code   RO          565    .text.USB_EP0_OutStart  stm32f1xx_ll_usb.o
    0x08002ada   0x08002ada   0x0000006a   Code   RO          543    .text.USB_EPClearStall  stm32f1xx_ll_usb.o
    0x08002b44   0x08002b44   0x00000044   Code   RO          541    .text.USB_EPSetStall  stm32f1xx_ll_usb.o
    0x08002b88   0x08002b88   0x00000170   Code   RO          533    .text.USB_EPStartXfer  stm32f1xx_ll_usb.o
    0x08002cf8   0x08002cf8   0x00000010   Code   RO          517    .text.USB_EnableGlobalInt  stm32f1xx_ll_usb.o
    0x08002d08   0x08002d08   0x0000000c   Code   RO          362    .text.USB_LP_CAN1_RX0_IRQHandler  stm32f1xx_it.o
    0x08002d14   0x08002d14   0x00000006   Code   RO          553    .text.USB_ReadInterrupts  stm32f1xx_ll_usb.o
    0x08002d1a   0x08002d1a   0x00000022   Code   RO          571    .text.USB_ReadPMA   stm32f1xx_ll_usb.o
    0x08002d3c   0x08002d3c   0x00000004   Code   RO          521    .text.USB_SetCurrentMode  stm32f1xx_ll_usb.o
    0x08002d40   0x08002d40   0x0000000c   Code   RO          547    .text.USB_SetDevAddress  stm32f1xx_ll_usb.o
    0x08002d4c   0x08002d4c   0x00000024   Code   RO          535    .text.USB_WritePMA  stm32f1xx_ll_usb.o
    0x08002d70   0x08002d70   0x00000002   Code   RO          356    .text.UsageFault_Handler  stm32f1xx_it.o
    0x08002d72   0x08002d72   0x00000002   Code   RO          126    .text._Error_Handler  main.o
    0x08002d74   0x08002d74   0x00000028   Code   RO          122    .text.main          main.o
    0x08002d9c   0x08002d9c   0x00000010   Code   RO         1901    .text.osDelay       cmsis_os.o
    0x08002dac   0x08002dac   0x0000000a   Code   RO         1883    .text.osKernelStart  cmsis_os.o
    0x08002db6   0x08002db6   0x00000014   Code   RO         1957    .text.osSystickHandler  cmsis_os.o
    0x08002dca   0x08002dca   0x00000036   Code   RO         1889    .text.osThreadCreate  cmsis_os.o
    0x08002e00   0x08002e00   0x00000080   Code   RO         1793    .text.prvAddCurrentTaskToDelayedList  tasks.o
    0x08002e80   0x08002e80   0x00000014   Code   RO         1785    .text.prvDeleteTCB  tasks.o
    0x08002e94   0x08002e94   0x00000064   Code   RO         1815    .text.prvIdleTask   tasks.o
    0x08002ef8   0x08002ef8   0x00000050   Code   RO         1613    .text.prvInsertBlockIntoFreeList  heap_4.o
    0x08002f48   0x08002f48   0x00000020   Code   RO         1647    .text.prvPortStartFirstTask  port.o
    0x08002f68   0x08002f68   0x00000020   Code   RO         1787    .text.prvResetNextTaskUnblockTime  tasks.o
    0x08002f88   0x08002f88   0x0000001c   Code   RO         1639    .text.prvTaskExitError  port.o
    0x08002fa4   0x08002fa4   0x00000134   Code   RO         1611    .text.pvPortMalloc  heap_4.o
    0x080030d8   0x080030d8   0x00000020   Code   RO         1637    .text.pxPortInitialiseStack  port.o
    0x080030f8   0x080030f8   0x00000020   Code   RO         1712    .text.uxListRemove  list.o
    0x08003118   0x08003118   0x00000016   Code   RO         1704    .text.vListInitialise  list.o
    0x0800312e   0x0800312e   0x00000006   Code   RO         1706    .text.vListInitialiseItem  list.o
    0x08003134   0x08003134   0x0000003a   Code   RO         1710    .text.vListInsert   list.o
    0x0800316e   0x0800316e   0x00000018   Code   RO         1708    .text.vListInsertEnd  list.o
    0x08003186   0x08003186   0x00000002   PAD
    0x08003188   0x08003188   0x00000040   Code   RO         1651    .text.vPortEnterCritical  port.o
    0x080031c8   0x080031c8   0x0000002c   Code   RO         1653    .text.vPortExitCritical  port.o
    0x080031f4   0x080031f4   0x00000074   Code   RO         1615    .text.vPortFree     heap_4.o
    0x08003268   0x08003268   0x00000020   Code   RO         1645    .text.vPortSetupTimerInterrupt  port.o
    0x08003288   0x08003288   0x00000048   Code   RO         1789    .text.vTaskDelay    tasks.o
    0x080032d0   0x080032d0   0x0000006c   Code   RO         1813    .text.vTaskStartScheduler  tasks.o
    0x0800333c   0x0800333c   0x00000010   Code   RO         1791    .text.vTaskSuspendAll  tasks.o
    0x0800334c   0x0800334c   0x00000058   Code   RO         1805    .text.vTaskSwitchContext  tasks.o
    0x080033a4   0x080033a4   0x0000009c   Code   RO         1643    .text.xPortStartScheduler  port.o
    0x08003440   0x08003440   0x0000002c   Code   RO         1657    .text.xPortSysTickHandler  port.o
    0x0800346c   0x0800346c   0x00000174   Code   RO         1781    .text.xTaskCreate   tasks.o
    0x080035e0   0x080035e0   0x0000001c   Code   RO         1845    .text.xTaskGetSchedulerState  tasks.o
    0x080035fc   0x080035fc   0x000000ec   Code   RO         1819    .text.xTaskIncrementTick  tasks.o
    0x080036e8   0x080036e8   0x000000d4   Code   RO         1795    .text.xTaskResumeAll  tasks.o
    0x080037bc   0x080037bc   0x0000000e   Code   RO         2175    i.__scatterload_copy  mc_w.l(handlers.o)
    0x080037ca   0x080037ca   0x00000002   Code   RO         2176    i.__scatterload_null  mc_w.l(handlers.o)
    0x080037cc   0x080037cc   0x0000000e   Code   RO         2177    i.__scatterload_zeroinit  mc_w.l(handlers.o)
    0x080037da   0x080037da   0x00000010   Data   RO         1598    .rodata.AHBPrescTable  system_stm32f1xx.o
    0x080037ea   0x080037ea   0x00000008   Data   RO         1599    .rodata.APBPrescTable  system_stm32f1xx.o
    0x080037f2   0x080037f2   0x00000002   PAD
    0x080037f4   0x080037f4   0x00000014   Data   RO          159    .rodata.MX_FREERTOS_Init.os_thread_def_defaultTask  freertos.o
    0x08003808   0x08003808   0x0000000c   Data   RO          160    .rodata.str1.1      freertos.o
    0x08003814   0x08003814   0x0000000f   Data   RO          218    .rodata.str1.1      usart.o
    0x08003823   0x08003823   0x00000001   PAD
    0x08003824   0x08003824   0x00000020   Data   RO         2173    Region$$Table       anon$$obj.o


    Execution Region RW_IRAM1 (Exec base: 0x20000000, Load base: 0x08003850, Size: 0x00001c78, Max: 0x00005000, ABSOLUTE)

    Exec Addr    Load Addr    Size         Type   Attr      Idx    E Section Name        Object

    0x20000000   0x08003850   0x0000000c   Data   RW         1302    .data..L_MergedGlobals  stm32f1xx_hal.o
    0x2000000c   0x0800385c   0x0000001c   Data   RW          333    .data.FS_Desc       usbd_desc.o
    0x20000028   0x08003878   0x0000004a   Data   RW         2117    .data.HID_MOUSE_ReportDesc  usbd_hid.o
    0x20000072   0x080038c2   0x00000002   PAD
    0x20000074   0x080038c4   0x00000004   Data   RW         1597    .data.SystemCoreClock  system_stm32f1xx.o
    0x20000078   0x080038c8   0x00000012   Data   RW          334    .data.USBD_FS_DeviceDesc  usbd_desc.o
    0x2000008a   0x080038da   0x00000002   PAD
    0x2000008c   0x080038dc   0x00000038   Data   RW         2116    .data.USBD_HID      usbd_hid.o
    0x200000c4   0x08003914   0x00000022   Data   RW         2119    .data.USBD_HID_CfgDesc  usbd_hid.o
    0x200000e6   0x08003936   0x00000002   PAD
    0x200000e8   0x08003938   0x00000009   Data   RW         2118    .data.USBD_HID_Desc  usbd_hid.o
    0x200000f1   0x08003941   0x00000003   PAD
    0x200000f4   0x08003944   0x0000000a   Data   RW         2120    .data.USBD_HID_DeviceQualifierDesc  usbd_hid.o
    0x200000fe   0x0800394e   0x00000002   PAD
    0x20000100   0x08003950   0x00000004   Data   RW          335    .data.USBD_LangIDDesc  usbd_desc.o
    0x20000104   0x08003954   0x00000004   Data   RW         1661    .data.uxCriticalNesting  port.o
    0x20000108   0x08003958   0x00000008   PAD
    0x20000110        -       0x00000014   Zero   RW         1625    .bss..L_MergedGlobals  heap_4.o
    0x20000124        -       0x00000008   Zero   RW         1662    .bss..L_MergedGlobals  port.o
    0x2000012c   0x08003958   0x00000004   PAD
    0x20000130        -       0x00000074   Zero   RW         1869    .bss..L_MergedGlobals  tasks.o
    0x200001a4   0x08003958   0x0000000c   PAD
    0x200001b0        -       0x00000028   Zero   RW         1870    .bss..L_MergedGlobals.1  tasks.o
    0x200001d8        -       0x00000001   Zero   RW         2063    .bss.USBD_SetConfig.cfgidx  usbd_ctlreq.o
    0x200001d9   0x08003958   0x00000003   PAD
    0x200001dc        -       0x00000200   Zero   RW          336    .bss.USBD_StrDesc   usbd_desc.o
    0x200003dc        -       0x00000014   Zero   RW          307    .bss.USBD_static_malloc.mem  usbd_conf.o
    0x200003f0        -       0x00000004   Zero   RW          161    .bss.defaultTaskHandle  freertos.o
    0x200003f4        -       0x00000224   Zero   RW          233    .bss.hUsbDeviceFS   usb_device.o
    0x20000618        -       0x00000054   Zero   RW          179    .bss.hi2c1          i2c.o
    0x2000066c        -       0x00000460   Zero   RW          306    .bss.hpcd_USB_FS    usbd_conf.o
    0x20000acc        -       0x00000058   Zero   RW          197    .bss.hspi1          spi.o
    0x20000b24        -       0x00000040   Zero   RW          396    .bss.htim4          stm32f1xx_hal_timebase_tim.o
    0x20000b64        -       0x00000040   Zero   RW          217    .bss.huart2         usart.o
    0x20000ba4        -       0x00000040   Zero   RW          219    .bss.huart3         usart.o
    0x20000be4        -       0x00000004   Zero   RW         1867    .bss.pxCurrentTCB   tasks.o
    0x20000be8        -       0x0000008c   Zero   RW         1868    .bss.pxReadyTasksLists  tasks.o
    0x20000c74        -       0x00000c00   Zero   RW         1624    .bss.ucHeap         heap_4.o
    0x20001874        -       0x00000001   Zero   RW         1623    .bss.xBlockAllocatedBit  heap_4.o
    0x20001875   0x08003958   0x00000003   PAD
    0x20001878        -       0x00000400   Zero   RW            1    STACK               startup_stm32f103xb.o


==============================================================================

Image component sizes


      Code (inc. data)   RO Data    RW Data    ZI Data      Debug   Object Name

       100          0          0          0          0      18456   cmsis_os.o
        38          8         32          0          4       1794   freertos.o
       160         12          0          0          0       1840   gpio.o
       504         12          0          0       3093       4154   heap_4.o
       148         32          0          0         84       4782   i2c.o
       142          0          0          0          0       2421   list.o
       174          4          0          0          0       6102   main.o
       536         48          0          4          8       4397   port.o
       176         28          0          0         88       4582   spi.o
        36          8        236          0       1024        788   startup_stm32f103xb.o
        60          8          0         12          0       6338   stm32f1xx_hal.o
       220         28          0          0          0       8743   stm32f1xx_hal_cortex.o
       422         52          0          0          0       4876   stm32f1xx_hal_gpio.o
       296         16          0          0          0      34342   stm32f1xx_hal_i2c.o
       144         12          0          0          0       2434   stm32f1xx_hal_msp.o
      1880          0          0          0          0      10991   stm32f1xx_hal_pcd.o
        52          0          0          0          0       3605   stm32f1xx_hal_pcd_ex.o
      1360         72          0          0          0       7636   stm32f1xx_hal_rcc.o
       252          8          0          0          0       3682   stm32f1xx_hal_rcc_ex.o
       126          0          0          0          0       3630   stm32f1xx_hal_spi_ex.o
       548         12          0          0          0      36138   stm32f1xx_hal_tim.o
         4          0          0          0          0      14824   stm32f1xx_hal_tim_ex.o
       120         16          0          0         64       5817   stm32f1xx_hal_timebase_tim.o
       320         12          0          0          0      16921   stm32f1xx_hal_uart.o
        40          8          0          0          0       1273   stm32f1xx_it.o
      1504         12          0          0          0       9109   stm32f1xx_ll_usb.o
        76         16         24          4          0       2300   system_stm32f1xx.o
      1412         76          0          0        300      22311   tasks.o
       272         28         15          0        128       4747   usart.o
        44         12          0          0        548       3025   usb_device.o
       616         52          0          0       1140      14022   usbd_conf.o
       586          0          0          0          0       7228   usbd_core.o
       968         28          0          0          1       7073   usbd_ctlreq.o
       216        100          0         50        512       3143   usbd_desc.o
       272         26          0        183          0       5964   usbd_hid.o
       102          0          0          0          0       4620   usbd_ioreq.o

    ----------------------------------------------------------------------
     13976        762        342        264       7024     294108   Object Totals
         0          0         32          0          0          0   (incl. Generated)
        50         16          3         11         30          0   (incl. Padding)

    ----------------------------------------------------------------------

      Code (inc. data)   RO Data    RW Data    ZI Data      Debug   Library Member Name

         0          0          0          0          0          0   entry.o
         0          0          0          0          0          0   entry10a.o
         0          0          0          0          0          0   entry11a.o
         8          4          0          0          0          0   entry2.o
         4          0          0          0          0          0   entry5.o
         0          0          0          0          0          0   entry7b.o
         0          0          0          0          0          0   entry8b.o
         8          4          0          0          0          0   entry9a.o
        30          0          0          0          0          0   handlers.o
        36          8          0          0          0         68   init.o

    ----------------------------------------------------------------------
        86         16          0          0          0         68   Library Totals
         0          0          0          0          0          0   (incl. Padding)

    ----------------------------------------------------------------------

      Code (inc. data)   RO Data    RW Data    ZI Data      Debug   Library Name

        86         16          0          0          0         68   mc_w.l

    ----------------------------------------------------------------------
        86         16          0          0          0         68   Library Totals

    ----------------------------------------------------------------------

==============================================================================


      Code (inc. data)   RO Data    RW Data    ZI Data      Debug   

     14062        778        342        264       7024     293784   Grand Totals
     14062        778        342        264       7024     293784   ELF Image Totals
     14062        778        342        264          0          0   ROM Totals

==============================================================================

    Total RO  Size (Code + RO Data)                14404 (  14.07kB)
    Total RW  Size (RW Data + ZI Data)              7288 (   7.12kB)
    Total ROM Size (Code + RO Data + RW Data)      14668 (  14.32kB)

==============================================================================

